[2026-01-22 18:04:50] INFO: [PIPELINE] args: office=H state=CA district=22
[2026-01-22 18:04:50] INFO: [PIPELINE] WINPROB_DIR resolved to: /home/ubuntu/apps/election-app/win_prob/H/CA/22
[2026-01-22 18:04:50] INFO: [PIPELINE] OUTDIR set to: /home/ubuntu/apps/election-app/win_prob/H/CA/22

$ /home/ubuntu/.venv/bin/python3 /home/ubuntu/apps/election-app/stats/1-statewide.py --input /home/ubuntu/apps/election-app/win_prob/H/CA/22/stats.csv --output /home/ubuntu/apps/election-app/win_prob/H/CA/22/_work/stats_with_statewide.csv
Wrote /home/ubuntu/apps/election-app/win_prob/H/CA/22/_work/stats_with_statewide.csv (rows=3)

$ /home/ubuntu/.venv/bin/python3 /home/ubuntu/apps/election-app/stats/1-stats-2.py --input /home/ubuntu/apps/election-app/win_prob/H/CA/22/stats2.csv --output /home/ubuntu/apps/election-app/win_prob/H/CA/22/_work/stats2_final_headers.csv
Wrote /home/ubuntu/apps/election-app/win_prob/H/CA/22/_work/stats2_final_headers.csv (rows=3)

$ /home/ubuntu/.venv/bin/python3 /home/ubuntu/apps/election-app/stats/1-append-new.py
Wrote 2024_county_results_with_final-old.csv (rows=3, missing_final_matches=0)

$ /home/ubuntu/.venv/bin/python3 /home/ubuntu/apps/election-app/stats/1-change_header.py
Wrote: 2024_county_results_with_final.csv

$ /home/ubuntu/.venv/bin/python3 /home/ubuntu/apps/election-app/stats/1-cut-zero-fips.py
Wrote: 2024_county_results_with_final_1.csv
Rows before: 3
Rows after:  3
Dropped (fips == 0): 0

$ /home/ubuntu/.venv/bin/python3 /home/ubuntu/apps/election-app/stats/2-calc.py
Wrote 3 rows with calculations to /home/ubuntu/apps/election-app/win_prob/H/CA/22/_work/2024_county_results_with_calcs-old.csv

$ /home/ubuntu/.venv/bin/python3 /home/ubuntu/apps/election-app/stats/2-eevp.py
Wrote (no-op copy): 2024_county_results_with_calcs.csv
Columns:
 - timestamp
 - state
 - county
 - fips
 - trump_votes
 - harris_votes
 - other_votes
 - eevp
 - state_eevp
 - harris_votes_statewide
 - trump_votes_statewide
 - other_votes_statewide
 - final_state
 - final_county
 - final_fips
 - final_trump_votes
 - final_harris_votes
 - final_other_votes
 - harris_percent_snapshot
 - trump_percent_snapshot
 - margin_snapshot
 - harris_percent_final
 - trump_percent_final
 - margin_final
 - margin_difference
 - margin_difference_abs

$ /home/ubuntu/.venv/bin/python3 /home/ubuntu/apps/election-app/stats/3-calc-new.py
Wrote 3 rows with new columns to /home/ubuntu/apps/election-app/win_prob/H/CA/22/_work/2024_county_results_with_calcs_new.csv

$ /home/ubuntu/.venv/bin/python3 /home/ubuntu/apps/election-app/stats/4-stats.py
Reading 2024_county_results_with_calcs_new.csv...
Aggregating statewide totals...
Calculating percentages and margins...
Writing to output_statewide_stats.csv...
Done!
[2026-01-22 18:05:01] INFO: [PIPELINE] ENTER win-prob generation | states=['CA'] ts_list=['2024-11-05T15-30-22']

============================================================================
[01/1] STATE = CA
============================================================================

$ /home/ubuntu/.venv/bin/python3 /home/ubuntu/apps/election-app/stats/5-snapshots.py --state CA --input /home/ubuntu/apps/election-app/win_prob/H/CA/22/_work/output_statewide_stats.csv --output /home/ubuntu/apps/election-app/win_prob/H/CA/22/snapshots_CA.csv --start 2024-11-05T15-30-22 --end 2024-11-05T15-30-22 --use-window 1 --interval 30
Mode: windowed-one-state
Rows written: 3
Distinct states in output: CA
Rows per normalized timestamp (empty = unparseable):
  2024-11-05T15-30-22: 3
Wrote /home/ubuntu/apps/election-app/win_prob/H/CA/22/snapshots_CA.csv

$ /home/ubuntu/.venv/bin/python3 /home/ubuntu/apps/election-app/stats/6-pval.py /home/ubuntu/apps/election-app/win_prob/H/CA/22/snapshots_CA.csv -t /home/ubuntu/apps/election-app/stats/parameters.csv -o /home/ubuntu/apps/election-app/win_prob/H/CA/22/data_output_CA.csv -c 50
Done. Wrote: /home/ubuntu/apps/election-app/win_prob/H/CA/22/data_output_CA.csv
Total rows: 3 (chunked, resumable).
Computed columns for PVALS = [0.01, 0.1, 1, 2, 3, 5, 10, 15, 20, 25, 30, 35, 40, 45, 50, 55, 60, 65, 70, 75, 80, 85, 90, 95, 97, 98, 99, 99.9, 99.99]
Per p (leader): shift_{p}, margin_new_{p}, harris_percent_new_{p}, trump_percent_new_{p}, total_snapshot_{p}, total_expected_{p}, harris_votes_new_{p}, trump_votes_new_{p}
Per p (trailing): shift_trailing_{p}, margin_new_{p}_trailing, harris_percent_new_{p}_trailing, trump_percent_new_{p}_trailing, total_snapshot_{p}_trailing, total_expected_{p}_trailing, harris_votes_new_{p}_trailing, trump_votes_new_{p}_trailing
Checkpoint saved at: /home/ubuntu/apps/election-app/win_prob/H/CA/22/data_output_CA.csv.checkpoint.json

$ /home/ubuntu/.venv/bin/python3 /home/ubuntu/apps/election-app/stats/7-margin-new.py
Wrote data_output_with_margins_old.csv

$ /home/ubuntu/.venv/bin/python3 /home/ubuntu/apps/election-app/stats/7-eevp-statewide.py
Wrote data_output_with_margins.csv (copied from data_output_with_margins_old.csv)

$ /home/ubuntu/.venv/bin/python3 /home/ubuntu/apps/election-app/stats/7.py --input /home/ubuntu/apps/election-app/win_prob/H/CA/22/data_output_CA_with_margins_statewide_eevp.csv --output /home/ubuntu/apps/election-app/win_prob/H/CA/22/statewide_margin_pct_vs_percent_CA_2026.png --state CA --start 2024-11-05T15-30-22 --end 2024-11-05T15-30-22 --stats /home/ubuntu/apps/election-app/win_prob/H/CA/22/stats.csv --stats2 /home/ubuntu/apps/election-app/win_prob/H/CA/22/stats2.csv --interval 30 --year 2026 --jsonl /home/ubuntu/apps/election-app/win_prob/H/CA/22/plotdata_CA_2026_2026-01-22T18-04-50.jsonl
[info] evaluating 1 timestamps from 2024-11-05T15-30-22 to 2024-11-05T15-30-22 every 30 minutes
[saved] probs_timeseries_CA.csv  (1 points)
[saved] /home/ubuntu/apps/election-app/win_prob/H/CA/22/plotdata_CA_2026_2026-01-22T18-04-50.jsonl  (0 points)
[saved] /home/ubuntu/apps/election-app/win_prob/H/CA/22/statewide_margin_pct_vs_percent_CA_2026_box.json
[saved] /home/ubuntu/apps/election-app/win_prob/H/CA/22/statewide_margin_pct_vs_percent_CA_2026_box.png
[saved] /home/ubuntu/apps/election-app/win_prob/H/CA/22/statewide_margin_pct_vs_percent_CA_2026.png

All 50 states complete. See: /home/ubuntu/apps/election-app/win_prob/H/CA/22

$ /home/ubuntu/.venv/bin/python3 /home/ubuntu/apps/election-app/stats/8.py --root /home/ubuntu/apps/election-app/win_prob/H/CA/22/_work --outdir /home/ubuntu/apps/election-app/win_prob/H/CA/22
[info] root  = /home/ubuntu/apps/election-app/win_prob/H/CA/22/_work
[info] outdir= /home/ubuntu/apps/election-app/win_prob/H/CA/22
[deleted] /home/ubuntu/apps/election-app/win_prob/H/CA/22/_work/stats_with_statewide.csv
[deleted] /home/ubuntu/apps/election-app/win_prob/H/CA/22/_work/stats2_final_headers.csv
[deleted] /home/ubuntu/apps/election-app/win_prob/H/CA/22/_work/2024_county_results_with_final-old.csv
[deleted] /home/ubuntu/apps/election-app/win_prob/H/CA/22/_work/2024_county_results_with_final.csv
[deleted] /home/ubuntu/apps/election-app/win_prob/H/CA/22/_work/2024_county_results_with_final_1.csv
[deleted] /home/ubuntu/apps/election-app/win_prob/H/CA/22/_work/2024_county_results_with_calcs-old.csv
[deleted] /home/ubuntu/apps/election-app/win_prob/H/CA/22/_work/2024_county_results_with_calcs_new.csv
[deleted] /home/ubuntu/apps/election-app/win_prob/H/CA/22/_work/output_statewide_stats.csv
[skip]    /home/ubuntu/apps/election-app/win_prob/H/CA/22/_work/probs_timeseries_PA.csv
[deleted] /home/ubuntu/apps/election-app/win_prob/H/CA/22/_work/2024_county_results_with_calcs.csv
[skip]    /home/ubuntu/apps/election-app/win_prob/H/CA/22/data_output.csv
[skip]    /home/ubuntu/apps/election-app/win_prob/H/CA/22/data_output_with_margins_old.csv
[skip]    /home/ubuntu/apps/election-app/win_prob/H/CA/22/data_output_with_margins.csv
[skip]    /home/ubuntu/apps/election-app/win_prob/H/CA/22/data_output_with_margins-statewide.csv
[deleted] /home/ubuntu/apps/election-app/win_prob/H/CA/22/snapshots_CA.csv
[deleted] /home/ubuntu/apps/election-app/win_prob/H/CA/22/data_output_CA_with_margins_statewide_eevp.csv
[deleted] /home/ubuntu/apps/election-app/win_prob/H/CA/22/data_output_CA_with_margins.csv
[deleted] /home/ubuntu/apps/election-app/win_prob/H/CA/22/data_output_CA.csv
[deleted] /home/ubuntu/apps/election-app/win_prob/H/CA/22/data_output_CA.csv.checkpoint.json
[deleted] /home/ubuntu/apps/election-app/win_prob/H/CA/22/stats.csv
[deleted] /home/ubuntu/apps/election-app/win_prob/H/CA/22/stats2.csv
[done] removed 16 file(s)
[2026-01-22 18:32:58] INFO: [PIPELINE] args: office=H state=CA district=22
[2026-01-22 18:32:58] INFO: [PIPELINE] WINPROB_DIR resolved to: /home/ubuntu/apps/election-app/win_prob/H/CA/22
[2026-01-22 18:32:58] INFO: [PIPELINE] OUTDIR set to: /home/ubuntu/apps/election-app/win_prob/H/CA/22

$ /home/ubuntu/.venv/bin/python3 /home/ubuntu/apps/election-app/stats/1-statewide.py --input /home/ubuntu/apps/election-app/win_prob/H/CA/22/stats.csv --output /home/ubuntu/apps/election-app/win_prob/H/CA/22/_work/stats_with_statewide.csv
Wrote /home/ubuntu/apps/election-app/win_prob/H/CA/22/_work/stats_with_statewide.csv (rows=3)

$ /home/ubuntu/.venv/bin/python3 /home/ubuntu/apps/election-app/stats/1-stats-2.py --input /home/ubuntu/apps/election-app/win_prob/H/CA/22/stats2.csv --output /home/ubuntu/apps/election-app/win_prob/H/CA/22/_work/stats2_final_headers.csv
Wrote /home/ubuntu/apps/election-app/win_prob/H/CA/22/_work/stats2_final_headers.csv (rows=3)

$ /home/ubuntu/.venv/bin/python3 /home/ubuntu/apps/election-app/stats/1-append-new.py
Wrote 2024_county_results_with_final-old.csv (rows=3, missing_final_matches=0)

$ /home/ubuntu/.venv/bin/python3 /home/ubuntu/apps/election-app/stats/1-change_header.py
Wrote: 2024_county_results_with_final.csv

$ /home/ubuntu/.venv/bin/python3 /home/ubuntu/apps/election-app/stats/1-cut-zero-fips.py
Wrote: 2024_county_results_with_final_1.csv
Rows before: 3
Rows after:  3
Dropped (fips == 0): 0

$ /home/ubuntu/.venv/bin/python3 /home/ubuntu/apps/election-app/stats/2-calc.py
Wrote 3 rows with calculations to /home/ubuntu/apps/election-app/win_prob/H/CA/22/_work/2024_county_results_with_calcs-old.csv

$ /home/ubuntu/.venv/bin/python3 /home/ubuntu/apps/election-app/stats/2-eevp.py
Wrote (no-op copy): 2024_county_results_with_calcs.csv
Columns:
 - timestamp
 - state
 - county
 - fips
 - trump_votes
 - harris_votes
 - other_votes
 - eevp
 - state_eevp
 - harris_votes_statewide
 - trump_votes_statewide
 - other_votes_statewide
 - final_state
 - final_county
 - final_fips
 - final_trump_votes
 - final_harris_votes
 - final_other_votes
 - harris_percent_snapshot
 - trump_percent_snapshot
 - margin_snapshot
 - harris_percent_final
 - trump_percent_final
 - margin_final
 - margin_difference
 - margin_difference_abs

$ /home/ubuntu/.venv/bin/python3 /home/ubuntu/apps/election-app/stats/3-calc-new.py
Wrote 3 rows with new columns to /home/ubuntu/apps/election-app/win_prob/H/CA/22/_work/2024_county_results_with_calcs_new.csv

$ /home/ubuntu/.venv/bin/python3 /home/ubuntu/apps/election-app/stats/4-stats.py
Reading 2024_county_results_with_calcs_new.csv...
Aggregating statewide totals...
Calculating percentages and margins...
Writing to output_statewide_stats.csv...
Done!
[2026-01-22 18:33:08] INFO: [PIPELINE] ENTER win-prob generation | states=['CA'] ts_list=['2024-11-05T15-30-22']

============================================================================
[01/1] STATE = CA
============================================================================

$ /home/ubuntu/.venv/bin/python3 /home/ubuntu/apps/election-app/stats/5-snapshots.py --state CA --input /home/ubuntu/apps/election-app/win_prob/H/CA/22/_work/output_statewide_stats.csv --output /home/ubuntu/apps/election-app/win_prob/H/CA/22/snapshots_CA.csv --start 2024-11-05T15-30-22 --end 2024-11-05T15-30-22 --use-window 1 --interval 30
Mode: windowed-one-state
Rows written: 3
Distinct states in output: CA
Rows per normalized timestamp (empty = unparseable):
  2024-11-05T15-30-22: 3
Wrote /home/ubuntu/apps/election-app/win_prob/H/CA/22/snapshots_CA.csv

$ /home/ubuntu/.venv/bin/python3 /home/ubuntu/apps/election-app/stats/6-pval.py /home/ubuntu/apps/election-app/win_prob/H/CA/22/snapshots_CA.csv -t /home/ubuntu/apps/election-app/stats/parameters.csv -o /home/ubuntu/apps/election-app/win_prob/H/CA/22/data_output_CA.csv -c 50
Done. Wrote: /home/ubuntu/apps/election-app/win_prob/H/CA/22/data_output_CA.csv
Total rows: 3 (chunked, resumable).
Computed columns for PVALS = [0.01, 0.1, 1, 2, 3, 5, 10, 15, 20, 25, 30, 35, 40, 45, 50, 55, 60, 65, 70, 75, 80, 85, 90, 95, 97, 98, 99, 99.9, 99.99]
Per p (leader): shift_{p}, margin_new_{p}, harris_percent_new_{p}, trump_percent_new_{p}, total_snapshot_{p}, total_expected_{p}, harris_votes_new_{p}, trump_votes_new_{p}
Per p (trailing): shift_trailing_{p}, margin_new_{p}_trailing, harris_percent_new_{p}_trailing, trump_percent_new_{p}_trailing, total_snapshot_{p}_trailing, total_expected_{p}_trailing, harris_votes_new_{p}_trailing, trump_votes_new_{p}_trailing
Checkpoint saved at: /home/ubuntu/apps/election-app/win_prob/H/CA/22/data_output_CA.csv.checkpoint.json

$ /home/ubuntu/.venv/bin/python3 /home/ubuntu/apps/election-app/stats/7-margin-new.py
Wrote data_output_with_margins_old.csv

$ /home/ubuntu/.venv/bin/python3 /home/ubuntu/apps/election-app/stats/7-eevp-statewide.py
Wrote data_output_with_margins.csv (copied from data_output_with_margins_old.csv)

$ /home/ubuntu/.venv/bin/python3 /home/ubuntu/apps/election-app/stats/7.py --input /home/ubuntu/apps/election-app/win_prob/H/CA/22/data_output_CA_with_margins_statewide_eevp.csv --output /home/ubuntu/apps/election-app/win_prob/H/CA/22/statewide_margin_pct_vs_percent_CA_2026.png --state CA --start 2024-11-05T15-30-22 --end 2024-11-05T15-30-22 --stats /home/ubuntu/apps/election-app/win_prob/H/CA/22/stats.csv --stats2 /home/ubuntu/apps/election-app/win_prob/H/CA/22/stats2.csv --interval 30 --year 2026 --jsonl /home/ubuntu/apps/election-app/win_prob/H/CA/22/plotdata_CA_2026_2026-01-22T18-32-58.jsonl
[info] evaluating 1 timestamps from 2024-11-05T15-30-22 to 2024-11-05T15-30-22 every 30 minutes
[saved] probs_timeseries_CA.csv  (1 points)
[saved] /home/ubuntu/apps/election-app/win_prob/H/CA/22/plotdata_CA_2026_2026-01-22T18-32-58.jsonl  (4 points)
[saved] /home/ubuntu/apps/election-app/win_prob/H/CA/22/statewide_margin_pct_vs_percent_CA_2026_box.json
[saved] /home/ubuntu/apps/election-app/win_prob/H/CA/22/statewide_margin_pct_vs_percent_CA_2026_box.png
[saved] /home/ubuntu/apps/election-app/win_prob/H/CA/22/statewide_margin_pct_vs_percent_CA_2026.png

All 50 states complete. See: /home/ubuntu/apps/election-app/win_prob/H/CA/22

$ /home/ubuntu/.venv/bin/python3 /home/ubuntu/apps/election-app/stats/8.py --root /home/ubuntu/apps/election-app/win_prob/H/CA/22/_work --outdir /home/ubuntu/apps/election-app/win_prob/H/CA/22
[info] root  = /home/ubuntu/apps/election-app/win_prob/H/CA/22/_work
[info] outdir= /home/ubuntu/apps/election-app/win_prob/H/CA/22
[deleted] /home/ubuntu/apps/election-app/win_prob/H/CA/22/_work/stats_with_statewide.csv
[deleted] /home/ubuntu/apps/election-app/win_prob/H/CA/22/_work/stats2_final_headers.csv
[deleted] /home/ubuntu/apps/election-app/win_prob/H/CA/22/_work/2024_county_results_with_final-old.csv
[deleted] /home/ubuntu/apps/election-app/win_prob/H/CA/22/_work/2024_county_results_with_final.csv
[deleted] /home/ubuntu/apps/election-app/win_prob/H/CA/22/_work/2024_county_results_with_final_1.csv
[deleted] /home/ubuntu/apps/election-app/win_prob/H/CA/22/_work/2024_county_results_with_calcs-old.csv
[deleted] /home/ubuntu/apps/election-app/win_prob/H/CA/22/_work/2024_county_results_with_calcs_new.csv
[deleted] /home/ubuntu/apps/election-app/win_prob/H/CA/22/_work/output_statewide_stats.csv
[skip]    /home/ubuntu/apps/election-app/win_prob/H/CA/22/_work/probs_timeseries_PA.csv
[deleted] /home/ubuntu/apps/election-app/win_prob/H/CA/22/_work/2024_county_results_with_calcs.csv
[skip]    /home/ubuntu/apps/election-app/win_prob/H/CA/22/data_output.csv
[skip]    /home/ubuntu/apps/election-app/win_prob/H/CA/22/data_output_with_margins_old.csv
[skip]    /home/ubuntu/apps/election-app/win_prob/H/CA/22/data_output_with_margins.csv
[skip]    /home/ubuntu/apps/election-app/win_prob/H/CA/22/data_output_with_margins-statewide.csv
[deleted] /home/ubuntu/apps/election-app/win_prob/H/CA/22/snapshots_CA.csv
[deleted] /home/ubuntu/apps/election-app/win_prob/H/CA/22/data_output_CA_with_margins_statewide_eevp.csv
[deleted] /home/ubuntu/apps/election-app/win_prob/H/CA/22/data_output_CA_with_margins.csv
[deleted] /home/ubuntu/apps/election-app/win_prob/H/CA/22/data_output_CA.csv
[deleted] /home/ubuntu/apps/election-app/win_prob/H/CA/22/data_output_CA.csv.checkpoint.json
[deleted] /home/ubuntu/apps/election-app/win_prob/H/CA/22/stats.csv
[deleted] /home/ubuntu/apps/election-app/win_prob/H/CA/22/stats2.csv
[done] removed 16 file(s)
[2026-01-22 18:40:09] INFO: [PIPELINE] args: office=H state=CA district=22
[2026-01-22 18:40:09] INFO: [PIPELINE] WINPROB_DIR resolved to: /home/ubuntu/apps/election-app/win_prob/H/CA/22
[2026-01-22 18:40:09] INFO: [PIPELINE] OUTDIR set to: /home/ubuntu/apps/election-app/win_prob/H/CA/22

$ /home/ubuntu/.venv/bin/python3 /home/ubuntu/apps/election-app/stats/1-statewide.py --input /home/ubuntu/apps/election-app/win_prob/H/CA/22/stats.csv --output /home/ubuntu/apps/election-app/win_prob/H/CA/22/_work/stats_with_statewide.csv
Wrote /home/ubuntu/apps/election-app/win_prob/H/CA/22/_work/stats_with_statewide.csv (rows=3)

$ /home/ubuntu/.venv/bin/python3 /home/ubuntu/apps/election-app/stats/1-stats-2.py --input /home/ubuntu/apps/election-app/win_prob/H/CA/22/stats2.csv --output /home/ubuntu/apps/election-app/win_prob/H/CA/22/_work/stats2_final_headers.csv
Wrote /home/ubuntu/apps/election-app/win_prob/H/CA/22/_work/stats2_final_headers.csv (rows=3)

$ /home/ubuntu/.venv/bin/python3 /home/ubuntu/apps/election-app/stats/1-append-new.py
Wrote 2024_county_results_with_final-old.csv (rows=3, missing_final_matches=0)

$ /home/ubuntu/.venv/bin/python3 /home/ubuntu/apps/election-app/stats/1-change_header.py
Wrote: 2024_county_results_with_final.csv

$ /home/ubuntu/.venv/bin/python3 /home/ubuntu/apps/election-app/stats/1-cut-zero-fips.py
Wrote: 2024_county_results_with_final_1.csv
Rows before: 3
Rows after:  3
Dropped (fips == 0): 0

$ /home/ubuntu/.venv/bin/python3 /home/ubuntu/apps/election-app/stats/2-calc.py
Wrote 3 rows with calculations to /home/ubuntu/apps/election-app/win_prob/H/CA/22/_work/2024_county_results_with_calcs-old.csv

$ /home/ubuntu/.venv/bin/python3 /home/ubuntu/apps/election-app/stats/2-eevp.py
Wrote (no-op copy): 2024_county_results_with_calcs.csv
Columns:
 - timestamp
 - state
 - county
 - fips
 - trump_votes
 - harris_votes
 - other_votes
 - eevp
 - state_eevp
 - harris_votes_statewide
 - trump_votes_statewide
 - other_votes_statewide
 - final_state
 - final_county
 - final_fips
 - final_trump_votes
 - final_harris_votes
 - final_other_votes
 - harris_percent_snapshot
 - trump_percent_snapshot
 - margin_snapshot
 - harris_percent_final
 - trump_percent_final
 - margin_final
 - margin_difference
 - margin_difference_abs

$ /home/ubuntu/.venv/bin/python3 /home/ubuntu/apps/election-app/stats/3-calc-new.py
Wrote 3 rows with new columns to /home/ubuntu/apps/election-app/win_prob/H/CA/22/_work/2024_county_results_with_calcs_new.csv

$ /home/ubuntu/.venv/bin/python3 /home/ubuntu/apps/election-app/stats/4-stats.py
Reading 2024_county_results_with_calcs_new.csv...
Aggregating statewide totals...
Calculating percentages and margins...
Writing to output_statewide_stats.csv...
Done!
[2026-01-22 18:40:18] INFO: [PIPELINE] ENTER win-prob generation | states=['CA'] ts_list=['2024-11-05T15-30-22']

============================================================================
[01/1] STATE = CA
============================================================================

$ /home/ubuntu/.venv/bin/python3 /home/ubuntu/apps/election-app/stats/5-snapshots.py --state CA --input /home/ubuntu/apps/election-app/win_prob/H/CA/22/_work/output_statewide_stats.csv --output /home/ubuntu/apps/election-app/win_prob/H/CA/22/snapshots_CA.csv --start 2024-11-05T15-30-22 --end 2024-11-05T15-30-22 --use-window 1 --interval 30
Mode: windowed-one-state
Rows written: 3
Distinct states in output: CA
Rows per normalized timestamp (empty = unparseable):
  2024-11-05T15-30-22: 3
Wrote /home/ubuntu/apps/election-app/win_prob/H/CA/22/snapshots_CA.csv

$ /home/ubuntu/.venv/bin/python3 /home/ubuntu/apps/election-app/stats/6-pval.py /home/ubuntu/apps/election-app/win_prob/H/CA/22/snapshots_CA.csv -t /home/ubuntu/apps/election-app/stats/parameters.csv -o /home/ubuntu/apps/election-app/win_prob/H/CA/22/data_output_CA.csv -c 50
Done. Wrote: /home/ubuntu/apps/election-app/win_prob/H/CA/22/data_output_CA.csv
Total rows: 3 (chunked, resumable).
Computed columns for PVALS = [0.01, 0.1, 1, 2, 3, 5, 10, 15, 20, 25, 30, 35, 40, 45, 50, 55, 60, 65, 70, 75, 80, 85, 90, 95, 97, 98, 99, 99.9, 99.99]
Per p (leader): shift_{p}, margin_new_{p}, harris_percent_new_{p}, trump_percent_new_{p}, total_snapshot_{p}, total_expected_{p}, harris_votes_new_{p}, trump_votes_new_{p}
Per p (trailing): shift_trailing_{p}, margin_new_{p}_trailing, harris_percent_new_{p}_trailing, trump_percent_new_{p}_trailing, total_snapshot_{p}_trailing, total_expected_{p}_trailing, harris_votes_new_{p}_trailing, trump_votes_new_{p}_trailing
Checkpoint saved at: /home/ubuntu/apps/election-app/win_prob/H/CA/22/data_output_CA.csv.checkpoint.json

$ /home/ubuntu/.venv/bin/python3 /home/ubuntu/apps/election-app/stats/7-margin-new.py
Wrote data_output_with_margins_old.csv

$ /home/ubuntu/.venv/bin/python3 /home/ubuntu/apps/election-app/stats/7-eevp-statewide.py
Wrote data_output_with_margins.csv (copied from data_output_with_margins_old.csv)

$ /home/ubuntu/.venv/bin/python3 /home/ubuntu/apps/election-app/stats/7.py --input /home/ubuntu/apps/election-app/win_prob/H/CA/22/data_output_CA_with_margins_statewide_eevp.csv --output /home/ubuntu/apps/election-app/win_prob/H/CA/22/statewide_margin_pct_vs_percent_CA_2026.png --state CA --start 2024-11-05T15-30-22 --end 2024-11-05T15-30-22 --stats /home/ubuntu/apps/election-app/win_prob/H/CA/22/stats.csv --stats2 /home/ubuntu/apps/election-app/win_prob/H/CA/22/stats2.csv --interval 30 --year 2026 --jsonl /home/ubuntu/apps/election-app/win_prob/H/CA/22/plotdata_CA_2026_2026-01-22T18-40-09.jsonl
[info] evaluating 1 timestamps from 2024-11-05T15-30-22 to 2024-11-05T15-30-22 every 30 minutes
[saved] probs_timeseries_CA.csv  (1 points)
[saved] /home/ubuntu/apps/election-app/win_prob/H/CA/22/plotdata_CA_2026_2026-01-22T18-40-09.jsonl  (4 points)
[saved] /home/ubuntu/apps/election-app/win_prob/H/CA/22/statewide_margin_pct_vs_percent_CA_2026_box.json
[saved] /home/ubuntu/apps/election-app/win_prob/H/CA/22/statewide_margin_pct_vs_percent_CA_2026_box.png
[saved] /home/ubuntu/apps/election-app/win_prob/H/CA/22/statewide_margin_pct_vs_percent_CA_2026.png

All 50 states complete. See: /home/ubuntu/apps/election-app/win_prob/H/CA/22

$ /home/ubuntu/.venv/bin/python3 /home/ubuntu/apps/election-app/stats/8.py --root /home/ubuntu/apps/election-app/win_prob/H/CA/22/_work --outdir /home/ubuntu/apps/election-app/win_prob/H/CA/22
[info] root  = /home/ubuntu/apps/election-app/win_prob/H/CA/22/_work
[info] outdir= /home/ubuntu/apps/election-app/win_prob/H/CA/22
[deleted] /home/ubuntu/apps/election-app/win_prob/H/CA/22/_work/stats_with_statewide.csv
[deleted] /home/ubuntu/apps/election-app/win_prob/H/CA/22/_work/stats2_final_headers.csv
[deleted] /home/ubuntu/apps/election-app/win_prob/H/CA/22/_work/2024_county_results_with_final-old.csv
[deleted] /home/ubuntu/apps/election-app/win_prob/H/CA/22/_work/2024_county_results_with_final.csv
[deleted] /home/ubuntu/apps/election-app/win_prob/H/CA/22/_work/2024_county_results_with_final_1.csv
[deleted] /home/ubuntu/apps/election-app/win_prob/H/CA/22/_work/2024_county_results_with_calcs-old.csv
[deleted] /home/ubuntu/apps/election-app/win_prob/H/CA/22/_work/2024_county_results_with_calcs_new.csv
[deleted] /home/ubuntu/apps/election-app/win_prob/H/CA/22/_work/output_statewide_stats.csv
[skip]    /home/ubuntu/apps/election-app/win_prob/H/CA/22/_work/probs_timeseries_PA.csv
[deleted] /home/ubuntu/apps/election-app/win_prob/H/CA/22/_work/2024_county_results_with_calcs.csv
[skip]    /home/ubuntu/apps/election-app/win_prob/H/CA/22/data_output.csv
[skip]    /home/ubuntu/apps/election-app/win_prob/H/CA/22/data_output_with_margins_old.csv
[skip]    /home/ubuntu/apps/election-app/win_prob/H/CA/22/data_output_with_margins.csv
[skip]    /home/ubuntu/apps/election-app/win_prob/H/CA/22/data_output_with_margins-statewide.csv
[deleted] /home/ubuntu/apps/election-app/win_prob/H/CA/22/snapshots_CA.csv
[deleted] /home/ubuntu/apps/election-app/win_prob/H/CA/22/data_output_CA_with_margins_statewide_eevp.csv
[deleted] /home/ubuntu/apps/election-app/win_prob/H/CA/22/data_output_CA_with_margins.csv
[deleted] /home/ubuntu/apps/election-app/win_prob/H/CA/22/data_output_CA.csv
[deleted] /home/ubuntu/apps/election-app/win_prob/H/CA/22/data_output_CA.csv.checkpoint.json
[deleted] /home/ubuntu/apps/election-app/win_prob/H/CA/22/stats.csv
[deleted] /home/ubuntu/apps/election-app/win_prob/H/CA/22/stats2.csv
[done] removed 16 file(s)
[2026-01-22 18:51:16] INFO: [PIPELINE] args: office=H state=CA district=22
[2026-01-22 18:51:16] INFO: [PIPELINE] WINPROB_DIR resolved to: /home/ubuntu/apps/election-app/win_prob/H/CA/22
[2026-01-22 18:51:16] INFO: [PIPELINE] OUTDIR set to: /home/ubuntu/apps/election-app/win_prob/H/CA/22

$ /home/ubuntu/.venv/bin/python3 /home/ubuntu/apps/election-app/stats/1-statewide.py --input /home/ubuntu/apps/election-app/win_prob/H/CA/22/stats.csv --output /home/ubuntu/apps/election-app/win_prob/H/CA/22/_work/stats_with_statewide.csv
Wrote /home/ubuntu/apps/election-app/win_prob/H/CA/22/_work/stats_with_statewide.csv (rows=3)

$ /home/ubuntu/.venv/bin/python3 /home/ubuntu/apps/election-app/stats/1-stats-2.py --input /home/ubuntu/apps/election-app/win_prob/H/CA/22/stats2.csv --output /home/ubuntu/apps/election-app/win_prob/H/CA/22/_work/stats2_final_headers.csv
Wrote /home/ubuntu/apps/election-app/win_prob/H/CA/22/_work/stats2_final_headers.csv (rows=3)

$ /home/ubuntu/.venv/bin/python3 /home/ubuntu/apps/election-app/stats/1-append-new.py
Wrote 2024_county_results_with_final-old.csv (rows=3, missing_final_matches=0)

$ /home/ubuntu/.venv/bin/python3 /home/ubuntu/apps/election-app/stats/1-change_header.py
Wrote: 2024_county_results_with_final.csv

$ /home/ubuntu/.venv/bin/python3 /home/ubuntu/apps/election-app/stats/1-cut-zero-fips.py
Wrote: 2024_county_results_with_final_1.csv
Rows before: 3
Rows after:  3
Dropped (fips == 0): 0

$ /home/ubuntu/.venv/bin/python3 /home/ubuntu/apps/election-app/stats/2-calc.py
Wrote 3 rows with calculations to /home/ubuntu/apps/election-app/win_prob/H/CA/22/_work/2024_county_results_with_calcs-old.csv

$ /home/ubuntu/.venv/bin/python3 /home/ubuntu/apps/election-app/stats/2-eevp.py
Wrote (no-op copy): 2024_county_results_with_calcs.csv
Columns:
 - timestamp
 - state
 - county
 - fips
 - trump_votes
 - harris_votes
 - other_votes
 - eevp
 - state_eevp
 - harris_votes_statewide
 - trump_votes_statewide
 - other_votes_statewide
 - final_state
 - final_county
 - final_fips
 - final_trump_votes
 - final_harris_votes
 - final_other_votes
 - harris_percent_snapshot
 - trump_percent_snapshot
 - margin_snapshot
 - harris_percent_final
 - trump_percent_final
 - margin_final
 - margin_difference
 - margin_difference_abs

$ /home/ubuntu/.venv/bin/python3 /home/ubuntu/apps/election-app/stats/3-calc-new.py
Wrote 3 rows with new columns to /home/ubuntu/apps/election-app/win_prob/H/CA/22/_work/2024_county_results_with_calcs_new.csv

$ /home/ubuntu/.venv/bin/python3 /home/ubuntu/apps/election-app/stats/4-stats.py
Reading 2024_county_results_with_calcs_new.csv...
Aggregating statewide totals...
Calculating percentages and margins...
Writing to output_statewide_stats.csv...
Done!
[2026-01-22 18:51:26] INFO: [PIPELINE] ENTER win-prob generation | states=['CA'] ts_list=['2024-11-05T15-30-22']

============================================================================
[01/1] STATE = CA
============================================================================

$ /home/ubuntu/.venv/bin/python3 /home/ubuntu/apps/election-app/stats/5-snapshots.py --state CA --input /home/ubuntu/apps/election-app/win_prob/H/CA/22/_work/output_statewide_stats.csv --output /home/ubuntu/apps/election-app/win_prob/H/CA/22/snapshots_CA.csv --start 2024-11-05T15-30-22 --end 2024-11-05T15-30-22 --use-window 1 --interval 30
Mode: windowed-one-state
Rows written: 3
Distinct states in output: CA
Rows per normalized timestamp (empty = unparseable):
  2024-11-05T15-30-22: 3
Wrote /home/ubuntu/apps/election-app/win_prob/H/CA/22/snapshots_CA.csv

$ /home/ubuntu/.venv/bin/python3 /home/ubuntu/apps/election-app/stats/6-pval.py /home/ubuntu/apps/election-app/win_prob/H/CA/22/snapshots_CA.csv -t /home/ubuntu/apps/election-app/stats/parameters.csv -o /home/ubuntu/apps/election-app/win_prob/H/CA/22/data_output_CA.csv -c 50
Done. Wrote: /home/ubuntu/apps/election-app/win_prob/H/CA/22/data_output_CA.csv
Total rows: 3 (chunked, resumable).
Computed columns for PVALS = [0.01, 0.1, 1, 2, 3, 5, 10, 15, 20, 25, 30, 35, 40, 45, 50, 55, 60, 65, 70, 75, 80, 85, 90, 95, 97, 98, 99, 99.9, 99.99]
Per p (leader): shift_{p}, margin_new_{p}, harris_percent_new_{p}, trump_percent_new_{p}, total_snapshot_{p}, total_expected_{p}, harris_votes_new_{p}, trump_votes_new_{p}
Per p (trailing): shift_trailing_{p}, margin_new_{p}_trailing, harris_percent_new_{p}_trailing, trump_percent_new_{p}_trailing, total_snapshot_{p}_trailing, total_expected_{p}_trailing, harris_votes_new_{p}_trailing, trump_votes_new_{p}_trailing
Checkpoint saved at: /home/ubuntu/apps/election-app/win_prob/H/CA/22/data_output_CA.csv.checkpoint.json

$ /home/ubuntu/.venv/bin/python3 /home/ubuntu/apps/election-app/stats/7-margin-new.py
Wrote data_output_with_margins_old.csv

$ /home/ubuntu/.venv/bin/python3 /home/ubuntu/apps/election-app/stats/7-eevp-statewide.py
Wrote data_output_with_margins.csv (copied from data_output_with_margins_old.csv)

$ /home/ubuntu/.venv/bin/python3 /home/ubuntu/apps/election-app/stats/7.py --input /home/ubuntu/apps/election-app/win_prob/H/CA/22/data_output_CA_with_margins_statewide_eevp.csv --output /home/ubuntu/apps/election-app/win_prob/H/CA/22/statewide_margin_pct_vs_percent_CA_2026.png --state CA --start 2024-11-05T15-30-22 --end 2024-11-05T15-30-22 --stats /home/ubuntu/apps/election-app/win_prob/H/CA/22/stats.csv --stats2 /home/ubuntu/apps/election-app/win_prob/H/CA/22/stats2.csv --interval 30 --year 2026 --jsonl /home/ubuntu/apps/election-app/win_prob/H/CA/22/plotdata_CA_2026_2026-01-22T18-51-16.jsonl
[info] evaluating 1 timestamps from 2024-11-05T15-30-22 to 2024-11-05T15-30-22 every 30 minutes
[saved] probs_timeseries_CA.csv  (1 points)
[saved] /home/ubuntu/apps/election-app/win_prob/H/CA/22/plotdata_CA_2026_2026-01-22T18-51-16.jsonl  (4 points)
[saved] /home/ubuntu/apps/election-app/win_prob/H/CA/22/statewide_margin_pct_vs_percent_CA_2026_box.json
[saved] /home/ubuntu/apps/election-app/win_prob/H/CA/22/statewide_margin_pct_vs_percent_CA_2026_box.png
[saved] /home/ubuntu/apps/election-app/win_prob/H/CA/22/statewide_margin_pct_vs_percent_CA_2026.png

All 50 states complete. See: /home/ubuntu/apps/election-app/win_prob/H/CA/22

$ /home/ubuntu/.venv/bin/python3 /home/ubuntu/apps/election-app/stats/8.py --root /home/ubuntu/apps/election-app/win_prob/H/CA/22/_work --outdir /home/ubuntu/apps/election-app/win_prob/H/CA/22
[info] root  = /home/ubuntu/apps/election-app/win_prob/H/CA/22/_work
[info] outdir= /home/ubuntu/apps/election-app/win_prob/H/CA/22
[deleted] /home/ubuntu/apps/election-app/win_prob/H/CA/22/_work/stats_with_statewide.csv
[deleted] /home/ubuntu/apps/election-app/win_prob/H/CA/22/_work/stats2_final_headers.csv
[deleted] /home/ubuntu/apps/election-app/win_prob/H/CA/22/_work/2024_county_results_with_final-old.csv
[deleted] /home/ubuntu/apps/election-app/win_prob/H/CA/22/_work/2024_county_results_with_final.csv
[deleted] /home/ubuntu/apps/election-app/win_prob/H/CA/22/_work/2024_county_results_with_final_1.csv
[deleted] /home/ubuntu/apps/election-app/win_prob/H/CA/22/_work/2024_county_results_with_calcs-old.csv
[deleted] /home/ubuntu/apps/election-app/win_prob/H/CA/22/_work/2024_county_results_with_calcs_new.csv
[deleted] /home/ubuntu/apps/election-app/win_prob/H/CA/22/_work/output_statewide_stats.csv
[skip]    /home/ubuntu/apps/election-app/win_prob/H/CA/22/_work/probs_timeseries_PA.csv
[deleted] /home/ubuntu/apps/election-app/win_prob/H/CA/22/_work/2024_county_results_with_calcs.csv
[skip]    /home/ubuntu/apps/election-app/win_prob/H/CA/22/data_output.csv
[skip]    /home/ubuntu/apps/election-app/win_prob/H/CA/22/data_output_with_margins_old.csv
[skip]    /home/ubuntu/apps/election-app/win_prob/H/CA/22/data_output_with_margins.csv
[skip]    /home/ubuntu/apps/election-app/win_prob/H/CA/22/data_output_with_margins-statewide.csv
[deleted] /home/ubuntu/apps/election-app/win_prob/H/CA/22/snapshots_CA.csv
[deleted] /home/ubuntu/apps/election-app/win_prob/H/CA/22/data_output_CA_with_margins_statewide_eevp.csv
[deleted] /home/ubuntu/apps/election-app/win_prob/H/CA/22/data_output_CA_with_margins.csv
[deleted] /home/ubuntu/apps/election-app/win_prob/H/CA/22/data_output_CA.csv
[deleted] /home/ubuntu/apps/election-app/win_prob/H/CA/22/data_output_CA.csv.checkpoint.json
[deleted] /home/ubuntu/apps/election-app/win_prob/H/CA/22/stats.csv
[deleted] /home/ubuntu/apps/election-app/win_prob/H/CA/22/stats2.csv
[done] removed 16 file(s)
[2026-01-22 19:05:10] INFO: [PIPELINE] args: office=H state=CA district=22
[2026-01-22 19:05:10] INFO: [PIPELINE] WINPROB_DIR resolved to: /home/ubuntu/apps/election-app/win_prob/H/CA/22
[2026-01-22 19:05:10] INFO: [PIPELINE] OUTDIR set to: /home/ubuntu/apps/election-app/win_prob/H/CA/22

$ /home/ubuntu/.venv/bin/python3 /home/ubuntu/apps/election-app/stats/1-statewide.py --input /home/ubuntu/apps/election-app/win_prob/H/CA/22/stats.csv --output /home/ubuntu/apps/election-app/win_prob/H/CA/22/_work/stats_with_statewide.csv
Wrote /home/ubuntu/apps/election-app/win_prob/H/CA/22/_work/stats_with_statewide.csv (rows=3)

$ /home/ubuntu/.venv/bin/python3 /home/ubuntu/apps/election-app/stats/1-stats-2.py --input /home/ubuntu/apps/election-app/win_prob/H/CA/22/stats2.csv --output /home/ubuntu/apps/election-app/win_prob/H/CA/22/_work/stats2_final_headers.csv
Wrote /home/ubuntu/apps/election-app/win_prob/H/CA/22/_work/stats2_final_headers.csv (rows=3)

$ /home/ubuntu/.venv/bin/python3 /home/ubuntu/apps/election-app/stats/1-append-new.py
Wrote 2024_county_results_with_final-old.csv (rows=3, missing_final_matches=0)

$ /home/ubuntu/.venv/bin/python3 /home/ubuntu/apps/election-app/stats/1-change_header.py
Wrote: 2024_county_results_with_final.csv

$ /home/ubuntu/.venv/bin/python3 /home/ubuntu/apps/election-app/stats/1-cut-zero-fips.py
Wrote: 2024_county_results_with_final_1.csv
Rows before: 3
Rows after:  3
Dropped (fips == 0): 0

$ /home/ubuntu/.venv/bin/python3 /home/ubuntu/apps/election-app/stats/2-calc.py
Wrote 3 rows with calculations to /home/ubuntu/apps/election-app/win_prob/H/CA/22/_work/2024_county_results_with_calcs-old.csv

$ /home/ubuntu/.venv/bin/python3 /home/ubuntu/apps/election-app/stats/2-eevp.py
Wrote (no-op copy): 2024_county_results_with_calcs.csv
Columns:
 - timestamp
 - state
 - county
 - fips
 - trump_votes
 - harris_votes
 - other_votes
 - eevp
 - state_eevp
 - harris_votes_statewide
 - trump_votes_statewide
 - other_votes_statewide
 - final_state
 - final_county
 - final_fips
 - final_trump_votes
 - final_harris_votes
 - final_other_votes
 - harris_percent_snapshot
 - trump_percent_snapshot
 - margin_snapshot
 - harris_percent_final
 - trump_percent_final
 - margin_final
 - margin_difference
 - margin_difference_abs

$ /home/ubuntu/.venv/bin/python3 /home/ubuntu/apps/election-app/stats/3-calc-new.py
Wrote 3 rows with new columns to /home/ubuntu/apps/election-app/win_prob/H/CA/22/_work/2024_county_results_with_calcs_new.csv

$ /home/ubuntu/.venv/bin/python3 /home/ubuntu/apps/election-app/stats/4-stats.py
Reading 2024_county_results_with_calcs_new.csv...
Aggregating statewide totals...
Calculating percentages and margins...
Writing to output_statewide_stats.csv...
Done!
[2026-01-22 19:05:20] INFO: [PIPELINE] ENTER win-prob generation | states=['CA'] ts_list=['2024-11-05T15-30-22']

============================================================================
[01/1] STATE = CA
============================================================================

$ /home/ubuntu/.venv/bin/python3 /home/ubuntu/apps/election-app/stats/5-snapshots.py --state CA --input /home/ubuntu/apps/election-app/win_prob/H/CA/22/_work/output_statewide_stats.csv --output /home/ubuntu/apps/election-app/win_prob/H/CA/22/snapshots_CA.csv --start 2024-11-05T15-30-22 --end 2024-11-05T15-30-22 --use-window 1 --interval 30
Mode: windowed-one-state
Rows written: 3
Distinct states in output: CA
Rows per normalized timestamp (empty = unparseable):
  2024-11-05T15-30-22: 3
Wrote /home/ubuntu/apps/election-app/win_prob/H/CA/22/snapshots_CA.csv

$ /home/ubuntu/.venv/bin/python3 /home/ubuntu/apps/election-app/stats/6-pval.py /home/ubuntu/apps/election-app/win_prob/H/CA/22/snapshots_CA.csv -t /home/ubuntu/apps/election-app/stats/parameters.csv -o /home/ubuntu/apps/election-app/win_prob/H/CA/22/data_output_CA.csv -c 50
Done. Wrote: /home/ubuntu/apps/election-app/win_prob/H/CA/22/data_output_CA.csv
Total rows: 3 (chunked, resumable).
Computed columns for PVALS = [0.01, 0.1, 1, 2, 3, 5, 10, 15, 20, 25, 30, 35, 40, 45, 50, 55, 60, 65, 70, 75, 80, 85, 90, 95, 97, 98, 99, 99.9, 99.99]
Per p (leader): shift_{p}, margin_new_{p}, harris_percent_new_{p}, trump_percent_new_{p}, total_snapshot_{p}, total_expected_{p}, harris_votes_new_{p}, trump_votes_new_{p}
Per p (trailing): shift_trailing_{p}, margin_new_{p}_trailing, harris_percent_new_{p}_trailing, trump_percent_new_{p}_trailing, total_snapshot_{p}_trailing, total_expected_{p}_trailing, harris_votes_new_{p}_trailing, trump_votes_new_{p}_trailing
Checkpoint saved at: /home/ubuntu/apps/election-app/win_prob/H/CA/22/data_output_CA.csv.checkpoint.json

$ /home/ubuntu/.venv/bin/python3 /home/ubuntu/apps/election-app/stats/7-margin-new.py
Wrote data_output_with_margins_old.csv

$ /home/ubuntu/.venv/bin/python3 /home/ubuntu/apps/election-app/stats/7-eevp-statewide.py
Wrote data_output_with_margins.csv (copied from data_output_with_margins_old.csv)

$ /home/ubuntu/.venv/bin/python3 /home/ubuntu/apps/election-app/stats/7.py --input /home/ubuntu/apps/election-app/win_prob/H/CA/22/data_output_CA_with_margins_statewide_eevp.csv --output /home/ubuntu/apps/election-app/win_prob/H/CA/22/statewide_margin_pct_vs_percent_CA_2026.png --state CA --start 2024-11-05T15-30-22 --end 2024-11-05T15-30-22 --stats /home/ubuntu/apps/election-app/win_prob/H/CA/22/stats.csv --stats2 /home/ubuntu/apps/election-app/win_prob/H/CA/22/stats2.csv --interval 30 --year 2026 --jsonl /home/ubuntu/apps/election-app/win_prob/H/CA/22/plotdata_CA_2026_2026-01-22T19-05-10.jsonl
[info] evaluating 1 timestamps from 2024-11-05T15-30-22 to 2024-11-05T15-30-22 every 30 minutes
[saved] probs_timeseries_CA.csv  (1 points)
[saved] /home/ubuntu/apps/election-app/win_prob/H/CA/22/plotdata_CA_2026_2026-01-22T19-05-10.jsonl  (4 points)
[saved] /home/ubuntu/apps/election-app/win_prob/H/CA/22/statewide_margin_pct_vs_percent_CA_2026_box.json
[saved] /home/ubuntu/apps/election-app/win_prob/H/CA/22/statewide_margin_pct_vs_percent_CA_2026_box.png
[saved] /home/ubuntu/apps/election-app/win_prob/H/CA/22/statewide_margin_pct_vs_percent_CA_2026.png

All 50 states complete. See: /home/ubuntu/apps/election-app/win_prob/H/CA/22

$ /home/ubuntu/.venv/bin/python3 /home/ubuntu/apps/election-app/stats/8.py --root /home/ubuntu/apps/election-app/win_prob/H/CA/22/_work --outdir /home/ubuntu/apps/election-app/win_prob/H/CA/22
[info] root  = /home/ubuntu/apps/election-app/win_prob/H/CA/22/_work
[info] outdir= /home/ubuntu/apps/election-app/win_prob/H/CA/22
[deleted] /home/ubuntu/apps/election-app/win_prob/H/CA/22/_work/stats_with_statewide.csv
[deleted] /home/ubuntu/apps/election-app/win_prob/H/CA/22/_work/stats2_final_headers.csv
[deleted] /home/ubuntu/apps/election-app/win_prob/H/CA/22/_work/2024_county_results_with_final-old.csv
[deleted] /home/ubuntu/apps/election-app/win_prob/H/CA/22/_work/2024_county_results_with_final.csv
[deleted] /home/ubuntu/apps/election-app/win_prob/H/CA/22/_work/2024_county_results_with_final_1.csv
[deleted] /home/ubuntu/apps/election-app/win_prob/H/CA/22/_work/2024_county_results_with_calcs-old.csv
[deleted] /home/ubuntu/apps/election-app/win_prob/H/CA/22/_work/2024_county_results_with_calcs_new.csv
[deleted] /home/ubuntu/apps/election-app/win_prob/H/CA/22/_work/output_statewide_stats.csv
[skip]    /home/ubuntu/apps/election-app/win_prob/H/CA/22/_work/probs_timeseries_PA.csv
[deleted] /home/ubuntu/apps/election-app/win_prob/H/CA/22/_work/2024_county_results_with_calcs.csv
[skip]    /home/ubuntu/apps/election-app/win_prob/H/CA/22/data_output.csv
[skip]    /home/ubuntu/apps/election-app/win_prob/H/CA/22/data_output_with_margins_old.csv
[skip]    /home/ubuntu/apps/election-app/win_prob/H/CA/22/data_output_with_margins.csv
[skip]    /home/ubuntu/apps/election-app/win_prob/H/CA/22/data_output_with_margins-statewide.csv
[deleted] /home/ubuntu/apps/election-app/win_prob/H/CA/22/snapshots_CA.csv
[deleted] /home/ubuntu/apps/election-app/win_prob/H/CA/22/data_output_CA_with_margins_statewide_eevp.csv
[deleted] /home/ubuntu/apps/election-app/win_prob/H/CA/22/data_output_CA_with_margins.csv
[deleted] /home/ubuntu/apps/election-app/win_prob/H/CA/22/data_output_CA.csv
[deleted] /home/ubuntu/apps/election-app/win_prob/H/CA/22/data_output_CA.csv.checkpoint.json
[deleted] /home/ubuntu/apps/election-app/win_prob/H/CA/22/stats.csv
[deleted] /home/ubuntu/apps/election-app/win_prob/H/CA/22/stats2.csv
[done] removed 16 file(s)
[2026-01-24 16:33:28] INFO: [PIPELINE] args: office=H state=CA district=22
[2026-01-24 16:33:28] INFO: [PIPELINE] WINPROB_DIR resolved to: /home/ubuntu/apps/election-app/win_prob/H/CA/22
[2026-01-24 16:33:28] INFO: [PIPELINE] OUTDIR set to: /home/ubuntu/apps/election-app/win_prob/H/CA/22

$ /home/ubuntu/.venv/bin/python3 /home/ubuntu/apps/election-app/stats/1-statewide.py --input /home/ubuntu/apps/election-app/win_prob/H/CA/22/stats.csv --output /home/ubuntu/apps/election-app/win_prob/H/CA/22/_work/stats_with_statewide.csv
Wrote /home/ubuntu/apps/election-app/win_prob/H/CA/22/_work/stats_with_statewide.csv (rows=3)

$ /home/ubuntu/.venv/bin/python3 /home/ubuntu/apps/election-app/stats/1-stats-2.py --input /home/ubuntu/apps/election-app/win_prob/H/CA/22/stats2.csv --output /home/ubuntu/apps/election-app/win_prob/H/CA/22/_work/stats2_final_headers.csv
Wrote /home/ubuntu/apps/election-app/win_prob/H/CA/22/_work/stats2_final_headers.csv (rows=3)

$ /home/ubuntu/.venv/bin/python3 /home/ubuntu/apps/election-app/stats/1-append-new.py
Wrote 2024_county_results_with_final-old.csv (rows=3, missing_final_matches=0)

$ /home/ubuntu/.venv/bin/python3 /home/ubuntu/apps/election-app/stats/1-change_header.py
Wrote: 2024_county_results_with_final.csv

$ /home/ubuntu/.venv/bin/python3 /home/ubuntu/apps/election-app/stats/1-cut-zero-fips.py
Wrote: 2024_county_results_with_final_1.csv
Rows before: 3
Rows after:  3
Dropped (fips == 0): 0

$ /home/ubuntu/.venv/bin/python3 /home/ubuntu/apps/election-app/stats/2-calc.py
Wrote 3 rows with calculations to /home/ubuntu/apps/election-app/win_prob/H/CA/22/_work/2024_county_results_with_calcs-old.csv

$ /home/ubuntu/.venv/bin/python3 /home/ubuntu/apps/election-app/stats/2-eevp.py
Wrote (no-op copy): 2024_county_results_with_calcs.csv
Columns:
 - timestamp
 - state
 - county
 - fips
 - trump_votes
 - harris_votes
 - other_votes
 - eevp
 - state_eevp
 - harris_votes_statewide
 - trump_votes_statewide
 - other_votes_statewide
 - final_state
 - final_county
 - final_fips
 - final_trump_votes
 - final_harris_votes
 - final_other_votes
 - harris_percent_snapshot
 - trump_percent_snapshot
 - margin_snapshot
 - harris_percent_final
 - trump_percent_final
 - margin_final
 - margin_difference
 - margin_difference_abs

$ /home/ubuntu/.venv/bin/python3 /home/ubuntu/apps/election-app/stats/3-calc-new.py
Wrote 3 rows with new columns to /home/ubuntu/apps/election-app/win_prob/H/CA/22/_work/2024_county_results_with_calcs_new.csv

$ /home/ubuntu/.venv/bin/python3 /home/ubuntu/apps/election-app/stats/4-stats.py
Reading 2024_county_results_with_calcs_new.csv...
Aggregating statewide totals...
Calculating percentages and margins...
Writing to output_statewide_stats.csv...
Done!
[2026-01-24 16:33:37] INFO: [PIPELINE] ENTER win-prob generation | states=['CA'] ts_list=['2024-11-05T15-30-22']

============================================================================
[01/1] STATE = CA
============================================================================

$ /home/ubuntu/.venv/bin/python3 /home/ubuntu/apps/election-app/stats/5-snapshots.py --state CA --input /home/ubuntu/apps/election-app/win_prob/H/CA/22/_work/output_statewide_stats.csv --output /home/ubuntu/apps/election-app/win_prob/H/CA/22/snapshots_CA.csv --start 2024-11-05T15-30-22 --end 2024-11-05T15-30-22 --use-window 1 --interval 30
Mode: windowed-one-state
Rows written: 3
Distinct states in output: CA
Rows per normalized timestamp (empty = unparseable):
  2024-11-05T15-30-22: 3
Wrote /home/ubuntu/apps/election-app/win_prob/H/CA/22/snapshots_CA.csv

$ /home/ubuntu/.venv/bin/python3 /home/ubuntu/apps/election-app/stats/6-pval.py /home/ubuntu/apps/election-app/win_prob/H/CA/22/snapshots_CA.csv -t /home/ubuntu/apps/election-app/stats/parameters.csv -o /home/ubuntu/apps/election-app/win_prob/H/CA/22/data_output_CA.csv -c 50
Done. Wrote: /home/ubuntu/apps/election-app/win_prob/H/CA/22/data_output_CA.csv
Total rows: 3 (chunked, resumable).
Computed columns for PVALS = [0.01, 0.1, 1, 2, 3, 5, 10, 15, 20, 25, 30, 35, 40, 45, 50, 55, 60, 65, 70, 75, 80, 85, 90, 95, 97, 98, 99, 99.9, 99.99]
Per p (leader): shift_{p}, margin_new_{p}, harris_percent_new_{p}, trump_percent_new_{p}, total_snapshot_{p}, total_expected_{p}, harris_votes_new_{p}, trump_votes_new_{p}
Per p (trailing): shift_trailing_{p}, margin_new_{p}_trailing, harris_percent_new_{p}_trailing, trump_percent_new_{p}_trailing, total_snapshot_{p}_trailing, total_expected_{p}_trailing, harris_votes_new_{p}_trailing, trump_votes_new_{p}_trailing
Checkpoint saved at: /home/ubuntu/apps/election-app/win_prob/H/CA/22/data_output_CA.csv.checkpoint.json

$ /home/ubuntu/.venv/bin/python3 /home/ubuntu/apps/election-app/stats/7-margin-new.py
Wrote data_output_with_margins_old.csv

$ /home/ubuntu/.venv/bin/python3 /home/ubuntu/apps/election-app/stats/7-eevp-statewide.py
Wrote data_output_with_margins.csv (copied from data_output_with_margins_old.csv)

$ /home/ubuntu/.venv/bin/python3 /home/ubuntu/apps/election-app/stats/7.py --input /home/ubuntu/apps/election-app/win_prob/H/CA/22/data_output_CA_with_margins_statewide_eevp.csv --output /home/ubuntu/apps/election-app/win_prob/H/CA/22/statewide_margin_pct_vs_percent_CA_2026.png --state CA --start 2024-11-05T15-30-22 --end 2024-11-05T15-30-22 --stats /home/ubuntu/apps/election-app/win_prob/H/CA/22/stats.csv --stats2 /home/ubuntu/apps/election-app/win_prob/H/CA/22/stats2.csv --interval 30 --year 2026 --jsonl /home/ubuntu/apps/election-app/win_prob/H/CA/22/plotdata_CA_2026_2026-01-24T16-33-28.jsonl
[info] evaluating 1 timestamps from 2024-11-05T15-30-22 to 2024-11-05T15-30-22 every 30 minutes
[saved] probs_timeseries_CA.csv  (1 points)
[saved] /home/ubuntu/apps/election-app/win_prob/H/CA/22/plotdata_CA_2026_2026-01-24T16-33-28.jsonl  (0 points)
[saved] /home/ubuntu/apps/election-app/win_prob/H/CA/22/statewide_margin_pct_vs_percent_CA_2026_box.json
[saved] /home/ubuntu/apps/election-app/win_prob/H/CA/22/statewide_margin_pct_vs_percent_CA_2026_box.png
[saved] /home/ubuntu/apps/election-app/win_prob/H/CA/22/statewide_margin_pct_vs_percent_CA_2026.png

All 50 states complete. See: /home/ubuntu/apps/election-app/win_prob/H/CA/22

$ /home/ubuntu/.venv/bin/python3 /home/ubuntu/apps/election-app/stats/8.py --root /home/ubuntu/apps/election-app/win_prob/H/CA/22/_work --outdir /home/ubuntu/apps/election-app/win_prob/H/CA/22
[info] root  = /home/ubuntu/apps/election-app/win_prob/H/CA/22/_work
[info] outdir= /home/ubuntu/apps/election-app/win_prob/H/CA/22
[deleted] /home/ubuntu/apps/election-app/win_prob/H/CA/22/_work/stats_with_statewide.csv
[deleted] /home/ubuntu/apps/election-app/win_prob/H/CA/22/_work/stats2_final_headers.csv
[deleted] /home/ubuntu/apps/election-app/win_prob/H/CA/22/_work/2024_county_results_with_final-old.csv
[deleted] /home/ubuntu/apps/election-app/win_prob/H/CA/22/_work/2024_county_results_with_final.csv
[deleted] /home/ubuntu/apps/election-app/win_prob/H/CA/22/_work/2024_county_results_with_final_1.csv
[deleted] /home/ubuntu/apps/election-app/win_prob/H/CA/22/_work/2024_county_results_with_calcs-old.csv
[deleted] /home/ubuntu/apps/election-app/win_prob/H/CA/22/_work/2024_county_results_with_calcs_new.csv
[deleted] /home/ubuntu/apps/election-app/win_prob/H/CA/22/_work/output_statewide_stats.csv
[skip]    /home/ubuntu/apps/election-app/win_prob/H/CA/22/_work/probs_timeseries_PA.csv
[deleted] /home/ubuntu/apps/election-app/win_prob/H/CA/22/_work/2024_county_results_with_calcs.csv
[skip]    /home/ubuntu/apps/election-app/win_prob/H/CA/22/data_output.csv
[skip]    /home/ubuntu/apps/election-app/win_prob/H/CA/22/data_output_with_margins_old.csv
[skip]    /home/ubuntu/apps/election-app/win_prob/H/CA/22/data_output_with_margins.csv
[skip]    /home/ubuntu/apps/election-app/win_prob/H/CA/22/data_output_with_margins-statewide.csv
[deleted] /home/ubuntu/apps/election-app/win_prob/H/CA/22/snapshots_CA.csv
[deleted] /home/ubuntu/apps/election-app/win_prob/H/CA/22/data_output_CA_with_margins_statewide_eevp.csv
[deleted] /home/ubuntu/apps/election-app/win_prob/H/CA/22/data_output_CA_with_margins.csv
[deleted] /home/ubuntu/apps/election-app/win_prob/H/CA/22/data_output_CA.csv
[deleted] /home/ubuntu/apps/election-app/win_prob/H/CA/22/data_output_CA.csv.checkpoint.json
[deleted] /home/ubuntu/apps/election-app/win_prob/H/CA/22/stats.csv
[deleted] /home/ubuntu/apps/election-app/win_prob/H/CA/22/stats2.csv
[done] removed 16 file(s)
[2026-01-24 17:01:43] INFO: [PIPELINE] args: office=H state=CA district=22
[2026-01-24 17:01:43] INFO: [PIPELINE] WINPROB_DIR resolved to: /home/ubuntu/apps/election-app/win_prob/H/CA/22
[2026-01-24 17:01:43] INFO: [PIPELINE] OUTDIR set to: /home/ubuntu/apps/election-app/win_prob/H/CA/22

$ /home/ubuntu/.venv/bin/python3 /home/ubuntu/apps/election-app/stats/1-statewide.py --input /home/ubuntu/apps/election-app/win_prob/H/CA/22/stats.csv --output /home/ubuntu/apps/election-app/win_prob/H/CA/22/_work/stats_with_statewide.csv
Wrote /home/ubuntu/apps/election-app/win_prob/H/CA/22/_work/stats_with_statewide.csv (rows=3)

$ /home/ubuntu/.venv/bin/python3 /home/ubuntu/apps/election-app/stats/1-stats-2.py --input /home/ubuntu/apps/election-app/win_prob/H/CA/22/stats2.csv --output /home/ubuntu/apps/election-app/win_prob/H/CA/22/_work/stats2_final_headers.csv
Wrote /home/ubuntu/apps/election-app/win_prob/H/CA/22/_work/stats2_final_headers.csv (rows=3)

$ /home/ubuntu/.venv/bin/python3 /home/ubuntu/apps/election-app/stats/1-append-new.py
Wrote 2024_county_results_with_final-old.csv (rows=3, missing_final_matches=0)

$ /home/ubuntu/.venv/bin/python3 /home/ubuntu/apps/election-app/stats/1-change_header.py
Wrote: 2024_county_results_with_final.csv

$ /home/ubuntu/.venv/bin/python3 /home/ubuntu/apps/election-app/stats/1-cut-zero-fips.py
Wrote: 2024_county_results_with_final_1.csv
Rows before: 3
Rows after:  3
Dropped (fips == 0): 0

$ /home/ubuntu/.venv/bin/python3 /home/ubuntu/apps/election-app/stats/2-calc.py
Wrote 3 rows with calculations to /home/ubuntu/apps/election-app/win_prob/H/CA/22/_work/2024_county_results_with_calcs-old.csv

$ /home/ubuntu/.venv/bin/python3 /home/ubuntu/apps/election-app/stats/2-eevp.py
Wrote (no-op copy): 2024_county_results_with_calcs.csv
Columns:
 - timestamp
 - state
 - county
 - fips
 - trump_votes
 - harris_votes
 - other_votes
 - eevp
 - state_eevp
 - harris_votes_statewide
 - trump_votes_statewide
 - other_votes_statewide
 - final_state
 - final_county
 - final_fips
 - final_trump_votes
 - final_harris_votes
 - final_other_votes
 - harris_percent_snapshot
 - trump_percent_snapshot
 - margin_snapshot
 - harris_percent_final
 - trump_percent_final
 - margin_final
 - margin_difference
 - margin_difference_abs

$ /home/ubuntu/.venv/bin/python3 /home/ubuntu/apps/election-app/stats/3-calc-new.py
Wrote 3 rows with new columns to /home/ubuntu/apps/election-app/win_prob/H/CA/22/_work/2024_county_results_with_calcs_new.csv

$ /home/ubuntu/.venv/bin/python3 /home/ubuntu/apps/election-app/stats/4-stats.py
Reading 2024_county_results_with_calcs_new.csv...
Aggregating statewide totals...
Calculating percentages and margins...
Writing to output_statewide_stats.csv...
Done!
[2026-01-24 17:01:53] INFO: [PIPELINE] ENTER win-prob generation | states=['CA'] ts_list=['2024-11-05T15-30-22']

============================================================================
[01/1] STATE = CA
============================================================================

$ /home/ubuntu/.venv/bin/python3 /home/ubuntu/apps/election-app/stats/5-snapshots.py --state CA --input /home/ubuntu/apps/election-app/win_prob/H/CA/22/_work/output_statewide_stats.csv --output /home/ubuntu/apps/election-app/win_prob/H/CA/22/snapshots_CA.csv --start 2024-11-05T15-30-22 --end 2024-11-05T15-30-22 --use-window 1 --interval 30
Mode: windowed-one-state
Rows written: 3
Distinct states in output: CA
Rows per normalized timestamp (empty = unparseable):
  2024-11-05T15-30-22: 3
Wrote /home/ubuntu/apps/election-app/win_prob/H/CA/22/snapshots_CA.csv

$ /home/ubuntu/.venv/bin/python3 /home/ubuntu/apps/election-app/stats/6-pval.py /home/ubuntu/apps/election-app/win_prob/H/CA/22/snapshots_CA.csv -t /home/ubuntu/apps/election-app/stats/parameters.csv -o /home/ubuntu/apps/election-app/win_prob/H/CA/22/data_output_CA.csv -c 50
Done. Wrote: /home/ubuntu/apps/election-app/win_prob/H/CA/22/data_output_CA.csv
Total rows: 3 (chunked, resumable).
Computed columns for PVALS = [0.01, 0.1, 1, 2, 3, 5, 10, 15, 20, 25, 30, 35, 40, 45, 50, 55, 60, 65, 70, 75, 80, 85, 90, 95, 97, 98, 99, 99.9, 99.99]
Per p (leader): shift_{p}, margin_new_{p}, harris_percent_new_{p}, trump_percent_new_{p}, total_snapshot_{p}, total_expected_{p}, harris_votes_new_{p}, trump_votes_new_{p}
Per p (trailing): shift_trailing_{p}, margin_new_{p}_trailing, harris_percent_new_{p}_trailing, trump_percent_new_{p}_trailing, total_snapshot_{p}_trailing, total_expected_{p}_trailing, harris_votes_new_{p}_trailing, trump_votes_new_{p}_trailing
Checkpoint saved at: /home/ubuntu/apps/election-app/win_prob/H/CA/22/data_output_CA.csv.checkpoint.json

$ /home/ubuntu/.venv/bin/python3 /home/ubuntu/apps/election-app/stats/7-margin-new.py
Wrote data_output_with_margins_old.csv

$ /home/ubuntu/.venv/bin/python3 /home/ubuntu/apps/election-app/stats/7-eevp-statewide.py
Wrote data_output_with_margins.csv (copied from data_output_with_margins_old.csv)

$ /home/ubuntu/.venv/bin/python3 /home/ubuntu/apps/election-app/stats/7.py --input /home/ubuntu/apps/election-app/win_prob/H/CA/22/data_output_CA_with_margins_statewide_eevp.csv --output /home/ubuntu/apps/election-app/win_prob/H/CA/22/statewide_margin_pct_vs_percent_CA_2026.png --state CA --start 2024-11-05T15-30-22 --end 2024-11-05T15-30-22 --stats /home/ubuntu/apps/election-app/win_prob/H/CA/22/stats.csv --stats2 /home/ubuntu/apps/election-app/win_prob/H/CA/22/stats2.csv --interval 30 --year 2026 --jsonl /home/ubuntu/apps/election-app/win_prob/H/CA/22/plotdata_CA_2026_2026-01-24T17-01-43.jsonl
[info] evaluating 1 timestamps from 2024-11-05T15-30-22 to 2024-11-05T15-30-22 every 30 minutes
[saved] probs_timeseries_CA.csv  (1 points)
[saved] /home/ubuntu/apps/election-app/win_prob/H/CA/22/plotdata_CA_2026_2026-01-24T17-01-43.jsonl  (4 points)
[saved] /home/ubuntu/apps/election-app/win_prob/H/CA/22/statewide_margin_pct_vs_percent_CA_2026_box.json
[saved] /home/ubuntu/apps/election-app/win_prob/H/CA/22/statewide_margin_pct_vs_percent_CA_2026_box.png
[saved] /home/ubuntu/apps/election-app/win_prob/H/CA/22/statewide_margin_pct_vs_percent_CA_2026.png

All 50 states complete. See: /home/ubuntu/apps/election-app/win_prob/H/CA/22

$ /home/ubuntu/.venv/bin/python3 /home/ubuntu/apps/election-app/stats/8.py --root /home/ubuntu/apps/election-app/win_prob/H/CA/22/_work --outdir /home/ubuntu/apps/election-app/win_prob/H/CA/22
[info] root  = /home/ubuntu/apps/election-app/win_prob/H/CA/22/_work
[info] outdir= /home/ubuntu/apps/election-app/win_prob/H/CA/22
[deleted] /home/ubuntu/apps/election-app/win_prob/H/CA/22/_work/stats_with_statewide.csv
[deleted] /home/ubuntu/apps/election-app/win_prob/H/CA/22/_work/stats2_final_headers.csv
[deleted] /home/ubuntu/apps/election-app/win_prob/H/CA/22/_work/2024_county_results_with_final-old.csv
[deleted] /home/ubuntu/apps/election-app/win_prob/H/CA/22/_work/2024_county_results_with_final.csv
[deleted] /home/ubuntu/apps/election-app/win_prob/H/CA/22/_work/2024_county_results_with_final_1.csv
[deleted] /home/ubuntu/apps/election-app/win_prob/H/CA/22/_work/2024_county_results_with_calcs-old.csv
[deleted] /home/ubuntu/apps/election-app/win_prob/H/CA/22/_work/2024_county_results_with_calcs_new.csv
[deleted] /home/ubuntu/apps/election-app/win_prob/H/CA/22/_work/output_statewide_stats.csv
[skip]    /home/ubuntu/apps/election-app/win_prob/H/CA/22/_work/probs_timeseries_PA.csv
[deleted] /home/ubuntu/apps/election-app/win_prob/H/CA/22/_work/2024_county_results_with_calcs.csv
[skip]    /home/ubuntu/apps/election-app/win_prob/H/CA/22/data_output.csv
[skip]    /home/ubuntu/apps/election-app/win_prob/H/CA/22/data_output_with_margins_old.csv
[skip]    /home/ubuntu/apps/election-app/win_prob/H/CA/22/data_output_with_margins.csv
[skip]    /home/ubuntu/apps/election-app/win_prob/H/CA/22/data_output_with_margins-statewide.csv
[deleted] /home/ubuntu/apps/election-app/win_prob/H/CA/22/snapshots_CA.csv
[deleted] /home/ubuntu/apps/election-app/win_prob/H/CA/22/data_output_CA_with_margins_statewide_eevp.csv
[deleted] /home/ubuntu/apps/election-app/win_prob/H/CA/22/data_output_CA_with_margins.csv
[deleted] /home/ubuntu/apps/election-app/win_prob/H/CA/22/data_output_CA.csv
[deleted] /home/ubuntu/apps/election-app/win_prob/H/CA/22/data_output_CA.csv.checkpoint.json
[deleted] /home/ubuntu/apps/election-app/win_prob/H/CA/22/stats.csv
[deleted] /home/ubuntu/apps/election-app/win_prob/H/CA/22/stats2.csv
[done] removed 16 file(s)
[2026-01-24 17:08:49] INFO: [PIPELINE] args: office=H state=CA district=22
[2026-01-24 17:08:49] INFO: [PIPELINE] WINPROB_DIR resolved to: /home/ubuntu/apps/election-app/win_prob/H/CA/22
[2026-01-24 17:08:49] INFO: [PIPELINE] OUTDIR set to: /home/ubuntu/apps/election-app/win_prob/H/CA/22

$ /home/ubuntu/.venv/bin/python3 /home/ubuntu/apps/election-app/stats/1-statewide.py --input /home/ubuntu/apps/election-app/win_prob/H/CA/22/stats.csv --output /home/ubuntu/apps/election-app/win_prob/H/CA/22/_work/stats_with_statewide.csv
Wrote /home/ubuntu/apps/election-app/win_prob/H/CA/22/_work/stats_with_statewide.csv (rows=3)

$ /home/ubuntu/.venv/bin/python3 /home/ubuntu/apps/election-app/stats/1-stats-2.py --input /home/ubuntu/apps/election-app/win_prob/H/CA/22/stats2.csv --output /home/ubuntu/apps/election-app/win_prob/H/CA/22/_work/stats2_final_headers.csv
Wrote /home/ubuntu/apps/election-app/win_prob/H/CA/22/_work/stats2_final_headers.csv (rows=3)

$ /home/ubuntu/.venv/bin/python3 /home/ubuntu/apps/election-app/stats/1-append-new.py
Wrote 2024_county_results_with_final-old.csv (rows=3, missing_final_matches=0)

$ /home/ubuntu/.venv/bin/python3 /home/ubuntu/apps/election-app/stats/1-change_header.py
Wrote: 2024_county_results_with_final.csv

$ /home/ubuntu/.venv/bin/python3 /home/ubuntu/apps/election-app/stats/1-cut-zero-fips.py
Wrote: 2024_county_results_with_final_1.csv
Rows before: 3
Rows after:  3
Dropped (fips == 0): 0

$ /home/ubuntu/.venv/bin/python3 /home/ubuntu/apps/election-app/stats/2-calc.py
Wrote 3 rows with calculations to /home/ubuntu/apps/election-app/win_prob/H/CA/22/_work/2024_county_results_with_calcs-old.csv

$ /home/ubuntu/.venv/bin/python3 /home/ubuntu/apps/election-app/stats/2-eevp.py
Wrote (no-op copy): 2024_county_results_with_calcs.csv
Columns:
 - timestamp
 - state
 - county
 - fips
 - trump_votes
 - harris_votes
 - other_votes
 - eevp
 - state_eevp
 - harris_votes_statewide
 - trump_votes_statewide
 - other_votes_statewide
 - final_state
 - final_county
 - final_fips
 - final_trump_votes
 - final_harris_votes
 - final_other_votes
 - harris_percent_snapshot
 - trump_percent_snapshot
 - margin_snapshot
 - harris_percent_final
 - trump_percent_final
 - margin_final
 - margin_difference
 - margin_difference_abs

$ /home/ubuntu/.venv/bin/python3 /home/ubuntu/apps/election-app/stats/3-calc-new.py
Wrote 3 rows with new columns to /home/ubuntu/apps/election-app/win_prob/H/CA/22/_work/2024_county_results_with_calcs_new.csv

$ /home/ubuntu/.venv/bin/python3 /home/ubuntu/apps/election-app/stats/4-stats.py
Reading 2024_county_results_with_calcs_new.csv...
Aggregating statewide totals...
Calculating percentages and margins...
Writing to output_statewide_stats.csv...
Done!
[2026-01-24 17:08:58] INFO: [PIPELINE] ENTER win-prob generation | states=['CA'] ts_list=['2024-11-05T15-30-22']

============================================================================
[01/1] STATE = CA
============================================================================

$ /home/ubuntu/.venv/bin/python3 /home/ubuntu/apps/election-app/stats/5-snapshots.py --state CA --input /home/ubuntu/apps/election-app/win_prob/H/CA/22/_work/output_statewide_stats.csv --output /home/ubuntu/apps/election-app/win_prob/H/CA/22/snapshots_CA.csv --start 2024-11-05T15-30-22 --end 2024-11-05T15-30-22 --use-window 1 --interval 30
Mode: windowed-one-state
Rows written: 3
Distinct states in output: CA
Rows per normalized timestamp (empty = unparseable):
  2024-11-05T15-30-22: 3
Wrote /home/ubuntu/apps/election-app/win_prob/H/CA/22/snapshots_CA.csv

$ /home/ubuntu/.venv/bin/python3 /home/ubuntu/apps/election-app/stats/6-pval.py /home/ubuntu/apps/election-app/win_prob/H/CA/22/snapshots_CA.csv -t /home/ubuntu/apps/election-app/stats/parameters.csv -o /home/ubuntu/apps/election-app/win_prob/H/CA/22/data_output_CA.csv -c 50
Done. Wrote: /home/ubuntu/apps/election-app/win_prob/H/CA/22/data_output_CA.csv
Total rows: 3 (chunked, resumable).
Computed columns for PVALS = [0.01, 0.1, 1, 2, 3, 5, 10, 15, 20, 25, 30, 35, 40, 45, 50, 55, 60, 65, 70, 75, 80, 85, 90, 95, 97, 98, 99, 99.9, 99.99]
Per p (leader): shift_{p}, margin_new_{p}, harris_percent_new_{p}, trump_percent_new_{p}, total_snapshot_{p}, total_expected_{p}, harris_votes_new_{p}, trump_votes_new_{p}
Per p (trailing): shift_trailing_{p}, margin_new_{p}_trailing, harris_percent_new_{p}_trailing, trump_percent_new_{p}_trailing, total_snapshot_{p}_trailing, total_expected_{p}_trailing, harris_votes_new_{p}_trailing, trump_votes_new_{p}_trailing
Checkpoint saved at: /home/ubuntu/apps/election-app/win_prob/H/CA/22/data_output_CA.csv.checkpoint.json

$ /home/ubuntu/.venv/bin/python3 /home/ubuntu/apps/election-app/stats/7-margin-new.py
Wrote data_output_with_margins_old.csv

$ /home/ubuntu/.venv/bin/python3 /home/ubuntu/apps/election-app/stats/7-eevp-statewide.py
Wrote data_output_with_margins.csv (copied from data_output_with_margins_old.csv)

$ /home/ubuntu/.venv/bin/python3 /home/ubuntu/apps/election-app/stats/7.py --input /home/ubuntu/apps/election-app/win_prob/H/CA/22/data_output_CA_with_margins_statewide_eevp.csv --output /home/ubuntu/apps/election-app/win_prob/H/CA/22/statewide_margin_pct_vs_percent_CA_2026.png --state CA --start 2024-11-05T15-30-22 --end 2024-11-05T15-30-22 --stats /home/ubuntu/apps/election-app/win_prob/H/CA/22/stats.csv --stats2 /home/ubuntu/apps/election-app/win_prob/H/CA/22/stats2.csv --interval 30 --year 2026 --jsonl /home/ubuntu/apps/election-app/win_prob/H/CA/22/plotdata_CA_2026_2026-01-24T17-08-49.jsonl
[info] evaluating 1 timestamps from 2024-11-05T15-30-22 to 2024-11-05T15-30-22 every 30 minutes
[saved] probs_timeseries_CA.csv  (1 points)
[saved] /home/ubuntu/apps/election-app/win_prob/H/CA/22/plotdata_CA_2026_2026-01-24T17-08-49.jsonl  (4 points)
[saved] /home/ubuntu/apps/election-app/win_prob/H/CA/22/statewide_margin_pct_vs_percent_CA_2026_box.json
[saved] /home/ubuntu/apps/election-app/win_prob/H/CA/22/statewide_margin_pct_vs_percent_CA_2026_box.png
[saved] /home/ubuntu/apps/election-app/win_prob/H/CA/22/statewide_margin_pct_vs_percent_CA_2026.png

All 50 states complete. See: /home/ubuntu/apps/election-app/win_prob/H/CA/22

$ /home/ubuntu/.venv/bin/python3 /home/ubuntu/apps/election-app/stats/8.py --root /home/ubuntu/apps/election-app/win_prob/H/CA/22/_work --outdir /home/ubuntu/apps/election-app/win_prob/H/CA/22
[info] root  = /home/ubuntu/apps/election-app/win_prob/H/CA/22/_work
[info] outdir= /home/ubuntu/apps/election-app/win_prob/H/CA/22
[deleted] /home/ubuntu/apps/election-app/win_prob/H/CA/22/_work/stats_with_statewide.csv
[deleted] /home/ubuntu/apps/election-app/win_prob/H/CA/22/_work/stats2_final_headers.csv
[deleted] /home/ubuntu/apps/election-app/win_prob/H/CA/22/_work/2024_county_results_with_final-old.csv
[deleted] /home/ubuntu/apps/election-app/win_prob/H/CA/22/_work/2024_county_results_with_final.csv
[deleted] /home/ubuntu/apps/election-app/win_prob/H/CA/22/_work/2024_county_results_with_final_1.csv
[deleted] /home/ubuntu/apps/election-app/win_prob/H/CA/22/_work/2024_county_results_with_calcs-old.csv
[deleted] /home/ubuntu/apps/election-app/win_prob/H/CA/22/_work/2024_county_results_with_calcs_new.csv
[deleted] /home/ubuntu/apps/election-app/win_prob/H/CA/22/_work/output_statewide_stats.csv
[skip]    /home/ubuntu/apps/election-app/win_prob/H/CA/22/_work/probs_timeseries_PA.csv
[deleted] /home/ubuntu/apps/election-app/win_prob/H/CA/22/_work/2024_county_results_with_calcs.csv
[skip]    /home/ubuntu/apps/election-app/win_prob/H/CA/22/data_output.csv
[skip]    /home/ubuntu/apps/election-app/win_prob/H/CA/22/data_output_with_margins_old.csv
[skip]    /home/ubuntu/apps/election-app/win_prob/H/CA/22/data_output_with_margins.csv
[skip]    /home/ubuntu/apps/election-app/win_prob/H/CA/22/data_output_with_margins-statewide.csv
[deleted] /home/ubuntu/apps/election-app/win_prob/H/CA/22/snapshots_CA.csv
[deleted] /home/ubuntu/apps/election-app/win_prob/H/CA/22/data_output_CA_with_margins_statewide_eevp.csv
[deleted] /home/ubuntu/apps/election-app/win_prob/H/CA/22/data_output_CA_with_margins.csv
[deleted] /home/ubuntu/apps/election-app/win_prob/H/CA/22/data_output_CA.csv
[deleted] /home/ubuntu/apps/election-app/win_prob/H/CA/22/data_output_CA.csv.checkpoint.json
[deleted] /home/ubuntu/apps/election-app/win_prob/H/CA/22/stats.csv
[deleted] /home/ubuntu/apps/election-app/win_prob/H/CA/22/stats2.csv
[done] removed 16 file(s)
[2026-01-24 17:19:15] INFO: [PIPELINE] args: office=H state=CA district=22
[2026-01-24 17:19:15] INFO: [PIPELINE] WINPROB_DIR resolved to: /home/ubuntu/apps/election-app/win_prob/H/CA/22
[2026-01-24 17:19:15] INFO: [PIPELINE] OUTDIR set to: /home/ubuntu/apps/election-app/win_prob/H/CA/22

$ /home/ubuntu/.venv/bin/python3 /home/ubuntu/apps/election-app/stats/1-statewide.py --input /home/ubuntu/apps/election-app/win_prob/H/CA/22/stats.csv --output /home/ubuntu/apps/election-app/win_prob/H/CA/22/_work/stats_with_statewide.csv
Wrote /home/ubuntu/apps/election-app/win_prob/H/CA/22/_work/stats_with_statewide.csv (rows=3)

$ /home/ubuntu/.venv/bin/python3 /home/ubuntu/apps/election-app/stats/1-stats-2.py --input /home/ubuntu/apps/election-app/win_prob/H/CA/22/stats2.csv --output /home/ubuntu/apps/election-app/win_prob/H/CA/22/_work/stats2_final_headers.csv
Wrote /home/ubuntu/apps/election-app/win_prob/H/CA/22/_work/stats2_final_headers.csv (rows=3)

$ /home/ubuntu/.venv/bin/python3 /home/ubuntu/apps/election-app/stats/1-append-new.py
Wrote 2024_county_results_with_final-old.csv (rows=3, missing_final_matches=0)

$ /home/ubuntu/.venv/bin/python3 /home/ubuntu/apps/election-app/stats/1-change_header.py
Wrote: 2024_county_results_with_final.csv

$ /home/ubuntu/.venv/bin/python3 /home/ubuntu/apps/election-app/stats/1-cut-zero-fips.py
Wrote: 2024_county_results_with_final_1.csv
Rows before: 3
Rows after:  3
Dropped (fips == 0): 0

$ /home/ubuntu/.venv/bin/python3 /home/ubuntu/apps/election-app/stats/2-calc.py
Wrote 3 rows with calculations to /home/ubuntu/apps/election-app/win_prob/H/CA/22/_work/2024_county_results_with_calcs-old.csv

$ /home/ubuntu/.venv/bin/python3 /home/ubuntu/apps/election-app/stats/2-eevp.py
Wrote (no-op copy): 2024_county_results_with_calcs.csv
Columns:
 - timestamp
 - state
 - county
 - fips
 - trump_votes
 - harris_votes
 - other_votes
 - eevp
 - state_eevp
 - harris_votes_statewide
 - trump_votes_statewide
 - other_votes_statewide
 - final_state
 - final_county
 - final_fips
 - final_trump_votes
 - final_harris_votes
 - final_other_votes
 - harris_percent_snapshot
 - trump_percent_snapshot
 - margin_snapshot
 - harris_percent_final
 - trump_percent_final
 - margin_final
 - margin_difference
 - margin_difference_abs

$ /home/ubuntu/.venv/bin/python3 /home/ubuntu/apps/election-app/stats/3-calc-new.py
Wrote 3 rows with new columns to /home/ubuntu/apps/election-app/win_prob/H/CA/22/_work/2024_county_results_with_calcs_new.csv

$ /home/ubuntu/.venv/bin/python3 /home/ubuntu/apps/election-app/stats/4-stats.py
Reading 2024_county_results_with_calcs_new.csv...
Aggregating statewide totals...
Calculating percentages and margins...
Writing to output_statewide_stats.csv...
Done!
[2026-01-24 17:19:25] INFO: [PIPELINE] ENTER win-prob generation | states=['CA'] ts_list=['2024-11-05T15-30-22']

============================================================================
[01/1] STATE = CA
============================================================================

$ /home/ubuntu/.venv/bin/python3 /home/ubuntu/apps/election-app/stats/5-snapshots.py --state CA --input /home/ubuntu/apps/election-app/win_prob/H/CA/22/_work/output_statewide_stats.csv --output /home/ubuntu/apps/election-app/win_prob/H/CA/22/snapshots_CA.csv --start 2024-11-05T15-30-22 --end 2024-11-05T15-30-22 --use-window 1 --interval 30
Mode: windowed-one-state
Rows written: 3
Distinct states in output: CA
Rows per normalized timestamp (empty = unparseable):
  2024-11-05T15-30-22: 3
Wrote /home/ubuntu/apps/election-app/win_prob/H/CA/22/snapshots_CA.csv

$ /home/ubuntu/.venv/bin/python3 /home/ubuntu/apps/election-app/stats/6-pval.py /home/ubuntu/apps/election-app/win_prob/H/CA/22/snapshots_CA.csv -t /home/ubuntu/apps/election-app/stats/parameters.csv -o /home/ubuntu/apps/election-app/win_prob/H/CA/22/data_output_CA.csv -c 50
Done. Wrote: /home/ubuntu/apps/election-app/win_prob/H/CA/22/data_output_CA.csv
Total rows: 3 (chunked, resumable).
Computed columns for PVALS = [0.01, 0.1, 1, 2, 3, 5, 10, 15, 20, 25, 30, 35, 40, 45, 50, 55, 60, 65, 70, 75, 80, 85, 90, 95, 97, 98, 99, 99.9, 99.99]
Per p (leader): shift_{p}, margin_new_{p}, harris_percent_new_{p}, trump_percent_new_{p}, total_snapshot_{p}, total_expected_{p}, harris_votes_new_{p}, trump_votes_new_{p}
Per p (trailing): shift_trailing_{p}, margin_new_{p}_trailing, harris_percent_new_{p}_trailing, trump_percent_new_{p}_trailing, total_snapshot_{p}_trailing, total_expected_{p}_trailing, harris_votes_new_{p}_trailing, trump_votes_new_{p}_trailing
Checkpoint saved at: /home/ubuntu/apps/election-app/win_prob/H/CA/22/data_output_CA.csv.checkpoint.json

$ /home/ubuntu/.venv/bin/python3 /home/ubuntu/apps/election-app/stats/7-margin-new.py
Wrote data_output_with_margins_old.csv

$ /home/ubuntu/.venv/bin/python3 /home/ubuntu/apps/election-app/stats/7-eevp-statewide.py
Wrote data_output_with_margins.csv (copied from data_output_with_margins_old.csv)

$ /home/ubuntu/.venv/bin/python3 /home/ubuntu/apps/election-app/stats/7.py --input /home/ubuntu/apps/election-app/win_prob/H/CA/22/data_output_CA_with_margins_statewide_eevp.csv --output /home/ubuntu/apps/election-app/win_prob/H/CA/22/statewide_margin_pct_vs_percent_CA_2026.png --state CA --start 2024-11-05T15-30-22 --end 2024-11-05T15-30-22 --stats /home/ubuntu/apps/election-app/win_prob/H/CA/22/stats.csv --stats2 /home/ubuntu/apps/election-app/win_prob/H/CA/22/stats2.csv --interval 30 --year 2026 --jsonl /home/ubuntu/apps/election-app/win_prob/H/CA/22/plotdata_CA_2026_2026-01-24T17-19-15.jsonl
[info] evaluating 1 timestamps from 2024-11-05T15-30-22 to 2024-11-05T15-30-22 every 30 minutes
[saved] probs_timeseries_CA.csv  (1 points)
[saved] /home/ubuntu/apps/election-app/win_prob/H/CA/22/plotdata_CA_2026_2026-01-24T17-19-15.jsonl  (4 points)
[saved] /home/ubuntu/apps/election-app/win_prob/H/CA/22/statewide_margin_pct_vs_percent_CA_2026_box.json
[saved] /home/ubuntu/apps/election-app/win_prob/H/CA/22/statewide_margin_pct_vs_percent_CA_2026_box.png
[saved] /home/ubuntu/apps/election-app/win_prob/H/CA/22/statewide_margin_pct_vs_percent_CA_2026.png

All 50 states complete. See: /home/ubuntu/apps/election-app/win_prob/H/CA/22

$ /home/ubuntu/.venv/bin/python3 /home/ubuntu/apps/election-app/stats/8.py --root /home/ubuntu/apps/election-app/win_prob/H/CA/22/_work --outdir /home/ubuntu/apps/election-app/win_prob/H/CA/22
[info] root  = /home/ubuntu/apps/election-app/win_prob/H/CA/22/_work
[info] outdir= /home/ubuntu/apps/election-app/win_prob/H/CA/22
[deleted] /home/ubuntu/apps/election-app/win_prob/H/CA/22/_work/stats_with_statewide.csv
[deleted] /home/ubuntu/apps/election-app/win_prob/H/CA/22/_work/stats2_final_headers.csv
[deleted] /home/ubuntu/apps/election-app/win_prob/H/CA/22/_work/2024_county_results_with_final-old.csv
[deleted] /home/ubuntu/apps/election-app/win_prob/H/CA/22/_work/2024_county_results_with_final.csv
[deleted] /home/ubuntu/apps/election-app/win_prob/H/CA/22/_work/2024_county_results_with_final_1.csv
[deleted] /home/ubuntu/apps/election-app/win_prob/H/CA/22/_work/2024_county_results_with_calcs-old.csv
[deleted] /home/ubuntu/apps/election-app/win_prob/H/CA/22/_work/2024_county_results_with_calcs_new.csv
[deleted] /home/ubuntu/apps/election-app/win_prob/H/CA/22/_work/output_statewide_stats.csv
[skip]    /home/ubuntu/apps/election-app/win_prob/H/CA/22/_work/probs_timeseries_PA.csv
[deleted] /home/ubuntu/apps/election-app/win_prob/H/CA/22/_work/2024_county_results_with_calcs.csv
[skip]    /home/ubuntu/apps/election-app/win_prob/H/CA/22/data_output.csv
[skip]    /home/ubuntu/apps/election-app/win_prob/H/CA/22/data_output_with_margins_old.csv
[skip]    /home/ubuntu/apps/election-app/win_prob/H/CA/22/data_output_with_margins.csv
[skip]    /home/ubuntu/apps/election-app/win_prob/H/CA/22/data_output_with_margins-statewide.csv
[deleted] /home/ubuntu/apps/election-app/win_prob/H/CA/22/snapshots_CA.csv
[deleted] /home/ubuntu/apps/election-app/win_prob/H/CA/22/data_output_CA_with_margins_statewide_eevp.csv
[deleted] /home/ubuntu/apps/election-app/win_prob/H/CA/22/data_output_CA_with_margins.csv
[deleted] /home/ubuntu/apps/election-app/win_prob/H/CA/22/data_output_CA.csv
[deleted] /home/ubuntu/apps/election-app/win_prob/H/CA/22/data_output_CA.csv.checkpoint.json
[deleted] /home/ubuntu/apps/election-app/win_prob/H/CA/22/stats.csv
[deleted] /home/ubuntu/apps/election-app/win_prob/H/CA/22/stats2.csv
[done] removed 16 file(s)
[2026-01-24 17:33:04] INFO: [PIPELINE] args: office=H state=CA district=22
[2026-01-24 17:33:04] INFO: [PIPELINE] WINPROB_DIR resolved to: /home/ubuntu/apps/election-app/win_prob/H/CA/22
[2026-01-24 17:33:04] INFO: [PIPELINE] OUTDIR set to: /home/ubuntu/apps/election-app/win_prob/H/CA/22

$ /home/ubuntu/.venv/bin/python3 /home/ubuntu/apps/election-app/stats/1-statewide.py --input /home/ubuntu/apps/election-app/win_prob/H/CA/22/stats.csv --output /home/ubuntu/apps/election-app/win_prob/H/CA/22/_work/stats_with_statewide.csv
Wrote /home/ubuntu/apps/election-app/win_prob/H/CA/22/_work/stats_with_statewide.csv (rows=3)

$ /home/ubuntu/.venv/bin/python3 /home/ubuntu/apps/election-app/stats/1-stats-2.py --input /home/ubuntu/apps/election-app/win_prob/H/CA/22/stats2.csv --output /home/ubuntu/apps/election-app/win_prob/H/CA/22/_work/stats2_final_headers.csv
Wrote /home/ubuntu/apps/election-app/win_prob/H/CA/22/_work/stats2_final_headers.csv (rows=3)

$ /home/ubuntu/.venv/bin/python3 /home/ubuntu/apps/election-app/stats/1-append-new.py
Wrote 2024_county_results_with_final-old.csv (rows=3, missing_final_matches=0)

$ /home/ubuntu/.venv/bin/python3 /home/ubuntu/apps/election-app/stats/1-change_header.py
Wrote: 2024_county_results_with_final.csv

$ /home/ubuntu/.venv/bin/python3 /home/ubuntu/apps/election-app/stats/1-cut-zero-fips.py
Wrote: 2024_county_results_with_final_1.csv
Rows before: 3
Rows after:  3
Dropped (fips == 0): 0

$ /home/ubuntu/.venv/bin/python3 /home/ubuntu/apps/election-app/stats/2-calc.py
Wrote 3 rows with calculations to /home/ubuntu/apps/election-app/win_prob/H/CA/22/_work/2024_county_results_with_calcs-old.csv

$ /home/ubuntu/.venv/bin/python3 /home/ubuntu/apps/election-app/stats/2-eevp.py
Wrote (no-op copy): 2024_county_results_with_calcs.csv
Columns:
 - timestamp
 - state
 - county
 - fips
 - trump_votes
 - harris_votes
 - other_votes
 - eevp
 - state_eevp
 - harris_votes_statewide
 - trump_votes_statewide
 - other_votes_statewide
 - final_state
 - final_county
 - final_fips
 - final_trump_votes
 - final_harris_votes
 - final_other_votes
 - harris_percent_snapshot
 - trump_percent_snapshot
 - margin_snapshot
 - harris_percent_final
 - trump_percent_final
 - margin_final
 - margin_difference
 - margin_difference_abs

$ /home/ubuntu/.venv/bin/python3 /home/ubuntu/apps/election-app/stats/3-calc-new.py
Wrote 3 rows with new columns to /home/ubuntu/apps/election-app/win_prob/H/CA/22/_work/2024_county_results_with_calcs_new.csv

$ /home/ubuntu/.venv/bin/python3 /home/ubuntu/apps/election-app/stats/4-stats.py
Reading 2024_county_results_with_calcs_new.csv...
Aggregating statewide totals...
Calculating percentages and margins...
Writing to output_statewide_stats.csv...
Done!
[2026-01-24 17:33:13] INFO: [PIPELINE] ENTER win-prob generation | states=['CA'] ts_list=['2024-11-05T15-30-22']

============================================================================
[01/1] STATE = CA
============================================================================

$ /home/ubuntu/.venv/bin/python3 /home/ubuntu/apps/election-app/stats/5-snapshots.py --state CA --input /home/ubuntu/apps/election-app/win_prob/H/CA/22/_work/output_statewide_stats.csv --output /home/ubuntu/apps/election-app/win_prob/H/CA/22/snapshots_CA.csv --start 2024-11-05T15-30-22 --end 2024-11-05T15-30-22 --use-window 1 --interval 30
Mode: windowed-one-state
Rows written: 3
Distinct states in output: CA
Rows per normalized timestamp (empty = unparseable):
  2024-11-05T15-30-22: 3
Wrote /home/ubuntu/apps/election-app/win_prob/H/CA/22/snapshots_CA.csv

$ /home/ubuntu/.venv/bin/python3 /home/ubuntu/apps/election-app/stats/6-pval.py /home/ubuntu/apps/election-app/win_prob/H/CA/22/snapshots_CA.csv -t /home/ubuntu/apps/election-app/stats/parameters.csv -o /home/ubuntu/apps/election-app/win_prob/H/CA/22/data_output_CA.csv -c 50
Done. Wrote: /home/ubuntu/apps/election-app/win_prob/H/CA/22/data_output_CA.csv
Total rows: 3 (chunked, resumable).
Computed columns for PVALS = [0.01, 0.1, 1, 2, 3, 5, 10, 15, 20, 25, 30, 35, 40, 45, 50, 55, 60, 65, 70, 75, 80, 85, 90, 95, 97, 98, 99, 99.9, 99.99]
Per p (leader): shift_{p}, margin_new_{p}, harris_percent_new_{p}, trump_percent_new_{p}, total_snapshot_{p}, total_expected_{p}, harris_votes_new_{p}, trump_votes_new_{p}
Per p (trailing): shift_trailing_{p}, margin_new_{p}_trailing, harris_percent_new_{p}_trailing, trump_percent_new_{p}_trailing, total_snapshot_{p}_trailing, total_expected_{p}_trailing, harris_votes_new_{p}_trailing, trump_votes_new_{p}_trailing
Checkpoint saved at: /home/ubuntu/apps/election-app/win_prob/H/CA/22/data_output_CA.csv.checkpoint.json

$ /home/ubuntu/.venv/bin/python3 /home/ubuntu/apps/election-app/stats/7-margin-new.py
Wrote data_output_with_margins_old.csv

$ /home/ubuntu/.venv/bin/python3 /home/ubuntu/apps/election-app/stats/7-eevp-statewide.py
Wrote data_output_with_margins.csv (copied from data_output_with_margins_old.csv)

$ /home/ubuntu/.venv/bin/python3 /home/ubuntu/apps/election-app/stats/7.py --input /home/ubuntu/apps/election-app/win_prob/H/CA/22/data_output_CA_with_margins_statewide_eevp.csv --output /home/ubuntu/apps/election-app/win_prob/H/CA/22/statewide_margin_pct_vs_percent_CA_2026.png --state CA --start 2024-11-05T15-30-22 --end 2024-11-05T15-30-22 --stats /home/ubuntu/apps/election-app/win_prob/H/CA/22/stats.csv --stats2 /home/ubuntu/apps/election-app/win_prob/H/CA/22/stats2.csv --interval 30 --year 2026 --jsonl /home/ubuntu/apps/election-app/win_prob/H/CA/22/plotdata_CA_2026_2026-01-24T17-33-04.jsonl
[info] evaluating 1 timestamps from 2024-11-05T15-30-22 to 2024-11-05T15-30-22 every 30 minutes
[saved] probs_timeseries_CA.csv  (1 points)
[saved] /home/ubuntu/apps/election-app/win_prob/H/CA/22/plotdata_CA_2026_2026-01-24T17-33-04.jsonl  (4 points)
[saved] /home/ubuntu/apps/election-app/win_prob/H/CA/22/statewide_margin_pct_vs_percent_CA_2026_box.json
[saved] /home/ubuntu/apps/election-app/win_prob/H/CA/22/statewide_margin_pct_vs_percent_CA_2026_box.png
[saved] /home/ubuntu/apps/election-app/win_prob/H/CA/22/statewide_margin_pct_vs_percent_CA_2026.png

All 50 states complete. See: /home/ubuntu/apps/election-app/win_prob/H/CA/22

$ /home/ubuntu/.venv/bin/python3 /home/ubuntu/apps/election-app/stats/8.py --root /home/ubuntu/apps/election-app/win_prob/H/CA/22/_work --outdir /home/ubuntu/apps/election-app/win_prob/H/CA/22
[info] root  = /home/ubuntu/apps/election-app/win_prob/H/CA/22/_work
[info] outdir= /home/ubuntu/apps/election-app/win_prob/H/CA/22
[deleted] /home/ubuntu/apps/election-app/win_prob/H/CA/22/_work/stats_with_statewide.csv
[deleted] /home/ubuntu/apps/election-app/win_prob/H/CA/22/_work/stats2_final_headers.csv
[deleted] /home/ubuntu/apps/election-app/win_prob/H/CA/22/_work/2024_county_results_with_final-old.csv
[deleted] /home/ubuntu/apps/election-app/win_prob/H/CA/22/_work/2024_county_results_with_final.csv
[deleted] /home/ubuntu/apps/election-app/win_prob/H/CA/22/_work/2024_county_results_with_final_1.csv
[deleted] /home/ubuntu/apps/election-app/win_prob/H/CA/22/_work/2024_county_results_with_calcs-old.csv
[deleted] /home/ubuntu/apps/election-app/win_prob/H/CA/22/_work/2024_county_results_with_calcs_new.csv
[deleted] /home/ubuntu/apps/election-app/win_prob/H/CA/22/_work/output_statewide_stats.csv
[skip]    /home/ubuntu/apps/election-app/win_prob/H/CA/22/_work/probs_timeseries_PA.csv
[deleted] /home/ubuntu/apps/election-app/win_prob/H/CA/22/_work/2024_county_results_with_calcs.csv
[skip]    /home/ubuntu/apps/election-app/win_prob/H/CA/22/data_output.csv
[skip]    /home/ubuntu/apps/election-app/win_prob/H/CA/22/data_output_with_margins_old.csv
[skip]    /home/ubuntu/apps/election-app/win_prob/H/CA/22/data_output_with_margins.csv
[skip]    /home/ubuntu/apps/election-app/win_prob/H/CA/22/data_output_with_margins-statewide.csv
[deleted] /home/ubuntu/apps/election-app/win_prob/H/CA/22/snapshots_CA.csv
[deleted] /home/ubuntu/apps/election-app/win_prob/H/CA/22/data_output_CA_with_margins_statewide_eevp.csv
[deleted] /home/ubuntu/apps/election-app/win_prob/H/CA/22/data_output_CA_with_margins.csv
[deleted] /home/ubuntu/apps/election-app/win_prob/H/CA/22/data_output_CA.csv
[deleted] /home/ubuntu/apps/election-app/win_prob/H/CA/22/data_output_CA.csv.checkpoint.json
[deleted] /home/ubuntu/apps/election-app/win_prob/H/CA/22/stats.csv
[deleted] /home/ubuntu/apps/election-app/win_prob/H/CA/22/stats2.csv
[done] removed 16 file(s)
[2026-02-04 17:16:16] INFO: [PIPELINE] args: office=H state=CA district=22
[2026-02-04 17:16:16] INFO: [PIPELINE] WINPROB_DIR resolved to: /home/ubuntu/apps/election-app/win_prob/H/CA/22
[2026-02-04 17:16:16] INFO: [PIPELINE] OUTDIR set to: /home/ubuntu/apps/election-app/win_prob/H/CA/22

$ /home/ubuntu/.venv/bin/python3 /home/ubuntu/apps/election-app/stats/1-statewide.py --input /home/ubuntu/apps/election-app/win_prob/H/CA/22/stats.csv --output /home/ubuntu/apps/election-app/win_prob/H/CA/22/_work/stats_with_statewide.csv
Wrote /home/ubuntu/apps/election-app/win_prob/H/CA/22/_work/stats_with_statewide.csv (rows=3)

$ /home/ubuntu/.venv/bin/python3 /home/ubuntu/apps/election-app/stats/1-stats-2.py --input /home/ubuntu/apps/election-app/win_prob/H/CA/22/stats2.csv --output /home/ubuntu/apps/election-app/win_prob/H/CA/22/_work/stats2_final_headers.csv
Wrote /home/ubuntu/apps/election-app/win_prob/H/CA/22/_work/stats2_final_headers.csv (rows=3)

$ /home/ubuntu/.venv/bin/python3 /home/ubuntu/apps/election-app/stats/1-append-new.py
Wrote 2024_county_results_with_final-old.csv (rows=3, missing_final_matches=0)

$ /home/ubuntu/.venv/bin/python3 /home/ubuntu/apps/election-app/stats/1-change_header.py
Wrote: 2024_county_results_with_final.csv

$ /home/ubuntu/.venv/bin/python3 /home/ubuntu/apps/election-app/stats/1-cut-zero-fips.py
Wrote: 2024_county_results_with_final_1.csv
Rows before: 3
Rows after:  3
Dropped (fips == 0): 0

$ /home/ubuntu/.venv/bin/python3 /home/ubuntu/apps/election-app/stats/2-calc.py
Wrote 3 rows with calculations to /home/ubuntu/apps/election-app/win_prob/H/CA/22/_work/2024_county_results_with_calcs-old.csv

$ /home/ubuntu/.venv/bin/python3 /home/ubuntu/apps/election-app/stats/2-eevp.py
Wrote (no-op copy): 2024_county_results_with_calcs.csv
Columns:
 - timestamp
 - state
 - county
 - fips
 - trump_votes
 - harris_votes
 - other_votes
 - eevp
 - state_eevp
 - harris_votes_statewide
 - trump_votes_statewide
 - other_votes_statewide
 - final_state
 - final_county
 - final_fips
 - final_trump_votes
 - final_harris_votes
 - final_other_votes
 - harris_percent_snapshot
 - trump_percent_snapshot
 - margin_snapshot
 - harris_percent_final
 - trump_percent_final
 - margin_final
 - margin_difference
 - margin_difference_abs

$ /home/ubuntu/.venv/bin/python3 /home/ubuntu/apps/election-app/stats/3-calc-new.py
Wrote 3 rows with new columns to /home/ubuntu/apps/election-app/win_prob/H/CA/22/_work/2024_county_results_with_calcs_new.csv

$ /home/ubuntu/.venv/bin/python3 /home/ubuntu/apps/election-app/stats/4-stats.py
Reading 2024_county_results_with_calcs_new.csv...
Aggregating statewide totals...
Calculating percentages and margins...
Writing to output_statewide_stats.csv...
Done!
[2026-02-04 17:16:27] INFO: [PIPELINE] ENTER win-prob generation | states=['CA'] ts_list=['2024-11-05T15-30-22']

============================================================================
[01/1] STATE = CA
============================================================================

$ /home/ubuntu/.venv/bin/python3 /home/ubuntu/apps/election-app/stats/5-snapshots.py --state CA --input /home/ubuntu/apps/election-app/win_prob/H/CA/22/_work/output_statewide_stats.csv --output /home/ubuntu/apps/election-app/win_prob/H/CA/22/snapshots_CA.csv --start 2024-11-05T15-30-22 --end 2024-11-05T15-30-22 --use-window 1 --interval 30
Mode: windowed-one-state
Rows written: 3
Distinct states in output: CA
Rows per normalized timestamp (empty = unparseable):
  2024-11-05T15-30-22: 3
Wrote /home/ubuntu/apps/election-app/win_prob/H/CA/22/snapshots_CA.csv

$ /home/ubuntu/.venv/bin/python3 /home/ubuntu/apps/election-app/stats/6-pval.py /home/ubuntu/apps/election-app/win_prob/H/CA/22/snapshots_CA.csv -t /home/ubuntu/apps/election-app/stats/parameters.csv -o /home/ubuntu/apps/election-app/win_prob/H/CA/22/data_output_CA.csv -c 50
Done. Wrote: /home/ubuntu/apps/election-app/win_prob/H/CA/22/data_output_CA.csv
Total rows: 3 (chunked, resumable).
Computed columns for PVALS = [0.01, 0.1, 1, 2, 3, 5, 10, 15, 20, 25, 30, 35, 40, 45, 50, 55, 60, 65, 70, 75, 80, 85, 90, 95, 97, 98, 99, 99.9, 99.99]
Per p (leader): shift_{p}, margin_new_{p}, harris_percent_new_{p}, trump_percent_new_{p}, total_snapshot_{p}, total_expected_{p}, harris_votes_new_{p}, trump_votes_new_{p}
Per p (trailing): shift_trailing_{p}, margin_new_{p}_trailing, harris_percent_new_{p}_trailing, trump_percent_new_{p}_trailing, total_snapshot_{p}_trailing, total_expected_{p}_trailing, harris_votes_new_{p}_trailing, trump_votes_new_{p}_trailing
Checkpoint saved at: /home/ubuntu/apps/election-app/win_prob/H/CA/22/data_output_CA.csv.checkpoint.json

$ /home/ubuntu/.venv/bin/python3 /home/ubuntu/apps/election-app/stats/7-margin-new.py
Wrote data_output_with_margins_old.csv

$ /home/ubuntu/.venv/bin/python3 /home/ubuntu/apps/election-app/stats/7-eevp-statewide.py
Wrote data_output_with_margins.csv (copied from data_output_with_margins_old.csv)

$ /home/ubuntu/.venv/bin/python3 /home/ubuntu/apps/election-app/stats/7.py --input /home/ubuntu/apps/election-app/win_prob/H/CA/22/data_output_CA_with_margins_statewide_eevp.csv --output /home/ubuntu/apps/election-app/win_prob/H/CA/22/statewide_margin_pct_vs_percent_CA_2026.png --state CA --start 2024-11-05T15-30-22 --end 2024-11-05T15-30-22 --stats /home/ubuntu/apps/election-app/win_prob/H/CA/22/stats.csv --stats2 /home/ubuntu/apps/election-app/win_prob/H/CA/22/stats2.csv --interval 30 --year 2026 --jsonl /home/ubuntu/apps/election-app/win_prob/H/CA/22/plotdata_CA_2026_2026-02-04T17-16-16.jsonl
[info] evaluating 1 timestamps from 2024-11-05T15-30-22 to 2024-11-05T15-30-22 every 30 minutes
[saved] probs_timeseries_CA.csv  (1 points)
[saved] /home/ubuntu/apps/election-app/win_prob/H/CA/22/plotdata_CA_2026_2026-02-04T17-16-16.jsonl  (4 points)
[saved] /home/ubuntu/apps/election-app/win_prob/H/CA/22/statewide_margin_pct_vs_percent_CA_2026_box.json
[saved] /home/ubuntu/apps/election-app/win_prob/H/CA/22/statewide_margin_pct_vs_percent_CA_2026_box.png
[saved] /home/ubuntu/apps/election-app/win_prob/H/CA/22/statewide_margin_pct_vs_percent_CA_2026.png

All 50 states complete. See: /home/ubuntu/apps/election-app/win_prob/H/CA/22

$ /home/ubuntu/.venv/bin/python3 /home/ubuntu/apps/election-app/stats/8.py --root /home/ubuntu/apps/election-app/win_prob/H/CA/22/_work --outdir /home/ubuntu/apps/election-app/win_prob/H/CA/22
[info] root  = /home/ubuntu/apps/election-app/win_prob/H/CA/22/_work
[info] outdir= /home/ubuntu/apps/election-app/win_prob/H/CA/22
[deleted] /home/ubuntu/apps/election-app/win_prob/H/CA/22/_work/stats_with_statewide.csv
[deleted] /home/ubuntu/apps/election-app/win_prob/H/CA/22/_work/stats2_final_headers.csv
[deleted] /home/ubuntu/apps/election-app/win_prob/H/CA/22/_work/2024_county_results_with_final-old.csv
[deleted] /home/ubuntu/apps/election-app/win_prob/H/CA/22/_work/2024_county_results_with_final.csv
[deleted] /home/ubuntu/apps/election-app/win_prob/H/CA/22/_work/2024_county_results_with_final_1.csv
[deleted] /home/ubuntu/apps/election-app/win_prob/H/CA/22/_work/2024_county_results_with_calcs-old.csv
[deleted] /home/ubuntu/apps/election-app/win_prob/H/CA/22/_work/2024_county_results_with_calcs_new.csv
[deleted] /home/ubuntu/apps/election-app/win_prob/H/CA/22/_work/output_statewide_stats.csv
[skip]    /home/ubuntu/apps/election-app/win_prob/H/CA/22/_work/probs_timeseries_PA.csv
[deleted] /home/ubuntu/apps/election-app/win_prob/H/CA/22/_work/2024_county_results_with_calcs.csv
[skip]    /home/ubuntu/apps/election-app/win_prob/H/CA/22/data_output.csv
[skip]    /home/ubuntu/apps/election-app/win_prob/H/CA/22/data_output_with_margins_old.csv
[skip]    /home/ubuntu/apps/election-app/win_prob/H/CA/22/data_output_with_margins.csv
[skip]    /home/ubuntu/apps/election-app/win_prob/H/CA/22/data_output_with_margins-statewide.csv
[deleted] /home/ubuntu/apps/election-app/win_prob/H/CA/22/snapshots_CA.csv
[deleted] /home/ubuntu/apps/election-app/win_prob/H/CA/22/data_output_CA_with_margins_statewide_eevp.csv
[deleted] /home/ubuntu/apps/election-app/win_prob/H/CA/22/data_output_CA_with_margins.csv
[deleted] /home/ubuntu/apps/election-app/win_prob/H/CA/22/data_output_CA.csv
[deleted] /home/ubuntu/apps/election-app/win_prob/H/CA/22/data_output_CA.csv.checkpoint.json
[deleted] /home/ubuntu/apps/election-app/win_prob/H/CA/22/stats.csv
[deleted] /home/ubuntu/apps/election-app/win_prob/H/CA/22/stats2.csv
[done] removed 16 file(s)
