[2026-01-22 18:06:27] INFO: [PIPELINE] args: office=H state=CA district=30
[2026-01-22 18:06:27] INFO: [PIPELINE] WINPROB_DIR resolved to: /home/ubuntu/apps/election-app/win_prob/H/CA/30
[2026-01-22 18:06:27] INFO: [PIPELINE] OUTDIR set to: /home/ubuntu/apps/election-app/win_prob/H/CA/30

$ /home/ubuntu/.venv/bin/python3 /home/ubuntu/apps/election-app/stats/1-statewide.py --input /home/ubuntu/apps/election-app/win_prob/H/CA/30/stats.csv --output /home/ubuntu/apps/election-app/win_prob/H/CA/30/_work/stats_with_statewide.csv
Wrote /home/ubuntu/apps/election-app/win_prob/H/CA/30/_work/stats_with_statewide.csv (rows=1)

$ /home/ubuntu/.venv/bin/python3 /home/ubuntu/apps/election-app/stats/1-stats-2.py --input /home/ubuntu/apps/election-app/win_prob/H/CA/30/stats2.csv --output /home/ubuntu/apps/election-app/win_prob/H/CA/30/_work/stats2_final_headers.csv
Wrote /home/ubuntu/apps/election-app/win_prob/H/CA/30/_work/stats2_final_headers.csv (rows=1)

$ /home/ubuntu/.venv/bin/python3 /home/ubuntu/apps/election-app/stats/1-append-new.py
Wrote 2024_county_results_with_final-old.csv (rows=1, missing_final_matches=0)

$ /home/ubuntu/.venv/bin/python3 /home/ubuntu/apps/election-app/stats/1-change_header.py
Wrote: 2024_county_results_with_final.csv

$ /home/ubuntu/.venv/bin/python3 /home/ubuntu/apps/election-app/stats/1-cut-zero-fips.py
Wrote: 2024_county_results_with_final_1.csv
Rows before: 1
Rows after:  1
Dropped (fips == 0): 0

$ /home/ubuntu/.venv/bin/python3 /home/ubuntu/apps/election-app/stats/2-calc.py
Wrote 1 rows with calculations to /home/ubuntu/apps/election-app/win_prob/H/CA/30/_work/2024_county_results_with_calcs-old.csv

$ /home/ubuntu/.venv/bin/python3 /home/ubuntu/apps/election-app/stats/2-eevp.py
Wrote (no-op copy): 2024_county_results_with_calcs.csv
Columns:
 - timestamp
 - state
 - county
 - fips
 - trump_votes
 - harris_votes
 - other_votes
 - eevp
 - state_eevp
 - harris_votes_statewide
 - trump_votes_statewide
 - other_votes_statewide
 - final_state
 - final_county
 - final_fips
 - final_trump_votes
 - final_harris_votes
 - final_other_votes
 - harris_percent_snapshot
 - trump_percent_snapshot
 - margin_snapshot
 - harris_percent_final
 - trump_percent_final
 - margin_final
 - margin_difference
 - margin_difference_abs

$ /home/ubuntu/.venv/bin/python3 /home/ubuntu/apps/election-app/stats/3-calc-new.py
Wrote 1 rows with new columns to /home/ubuntu/apps/election-app/win_prob/H/CA/30/_work/2024_county_results_with_calcs_new.csv

$ /home/ubuntu/.venv/bin/python3 /home/ubuntu/apps/election-app/stats/4-stats.py
Reading 2024_county_results_with_calcs_new.csv...
Aggregating statewide totals...
Calculating percentages and margins...
Writing to output_statewide_stats.csv...
Done!
[2026-01-22 18:06:38] INFO: [PIPELINE] ENTER win-prob generation | states=['CA'] ts_list=['2024-11-05T15-30-22']

============================================================================
[01/1] STATE = CA
============================================================================

$ /home/ubuntu/.venv/bin/python3 /home/ubuntu/apps/election-app/stats/5-snapshots.py --state CA --input /home/ubuntu/apps/election-app/win_prob/H/CA/30/_work/output_statewide_stats.csv --output /home/ubuntu/apps/election-app/win_prob/H/CA/30/snapshots_CA.csv --start 2024-11-05T15-30-22 --end 2024-11-05T15-30-22 --use-window 1 --interval 30
Mode: windowed-one-state
Rows written: 1
Distinct states in output: CA
Rows per normalized timestamp (empty = unparseable):
  2024-11-05T15-30-22: 1
Wrote /home/ubuntu/apps/election-app/win_prob/H/CA/30/snapshots_CA.csv

$ /home/ubuntu/.venv/bin/python3 /home/ubuntu/apps/election-app/stats/6-pval.py /home/ubuntu/apps/election-app/win_prob/H/CA/30/snapshots_CA.csv -t /home/ubuntu/apps/election-app/stats/parameters.csv -o /home/ubuntu/apps/election-app/win_prob/H/CA/30/data_output_CA.csv -c 50
Done. Wrote: /home/ubuntu/apps/election-app/win_prob/H/CA/30/data_output_CA.csv
Total rows: 1 (chunked, resumable).
Computed columns for PVALS = [0.01, 0.1, 1, 2, 3, 5, 10, 15, 20, 25, 30, 35, 40, 45, 50, 55, 60, 65, 70, 75, 80, 85, 90, 95, 97, 98, 99, 99.9, 99.99]
Per p (leader): shift_{p}, margin_new_{p}, harris_percent_new_{p}, trump_percent_new_{p}, total_snapshot_{p}, total_expected_{p}, harris_votes_new_{p}, trump_votes_new_{p}
Per p (trailing): shift_trailing_{p}, margin_new_{p}_trailing, harris_percent_new_{p}_trailing, trump_percent_new_{p}_trailing, total_snapshot_{p}_trailing, total_expected_{p}_trailing, harris_votes_new_{p}_trailing, trump_votes_new_{p}_trailing
Checkpoint saved at: /home/ubuntu/apps/election-app/win_prob/H/CA/30/data_output_CA.csv.checkpoint.json

$ /home/ubuntu/.venv/bin/python3 /home/ubuntu/apps/election-app/stats/7-margin-new.py
Wrote data_output_with_margins_old.csv

$ /home/ubuntu/.venv/bin/python3 /home/ubuntu/apps/election-app/stats/7-eevp-statewide.py
Wrote data_output_with_margins.csv (copied from data_output_with_margins_old.csv)

$ /home/ubuntu/.venv/bin/python3 /home/ubuntu/apps/election-app/stats/7.py --input /home/ubuntu/apps/election-app/win_prob/H/CA/30/data_output_CA_with_margins_statewide_eevp.csv --output /home/ubuntu/apps/election-app/win_prob/H/CA/30/statewide_margin_pct_vs_percent_CA_2026.png --state CA --start 2024-11-05T15-30-22 --end 2024-11-05T15-30-22 --stats /home/ubuntu/apps/election-app/win_prob/H/CA/30/stats.csv --stats2 /home/ubuntu/apps/election-app/win_prob/H/CA/30/stats2.csv --interval 30 --year 2026 --jsonl /home/ubuntu/apps/election-app/win_prob/H/CA/30/plotdata_CA_2026_2026-01-22T18-06-27.jsonl
[info] evaluating 1 timestamps from 2024-11-05T15-30-22 to 2024-11-05T15-30-22 every 30 minutes
[saved] probs_timeseries_CA.csv  (1 points)
[saved] /home/ubuntu/apps/election-app/win_prob/H/CA/30/plotdata_CA_2026_2026-01-22T18-06-27.jsonl  (0 points)
[saved] /home/ubuntu/apps/election-app/win_prob/H/CA/30/statewide_margin_pct_vs_percent_CA_2026_box.json
[saved] /home/ubuntu/apps/election-app/win_prob/H/CA/30/statewide_margin_pct_vs_percent_CA_2026_box.png
[saved] /home/ubuntu/apps/election-app/win_prob/H/CA/30/statewide_margin_pct_vs_percent_CA_2026.png

All 50 states complete. See: /home/ubuntu/apps/election-app/win_prob/H/CA/30

$ /home/ubuntu/.venv/bin/python3 /home/ubuntu/apps/election-app/stats/8.py --root /home/ubuntu/apps/election-app/win_prob/H/CA/30/_work --outdir /home/ubuntu/apps/election-app/win_prob/H/CA/30
[info] root  = /home/ubuntu/apps/election-app/win_prob/H/CA/30/_work
[info] outdir= /home/ubuntu/apps/election-app/win_prob/H/CA/30
[deleted] /home/ubuntu/apps/election-app/win_prob/H/CA/30/_work/stats_with_statewide.csv
[deleted] /home/ubuntu/apps/election-app/win_prob/H/CA/30/_work/stats2_final_headers.csv
[deleted] /home/ubuntu/apps/election-app/win_prob/H/CA/30/_work/2024_county_results_with_final-old.csv
[deleted] /home/ubuntu/apps/election-app/win_prob/H/CA/30/_work/2024_county_results_with_final.csv
[deleted] /home/ubuntu/apps/election-app/win_prob/H/CA/30/_work/2024_county_results_with_final_1.csv
[deleted] /home/ubuntu/apps/election-app/win_prob/H/CA/30/_work/2024_county_results_with_calcs-old.csv
[deleted] /home/ubuntu/apps/election-app/win_prob/H/CA/30/_work/2024_county_results_with_calcs_new.csv
[deleted] /home/ubuntu/apps/election-app/win_prob/H/CA/30/_work/output_statewide_stats.csv
[skip]    /home/ubuntu/apps/election-app/win_prob/H/CA/30/_work/probs_timeseries_PA.csv
[deleted] /home/ubuntu/apps/election-app/win_prob/H/CA/30/_work/2024_county_results_with_calcs.csv
[skip]    /home/ubuntu/apps/election-app/win_prob/H/CA/30/data_output.csv
[skip]    /home/ubuntu/apps/election-app/win_prob/H/CA/30/data_output_with_margins_old.csv
[skip]    /home/ubuntu/apps/election-app/win_prob/H/CA/30/data_output_with_margins.csv
[skip]    /home/ubuntu/apps/election-app/win_prob/H/CA/30/data_output_with_margins-statewide.csv
[deleted] /home/ubuntu/apps/election-app/win_prob/H/CA/30/snapshots_CA.csv
[deleted] /home/ubuntu/apps/election-app/win_prob/H/CA/30/data_output_CA_with_margins_statewide_eevp.csv
[deleted] /home/ubuntu/apps/election-app/win_prob/H/CA/30/data_output_CA_with_margins.csv
[deleted] /home/ubuntu/apps/election-app/win_prob/H/CA/30/data_output_CA.csv
[deleted] /home/ubuntu/apps/election-app/win_prob/H/CA/30/data_output_CA.csv.checkpoint.json
[deleted] /home/ubuntu/apps/election-app/win_prob/H/CA/30/stats.csv
[deleted] /home/ubuntu/apps/election-app/win_prob/H/CA/30/stats2.csv
[done] removed 16 file(s)
[2026-01-22 18:41:42] INFO: [PIPELINE] args: office=H state=CA district=30
[2026-01-22 18:41:42] INFO: [PIPELINE] WINPROB_DIR resolved to: /home/ubuntu/apps/election-app/win_prob/H/CA/30
[2026-01-22 18:41:42] INFO: [PIPELINE] OUTDIR set to: /home/ubuntu/apps/election-app/win_prob/H/CA/30

$ /home/ubuntu/.venv/bin/python3 /home/ubuntu/apps/election-app/stats/1-statewide.py --input /home/ubuntu/apps/election-app/win_prob/H/CA/30/stats.csv --output /home/ubuntu/apps/election-app/win_prob/H/CA/30/_work/stats_with_statewide.csv
Wrote /home/ubuntu/apps/election-app/win_prob/H/CA/30/_work/stats_with_statewide.csv (rows=1)

$ /home/ubuntu/.venv/bin/python3 /home/ubuntu/apps/election-app/stats/1-stats-2.py --input /home/ubuntu/apps/election-app/win_prob/H/CA/30/stats2.csv --output /home/ubuntu/apps/election-app/win_prob/H/CA/30/_work/stats2_final_headers.csv
Wrote /home/ubuntu/apps/election-app/win_prob/H/CA/30/_work/stats2_final_headers.csv (rows=1)

$ /home/ubuntu/.venv/bin/python3 /home/ubuntu/apps/election-app/stats/1-append-new.py
Wrote 2024_county_results_with_final-old.csv (rows=1, missing_final_matches=0)

$ /home/ubuntu/.venv/bin/python3 /home/ubuntu/apps/election-app/stats/1-change_header.py
Wrote: 2024_county_results_with_final.csv

$ /home/ubuntu/.venv/bin/python3 /home/ubuntu/apps/election-app/stats/1-cut-zero-fips.py
Wrote: 2024_county_results_with_final_1.csv
Rows before: 1
Rows after:  1
Dropped (fips == 0): 0

$ /home/ubuntu/.venv/bin/python3 /home/ubuntu/apps/election-app/stats/2-calc.py
Wrote 1 rows with calculations to /home/ubuntu/apps/election-app/win_prob/H/CA/30/_work/2024_county_results_with_calcs-old.csv

$ /home/ubuntu/.venv/bin/python3 /home/ubuntu/apps/election-app/stats/2-eevp.py
Wrote (no-op copy): 2024_county_results_with_calcs.csv
Columns:
 - timestamp
 - state
 - county
 - fips
 - trump_votes
 - harris_votes
 - other_votes
 - eevp
 - state_eevp
 - harris_votes_statewide
 - trump_votes_statewide
 - other_votes_statewide
 - final_state
 - final_county
 - final_fips
 - final_trump_votes
 - final_harris_votes
 - final_other_votes
 - harris_percent_snapshot
 - trump_percent_snapshot
 - margin_snapshot
 - harris_percent_final
 - trump_percent_final
 - margin_final
 - margin_difference
 - margin_difference_abs

$ /home/ubuntu/.venv/bin/python3 /home/ubuntu/apps/election-app/stats/3-calc-new.py
Wrote 1 rows with new columns to /home/ubuntu/apps/election-app/win_prob/H/CA/30/_work/2024_county_results_with_calcs_new.csv

$ /home/ubuntu/.venv/bin/python3 /home/ubuntu/apps/election-app/stats/4-stats.py
Reading 2024_county_results_with_calcs_new.csv...
Aggregating statewide totals...
Calculating percentages and margins...
Writing to output_statewide_stats.csv...
Done!
[2026-01-22 18:41:51] INFO: [PIPELINE] ENTER win-prob generation | states=['CA'] ts_list=['2024-11-05T15-30-22']

============================================================================
[01/1] STATE = CA
============================================================================

$ /home/ubuntu/.venv/bin/python3 /home/ubuntu/apps/election-app/stats/5-snapshots.py --state CA --input /home/ubuntu/apps/election-app/win_prob/H/CA/30/_work/output_statewide_stats.csv --output /home/ubuntu/apps/election-app/win_prob/H/CA/30/snapshots_CA.csv --start 2024-11-05T15-30-22 --end 2024-11-05T15-30-22 --use-window 1 --interval 30
Mode: windowed-one-state
Rows written: 1
Distinct states in output: CA
Rows per normalized timestamp (empty = unparseable):
  2024-11-05T15-30-22: 1
Wrote /home/ubuntu/apps/election-app/win_prob/H/CA/30/snapshots_CA.csv

$ /home/ubuntu/.venv/bin/python3 /home/ubuntu/apps/election-app/stats/6-pval.py /home/ubuntu/apps/election-app/win_prob/H/CA/30/snapshots_CA.csv -t /home/ubuntu/apps/election-app/stats/parameters.csv -o /home/ubuntu/apps/election-app/win_prob/H/CA/30/data_output_CA.csv -c 50
Done. Wrote: /home/ubuntu/apps/election-app/win_prob/H/CA/30/data_output_CA.csv
Total rows: 1 (chunked, resumable).
Computed columns for PVALS = [0.01, 0.1, 1, 2, 3, 5, 10, 15, 20, 25, 30, 35, 40, 45, 50, 55, 60, 65, 70, 75, 80, 85, 90, 95, 97, 98, 99, 99.9, 99.99]
Per p (leader): shift_{p}, margin_new_{p}, harris_percent_new_{p}, trump_percent_new_{p}, total_snapshot_{p}, total_expected_{p}, harris_votes_new_{p}, trump_votes_new_{p}
Per p (trailing): shift_trailing_{p}, margin_new_{p}_trailing, harris_percent_new_{p}_trailing, trump_percent_new_{p}_trailing, total_snapshot_{p}_trailing, total_expected_{p}_trailing, harris_votes_new_{p}_trailing, trump_votes_new_{p}_trailing
Checkpoint saved at: /home/ubuntu/apps/election-app/win_prob/H/CA/30/data_output_CA.csv.checkpoint.json

$ /home/ubuntu/.venv/bin/python3 /home/ubuntu/apps/election-app/stats/7-margin-new.py
Wrote data_output_with_margins_old.csv

$ /home/ubuntu/.venv/bin/python3 /home/ubuntu/apps/election-app/stats/7-eevp-statewide.py
Wrote data_output_with_margins.csv (copied from data_output_with_margins_old.csv)

$ /home/ubuntu/.venv/bin/python3 /home/ubuntu/apps/election-app/stats/7.py --input /home/ubuntu/apps/election-app/win_prob/H/CA/30/data_output_CA_with_margins_statewide_eevp.csv --output /home/ubuntu/apps/election-app/win_prob/H/CA/30/statewide_margin_pct_vs_percent_CA_2026.png --state CA --start 2024-11-05T15-30-22 --end 2024-11-05T15-30-22 --stats /home/ubuntu/apps/election-app/win_prob/H/CA/30/stats.csv --stats2 /home/ubuntu/apps/election-app/win_prob/H/CA/30/stats2.csv --interval 30 --year 2026 --jsonl /home/ubuntu/apps/election-app/win_prob/H/CA/30/plotdata_CA_2026_2026-01-22T18-41-42.jsonl
[info] evaluating 1 timestamps from 2024-11-05T15-30-22 to 2024-11-05T15-30-22 every 30 minutes
[saved] probs_timeseries_CA.csv  (1 points)
[saved] /home/ubuntu/apps/election-app/win_prob/H/CA/30/plotdata_CA_2026_2026-01-22T18-41-42.jsonl  (4 points)
[saved] /home/ubuntu/apps/election-app/win_prob/H/CA/30/statewide_margin_pct_vs_percent_CA_2026_box.json
[saved] /home/ubuntu/apps/election-app/win_prob/H/CA/30/statewide_margin_pct_vs_percent_CA_2026_box.png
[saved] /home/ubuntu/apps/election-app/win_prob/H/CA/30/statewide_margin_pct_vs_percent_CA_2026.png

All 50 states complete. See: /home/ubuntu/apps/election-app/win_prob/H/CA/30

$ /home/ubuntu/.venv/bin/python3 /home/ubuntu/apps/election-app/stats/8.py --root /home/ubuntu/apps/election-app/win_prob/H/CA/30/_work --outdir /home/ubuntu/apps/election-app/win_prob/H/CA/30
[info] root  = /home/ubuntu/apps/election-app/win_prob/H/CA/30/_work
[info] outdir= /home/ubuntu/apps/election-app/win_prob/H/CA/30
[deleted] /home/ubuntu/apps/election-app/win_prob/H/CA/30/_work/stats_with_statewide.csv
[deleted] /home/ubuntu/apps/election-app/win_prob/H/CA/30/_work/stats2_final_headers.csv
[deleted] /home/ubuntu/apps/election-app/win_prob/H/CA/30/_work/2024_county_results_with_final-old.csv
[deleted] /home/ubuntu/apps/election-app/win_prob/H/CA/30/_work/2024_county_results_with_final.csv
[deleted] /home/ubuntu/apps/election-app/win_prob/H/CA/30/_work/2024_county_results_with_final_1.csv
[deleted] /home/ubuntu/apps/election-app/win_prob/H/CA/30/_work/2024_county_results_with_calcs-old.csv
[deleted] /home/ubuntu/apps/election-app/win_prob/H/CA/30/_work/2024_county_results_with_calcs_new.csv
[deleted] /home/ubuntu/apps/election-app/win_prob/H/CA/30/_work/output_statewide_stats.csv
[skip]    /home/ubuntu/apps/election-app/win_prob/H/CA/30/_work/probs_timeseries_PA.csv
[deleted] /home/ubuntu/apps/election-app/win_prob/H/CA/30/_work/2024_county_results_with_calcs.csv
[skip]    /home/ubuntu/apps/election-app/win_prob/H/CA/30/data_output.csv
[skip]    /home/ubuntu/apps/election-app/win_prob/H/CA/30/data_output_with_margins_old.csv
[skip]    /home/ubuntu/apps/election-app/win_prob/H/CA/30/data_output_with_margins.csv
[skip]    /home/ubuntu/apps/election-app/win_prob/H/CA/30/data_output_with_margins-statewide.csv
[deleted] /home/ubuntu/apps/election-app/win_prob/H/CA/30/snapshots_CA.csv
[deleted] /home/ubuntu/apps/election-app/win_prob/H/CA/30/data_output_CA_with_margins_statewide_eevp.csv
[deleted] /home/ubuntu/apps/election-app/win_prob/H/CA/30/data_output_CA_with_margins.csv
[deleted] /home/ubuntu/apps/election-app/win_prob/H/CA/30/data_output_CA.csv
[deleted] /home/ubuntu/apps/election-app/win_prob/H/CA/30/data_output_CA.csv.checkpoint.json
[deleted] /home/ubuntu/apps/election-app/win_prob/H/CA/30/stats.csv
[deleted] /home/ubuntu/apps/election-app/win_prob/H/CA/30/stats2.csv
[done] removed 16 file(s)
[2026-01-22 18:52:55] INFO: [PIPELINE] args: office=H state=CA district=30
[2026-01-22 18:52:55] INFO: [PIPELINE] WINPROB_DIR resolved to: /home/ubuntu/apps/election-app/win_prob/H/CA/30
[2026-01-22 18:52:55] INFO: [PIPELINE] OUTDIR set to: /home/ubuntu/apps/election-app/win_prob/H/CA/30

$ /home/ubuntu/.venv/bin/python3 /home/ubuntu/apps/election-app/stats/1-statewide.py --input /home/ubuntu/apps/election-app/win_prob/H/CA/30/stats.csv --output /home/ubuntu/apps/election-app/win_prob/H/CA/30/_work/stats_with_statewide.csv
Wrote /home/ubuntu/apps/election-app/win_prob/H/CA/30/_work/stats_with_statewide.csv (rows=1)

$ /home/ubuntu/.venv/bin/python3 /home/ubuntu/apps/election-app/stats/1-stats-2.py --input /home/ubuntu/apps/election-app/win_prob/H/CA/30/stats2.csv --output /home/ubuntu/apps/election-app/win_prob/H/CA/30/_work/stats2_final_headers.csv
Wrote /home/ubuntu/apps/election-app/win_prob/H/CA/30/_work/stats2_final_headers.csv (rows=1)

$ /home/ubuntu/.venv/bin/python3 /home/ubuntu/apps/election-app/stats/1-append-new.py
Wrote 2024_county_results_with_final-old.csv (rows=1, missing_final_matches=0)

$ /home/ubuntu/.venv/bin/python3 /home/ubuntu/apps/election-app/stats/1-change_header.py
Wrote: 2024_county_results_with_final.csv

$ /home/ubuntu/.venv/bin/python3 /home/ubuntu/apps/election-app/stats/1-cut-zero-fips.py
Wrote: 2024_county_results_with_final_1.csv
Rows before: 1
Rows after:  1
Dropped (fips == 0): 0

$ /home/ubuntu/.venv/bin/python3 /home/ubuntu/apps/election-app/stats/2-calc.py
Wrote 1 rows with calculations to /home/ubuntu/apps/election-app/win_prob/H/CA/30/_work/2024_county_results_with_calcs-old.csv

$ /home/ubuntu/.venv/bin/python3 /home/ubuntu/apps/election-app/stats/2-eevp.py
Wrote (no-op copy): 2024_county_results_with_calcs.csv
Columns:
 - timestamp
 - state
 - county
 - fips
 - trump_votes
 - harris_votes
 - other_votes
 - eevp
 - state_eevp
 - harris_votes_statewide
 - trump_votes_statewide
 - other_votes_statewide
 - final_state
 - final_county
 - final_fips
 - final_trump_votes
 - final_harris_votes
 - final_other_votes
 - harris_percent_snapshot
 - trump_percent_snapshot
 - margin_snapshot
 - harris_percent_final
 - trump_percent_final
 - margin_final
 - margin_difference
 - margin_difference_abs

$ /home/ubuntu/.venv/bin/python3 /home/ubuntu/apps/election-app/stats/3-calc-new.py
Wrote 1 rows with new columns to /home/ubuntu/apps/election-app/win_prob/H/CA/30/_work/2024_county_results_with_calcs_new.csv

$ /home/ubuntu/.venv/bin/python3 /home/ubuntu/apps/election-app/stats/4-stats.py
Reading 2024_county_results_with_calcs_new.csv...
Aggregating statewide totals...
Calculating percentages and margins...
Writing to output_statewide_stats.csv...
Done!
[2026-01-22 18:53:05] INFO: [PIPELINE] ENTER win-prob generation | states=['CA'] ts_list=['2024-11-05T15-30-22']

============================================================================
[01/1] STATE = CA
============================================================================

$ /home/ubuntu/.venv/bin/python3 /home/ubuntu/apps/election-app/stats/5-snapshots.py --state CA --input /home/ubuntu/apps/election-app/win_prob/H/CA/30/_work/output_statewide_stats.csv --output /home/ubuntu/apps/election-app/win_prob/H/CA/30/snapshots_CA.csv --start 2024-11-05T15-30-22 --end 2024-11-05T15-30-22 --use-window 1 --interval 30
Mode: windowed-one-state
Rows written: 1
Distinct states in output: CA
Rows per normalized timestamp (empty = unparseable):
  2024-11-05T15-30-22: 1
Wrote /home/ubuntu/apps/election-app/win_prob/H/CA/30/snapshots_CA.csv

$ /home/ubuntu/.venv/bin/python3 /home/ubuntu/apps/election-app/stats/6-pval.py /home/ubuntu/apps/election-app/win_prob/H/CA/30/snapshots_CA.csv -t /home/ubuntu/apps/election-app/stats/parameters.csv -o /home/ubuntu/apps/election-app/win_prob/H/CA/30/data_output_CA.csv -c 50
Done. Wrote: /home/ubuntu/apps/election-app/win_prob/H/CA/30/data_output_CA.csv
Total rows: 1 (chunked, resumable).
Computed columns for PVALS = [0.01, 0.1, 1, 2, 3, 5, 10, 15, 20, 25, 30, 35, 40, 45, 50, 55, 60, 65, 70, 75, 80, 85, 90, 95, 97, 98, 99, 99.9, 99.99]
Per p (leader): shift_{p}, margin_new_{p}, harris_percent_new_{p}, trump_percent_new_{p}, total_snapshot_{p}, total_expected_{p}, harris_votes_new_{p}, trump_votes_new_{p}
Per p (trailing): shift_trailing_{p}, margin_new_{p}_trailing, harris_percent_new_{p}_trailing, trump_percent_new_{p}_trailing, total_snapshot_{p}_trailing, total_expected_{p}_trailing, harris_votes_new_{p}_trailing, trump_votes_new_{p}_trailing
Checkpoint saved at: /home/ubuntu/apps/election-app/win_prob/H/CA/30/data_output_CA.csv.checkpoint.json

$ /home/ubuntu/.venv/bin/python3 /home/ubuntu/apps/election-app/stats/7-margin-new.py
Wrote data_output_with_margins_old.csv

$ /home/ubuntu/.venv/bin/python3 /home/ubuntu/apps/election-app/stats/7-eevp-statewide.py
Wrote data_output_with_margins.csv (copied from data_output_with_margins_old.csv)

$ /home/ubuntu/.venv/bin/python3 /home/ubuntu/apps/election-app/stats/7.py --input /home/ubuntu/apps/election-app/win_prob/H/CA/30/data_output_CA_with_margins_statewide_eevp.csv --output /home/ubuntu/apps/election-app/win_prob/H/CA/30/statewide_margin_pct_vs_percent_CA_2026.png --state CA --start 2024-11-05T15-30-22 --end 2024-11-05T15-30-22 --stats /home/ubuntu/apps/election-app/win_prob/H/CA/30/stats.csv --stats2 /home/ubuntu/apps/election-app/win_prob/H/CA/30/stats2.csv --interval 30 --year 2026 --jsonl /home/ubuntu/apps/election-app/win_prob/H/CA/30/plotdata_CA_2026_2026-01-22T18-52-55.jsonl
[info] evaluating 1 timestamps from 2024-11-05T15-30-22 to 2024-11-05T15-30-22 every 30 minutes
[saved] probs_timeseries_CA.csv  (1 points)
[saved] /home/ubuntu/apps/election-app/win_prob/H/CA/30/plotdata_CA_2026_2026-01-22T18-52-55.jsonl  (4 points)
[saved] /home/ubuntu/apps/election-app/win_prob/H/CA/30/statewide_margin_pct_vs_percent_CA_2026_box.json
[saved] /home/ubuntu/apps/election-app/win_prob/H/CA/30/statewide_margin_pct_vs_percent_CA_2026_box.png
[saved] /home/ubuntu/apps/election-app/win_prob/H/CA/30/statewide_margin_pct_vs_percent_CA_2026.png

All 50 states complete. See: /home/ubuntu/apps/election-app/win_prob/H/CA/30

$ /home/ubuntu/.venv/bin/python3 /home/ubuntu/apps/election-app/stats/8.py --root /home/ubuntu/apps/election-app/win_prob/H/CA/30/_work --outdir /home/ubuntu/apps/election-app/win_prob/H/CA/30
[info] root  = /home/ubuntu/apps/election-app/win_prob/H/CA/30/_work
[info] outdir= /home/ubuntu/apps/election-app/win_prob/H/CA/30
[deleted] /home/ubuntu/apps/election-app/win_prob/H/CA/30/_work/stats_with_statewide.csv
[deleted] /home/ubuntu/apps/election-app/win_prob/H/CA/30/_work/stats2_final_headers.csv
[deleted] /home/ubuntu/apps/election-app/win_prob/H/CA/30/_work/2024_county_results_with_final-old.csv
[deleted] /home/ubuntu/apps/election-app/win_prob/H/CA/30/_work/2024_county_results_with_final.csv
[deleted] /home/ubuntu/apps/election-app/win_prob/H/CA/30/_work/2024_county_results_with_final_1.csv
[deleted] /home/ubuntu/apps/election-app/win_prob/H/CA/30/_work/2024_county_results_with_calcs-old.csv
[deleted] /home/ubuntu/apps/election-app/win_prob/H/CA/30/_work/2024_county_results_with_calcs_new.csv
[deleted] /home/ubuntu/apps/election-app/win_prob/H/CA/30/_work/output_statewide_stats.csv
[skip]    /home/ubuntu/apps/election-app/win_prob/H/CA/30/_work/probs_timeseries_PA.csv
[deleted] /home/ubuntu/apps/election-app/win_prob/H/CA/30/_work/2024_county_results_with_calcs.csv
[skip]    /home/ubuntu/apps/election-app/win_prob/H/CA/30/data_output.csv
[skip]    /home/ubuntu/apps/election-app/win_prob/H/CA/30/data_output_with_margins_old.csv
[skip]    /home/ubuntu/apps/election-app/win_prob/H/CA/30/data_output_with_margins.csv
[skip]    /home/ubuntu/apps/election-app/win_prob/H/CA/30/data_output_with_margins-statewide.csv
[deleted] /home/ubuntu/apps/election-app/win_prob/H/CA/30/snapshots_CA.csv
[deleted] /home/ubuntu/apps/election-app/win_prob/H/CA/30/data_output_CA_with_margins_statewide_eevp.csv
[deleted] /home/ubuntu/apps/election-app/win_prob/H/CA/30/data_output_CA_with_margins.csv
[deleted] /home/ubuntu/apps/election-app/win_prob/H/CA/30/data_output_CA.csv
[deleted] /home/ubuntu/apps/election-app/win_prob/H/CA/30/data_output_CA.csv.checkpoint.json
[deleted] /home/ubuntu/apps/election-app/win_prob/H/CA/30/stats.csv
[deleted] /home/ubuntu/apps/election-app/win_prob/H/CA/30/stats2.csv
[done] removed 16 file(s)
[2026-01-22 19:06:49] INFO: [PIPELINE] args: office=H state=CA district=30
[2026-01-22 19:06:49] INFO: [PIPELINE] WINPROB_DIR resolved to: /home/ubuntu/apps/election-app/win_prob/H/CA/30
[2026-01-22 19:06:49] INFO: [PIPELINE] OUTDIR set to: /home/ubuntu/apps/election-app/win_prob/H/CA/30

$ /home/ubuntu/.venv/bin/python3 /home/ubuntu/apps/election-app/stats/1-statewide.py --input /home/ubuntu/apps/election-app/win_prob/H/CA/30/stats.csv --output /home/ubuntu/apps/election-app/win_prob/H/CA/30/_work/stats_with_statewide.csv
Wrote /home/ubuntu/apps/election-app/win_prob/H/CA/30/_work/stats_with_statewide.csv (rows=1)

$ /home/ubuntu/.venv/bin/python3 /home/ubuntu/apps/election-app/stats/1-stats-2.py --input /home/ubuntu/apps/election-app/win_prob/H/CA/30/stats2.csv --output /home/ubuntu/apps/election-app/win_prob/H/CA/30/_work/stats2_final_headers.csv
Wrote /home/ubuntu/apps/election-app/win_prob/H/CA/30/_work/stats2_final_headers.csv (rows=1)

$ /home/ubuntu/.venv/bin/python3 /home/ubuntu/apps/election-app/stats/1-append-new.py
Wrote 2024_county_results_with_final-old.csv (rows=1, missing_final_matches=0)

$ /home/ubuntu/.venv/bin/python3 /home/ubuntu/apps/election-app/stats/1-change_header.py
Wrote: 2024_county_results_with_final.csv

$ /home/ubuntu/.venv/bin/python3 /home/ubuntu/apps/election-app/stats/1-cut-zero-fips.py
Wrote: 2024_county_results_with_final_1.csv
Rows before: 1
Rows after:  1
Dropped (fips == 0): 0

$ /home/ubuntu/.venv/bin/python3 /home/ubuntu/apps/election-app/stats/2-calc.py
Wrote 1 rows with calculations to /home/ubuntu/apps/election-app/win_prob/H/CA/30/_work/2024_county_results_with_calcs-old.csv

$ /home/ubuntu/.venv/bin/python3 /home/ubuntu/apps/election-app/stats/2-eevp.py
Wrote (no-op copy): 2024_county_results_with_calcs.csv
Columns:
 - timestamp
 - state
 - county
 - fips
 - trump_votes
 - harris_votes
 - other_votes
 - eevp
 - state_eevp
 - harris_votes_statewide
 - trump_votes_statewide
 - other_votes_statewide
 - final_state
 - final_county
 - final_fips
 - final_trump_votes
 - final_harris_votes
 - final_other_votes
 - harris_percent_snapshot
 - trump_percent_snapshot
 - margin_snapshot
 - harris_percent_final
 - trump_percent_final
 - margin_final
 - margin_difference
 - margin_difference_abs

$ /home/ubuntu/.venv/bin/python3 /home/ubuntu/apps/election-app/stats/3-calc-new.py
Wrote 1 rows with new columns to /home/ubuntu/apps/election-app/win_prob/H/CA/30/_work/2024_county_results_with_calcs_new.csv

$ /home/ubuntu/.venv/bin/python3 /home/ubuntu/apps/election-app/stats/4-stats.py
Reading 2024_county_results_with_calcs_new.csv...
Aggregating statewide totals...
Calculating percentages and margins...
Writing to output_statewide_stats.csv...
Done!
[2026-01-22 19:06:58] INFO: [PIPELINE] ENTER win-prob generation | states=['CA'] ts_list=['2024-11-05T15-30-22']

============================================================================
[01/1] STATE = CA
============================================================================

$ /home/ubuntu/.venv/bin/python3 /home/ubuntu/apps/election-app/stats/5-snapshots.py --state CA --input /home/ubuntu/apps/election-app/win_prob/H/CA/30/_work/output_statewide_stats.csv --output /home/ubuntu/apps/election-app/win_prob/H/CA/30/snapshots_CA.csv --start 2024-11-05T15-30-22 --end 2024-11-05T15-30-22 --use-window 1 --interval 30
Mode: windowed-one-state
Rows written: 1
Distinct states in output: CA
Rows per normalized timestamp (empty = unparseable):
  2024-11-05T15-30-22: 1
Wrote /home/ubuntu/apps/election-app/win_prob/H/CA/30/snapshots_CA.csv

$ /home/ubuntu/.venv/bin/python3 /home/ubuntu/apps/election-app/stats/6-pval.py /home/ubuntu/apps/election-app/win_prob/H/CA/30/snapshots_CA.csv -t /home/ubuntu/apps/election-app/stats/parameters.csv -o /home/ubuntu/apps/election-app/win_prob/H/CA/30/data_output_CA.csv -c 50
Done. Wrote: /home/ubuntu/apps/election-app/win_prob/H/CA/30/data_output_CA.csv
Total rows: 1 (chunked, resumable).
Computed columns for PVALS = [0.01, 0.1, 1, 2, 3, 5, 10, 15, 20, 25, 30, 35, 40, 45, 50, 55, 60, 65, 70, 75, 80, 85, 90, 95, 97, 98, 99, 99.9, 99.99]
Per p (leader): shift_{p}, margin_new_{p}, harris_percent_new_{p}, trump_percent_new_{p}, total_snapshot_{p}, total_expected_{p}, harris_votes_new_{p}, trump_votes_new_{p}
Per p (trailing): shift_trailing_{p}, margin_new_{p}_trailing, harris_percent_new_{p}_trailing, trump_percent_new_{p}_trailing, total_snapshot_{p}_trailing, total_expected_{p}_trailing, harris_votes_new_{p}_trailing, trump_votes_new_{p}_trailing
Checkpoint saved at: /home/ubuntu/apps/election-app/win_prob/H/CA/30/data_output_CA.csv.checkpoint.json

$ /home/ubuntu/.venv/bin/python3 /home/ubuntu/apps/election-app/stats/7-margin-new.py
Wrote data_output_with_margins_old.csv

$ /home/ubuntu/.venv/bin/python3 /home/ubuntu/apps/election-app/stats/7-eevp-statewide.py
Wrote data_output_with_margins.csv (copied from data_output_with_margins_old.csv)

$ /home/ubuntu/.venv/bin/python3 /home/ubuntu/apps/election-app/stats/7.py --input /home/ubuntu/apps/election-app/win_prob/H/CA/30/data_output_CA_with_margins_statewide_eevp.csv --output /home/ubuntu/apps/election-app/win_prob/H/CA/30/statewide_margin_pct_vs_percent_CA_2026.png --state CA --start 2024-11-05T15-30-22 --end 2024-11-05T15-30-22 --stats /home/ubuntu/apps/election-app/win_prob/H/CA/30/stats.csv --stats2 /home/ubuntu/apps/election-app/win_prob/H/CA/30/stats2.csv --interval 30 --year 2026 --jsonl /home/ubuntu/apps/election-app/win_prob/H/CA/30/plotdata_CA_2026_2026-01-22T19-06-49.jsonl
[info] evaluating 1 timestamps from 2024-11-05T15-30-22 to 2024-11-05T15-30-22 every 30 minutes
[saved] probs_timeseries_CA.csv  (1 points)
[saved] /home/ubuntu/apps/election-app/win_prob/H/CA/30/plotdata_CA_2026_2026-01-22T19-06-49.jsonl  (4 points)
[saved] /home/ubuntu/apps/election-app/win_prob/H/CA/30/statewide_margin_pct_vs_percent_CA_2026_box.json
[saved] /home/ubuntu/apps/election-app/win_prob/H/CA/30/statewide_margin_pct_vs_percent_CA_2026_box.png
[saved] /home/ubuntu/apps/election-app/win_prob/H/CA/30/statewide_margin_pct_vs_percent_CA_2026.png

All 50 states complete. See: /home/ubuntu/apps/election-app/win_prob/H/CA/30

$ /home/ubuntu/.venv/bin/python3 /home/ubuntu/apps/election-app/stats/8.py --root /home/ubuntu/apps/election-app/win_prob/H/CA/30/_work --outdir /home/ubuntu/apps/election-app/win_prob/H/CA/30
[info] root  = /home/ubuntu/apps/election-app/win_prob/H/CA/30/_work
[info] outdir= /home/ubuntu/apps/election-app/win_prob/H/CA/30
[deleted] /home/ubuntu/apps/election-app/win_prob/H/CA/30/_work/stats_with_statewide.csv
[deleted] /home/ubuntu/apps/election-app/win_prob/H/CA/30/_work/stats2_final_headers.csv
[deleted] /home/ubuntu/apps/election-app/win_prob/H/CA/30/_work/2024_county_results_with_final-old.csv
[deleted] /home/ubuntu/apps/election-app/win_prob/H/CA/30/_work/2024_county_results_with_final.csv
[deleted] /home/ubuntu/apps/election-app/win_prob/H/CA/30/_work/2024_county_results_with_final_1.csv
[deleted] /home/ubuntu/apps/election-app/win_prob/H/CA/30/_work/2024_county_results_with_calcs-old.csv
[deleted] /home/ubuntu/apps/election-app/win_prob/H/CA/30/_work/2024_county_results_with_calcs_new.csv
[deleted] /home/ubuntu/apps/election-app/win_prob/H/CA/30/_work/output_statewide_stats.csv
[skip]    /home/ubuntu/apps/election-app/win_prob/H/CA/30/_work/probs_timeseries_PA.csv
[deleted] /home/ubuntu/apps/election-app/win_prob/H/CA/30/_work/2024_county_results_with_calcs.csv
[skip]    /home/ubuntu/apps/election-app/win_prob/H/CA/30/data_output.csv
[skip]    /home/ubuntu/apps/election-app/win_prob/H/CA/30/data_output_with_margins_old.csv
[skip]    /home/ubuntu/apps/election-app/win_prob/H/CA/30/data_output_with_margins.csv
[skip]    /home/ubuntu/apps/election-app/win_prob/H/CA/30/data_output_with_margins-statewide.csv
[deleted] /home/ubuntu/apps/election-app/win_prob/H/CA/30/snapshots_CA.csv
[deleted] /home/ubuntu/apps/election-app/win_prob/H/CA/30/data_output_CA_with_margins_statewide_eevp.csv
[deleted] /home/ubuntu/apps/election-app/win_prob/H/CA/30/data_output_CA_with_margins.csv
[deleted] /home/ubuntu/apps/election-app/win_prob/H/CA/30/data_output_CA.csv
[deleted] /home/ubuntu/apps/election-app/win_prob/H/CA/30/data_output_CA.csv.checkpoint.json
[deleted] /home/ubuntu/apps/election-app/win_prob/H/CA/30/stats.csv
[deleted] /home/ubuntu/apps/election-app/win_prob/H/CA/30/stats2.csv
[done] removed 16 file(s)
[2026-01-24 16:35:03] INFO: [PIPELINE] args: office=H state=CA district=30
[2026-01-24 16:35:03] INFO: [PIPELINE] WINPROB_DIR resolved to: /home/ubuntu/apps/election-app/win_prob/H/CA/30
[2026-01-24 16:35:03] INFO: [PIPELINE] OUTDIR set to: /home/ubuntu/apps/election-app/win_prob/H/CA/30

$ /home/ubuntu/.venv/bin/python3 /home/ubuntu/apps/election-app/stats/1-statewide.py --input /home/ubuntu/apps/election-app/win_prob/H/CA/30/stats.csv --output /home/ubuntu/apps/election-app/win_prob/H/CA/30/_work/stats_with_statewide.csv
Wrote /home/ubuntu/apps/election-app/win_prob/H/CA/30/_work/stats_with_statewide.csv (rows=1)

$ /home/ubuntu/.venv/bin/python3 /home/ubuntu/apps/election-app/stats/1-stats-2.py --input /home/ubuntu/apps/election-app/win_prob/H/CA/30/stats2.csv --output /home/ubuntu/apps/election-app/win_prob/H/CA/30/_work/stats2_final_headers.csv
Wrote /home/ubuntu/apps/election-app/win_prob/H/CA/30/_work/stats2_final_headers.csv (rows=1)

$ /home/ubuntu/.venv/bin/python3 /home/ubuntu/apps/election-app/stats/1-append-new.py
Wrote 2024_county_results_with_final-old.csv (rows=1, missing_final_matches=0)

$ /home/ubuntu/.venv/bin/python3 /home/ubuntu/apps/election-app/stats/1-change_header.py
Wrote: 2024_county_results_with_final.csv

$ /home/ubuntu/.venv/bin/python3 /home/ubuntu/apps/election-app/stats/1-cut-zero-fips.py
Wrote: 2024_county_results_with_final_1.csv
Rows before: 1
Rows after:  1
Dropped (fips == 0): 0

$ /home/ubuntu/.venv/bin/python3 /home/ubuntu/apps/election-app/stats/2-calc.py
Wrote 1 rows with calculations to /home/ubuntu/apps/election-app/win_prob/H/CA/30/_work/2024_county_results_with_calcs-old.csv

$ /home/ubuntu/.venv/bin/python3 /home/ubuntu/apps/election-app/stats/2-eevp.py
Wrote (no-op copy): 2024_county_results_with_calcs.csv
Columns:
 - timestamp
 - state
 - county
 - fips
 - trump_votes
 - harris_votes
 - other_votes
 - eevp
 - state_eevp
 - harris_votes_statewide
 - trump_votes_statewide
 - other_votes_statewide
 - final_state
 - final_county
 - final_fips
 - final_trump_votes
 - final_harris_votes
 - final_other_votes
 - harris_percent_snapshot
 - trump_percent_snapshot
 - margin_snapshot
 - harris_percent_final
 - trump_percent_final
 - margin_final
 - margin_difference
 - margin_difference_abs

$ /home/ubuntu/.venv/bin/python3 /home/ubuntu/apps/election-app/stats/3-calc-new.py
Wrote 1 rows with new columns to /home/ubuntu/apps/election-app/win_prob/H/CA/30/_work/2024_county_results_with_calcs_new.csv

$ /home/ubuntu/.venv/bin/python3 /home/ubuntu/apps/election-app/stats/4-stats.py
Reading 2024_county_results_with_calcs_new.csv...
Aggregating statewide totals...
Calculating percentages and margins...
Writing to output_statewide_stats.csv...
Done!
[2026-01-24 16:35:13] INFO: [PIPELINE] ENTER win-prob generation | states=['CA'] ts_list=['2024-11-05T15-30-22']

============================================================================
[01/1] STATE = CA
============================================================================

$ /home/ubuntu/.venv/bin/python3 /home/ubuntu/apps/election-app/stats/5-snapshots.py --state CA --input /home/ubuntu/apps/election-app/win_prob/H/CA/30/_work/output_statewide_stats.csv --output /home/ubuntu/apps/election-app/win_prob/H/CA/30/snapshots_CA.csv --start 2024-11-05T15-30-22 --end 2024-11-05T15-30-22 --use-window 1 --interval 30
Mode: windowed-one-state
Rows written: 1
Distinct states in output: CA
Rows per normalized timestamp (empty = unparseable):
  2024-11-05T15-30-22: 1
Wrote /home/ubuntu/apps/election-app/win_prob/H/CA/30/snapshots_CA.csv

$ /home/ubuntu/.venv/bin/python3 /home/ubuntu/apps/election-app/stats/6-pval.py /home/ubuntu/apps/election-app/win_prob/H/CA/30/snapshots_CA.csv -t /home/ubuntu/apps/election-app/stats/parameters.csv -o /home/ubuntu/apps/election-app/win_prob/H/CA/30/data_output_CA.csv -c 50
Done. Wrote: /home/ubuntu/apps/election-app/win_prob/H/CA/30/data_output_CA.csv
Total rows: 1 (chunked, resumable).
Computed columns for PVALS = [0.01, 0.1, 1, 2, 3, 5, 10, 15, 20, 25, 30, 35, 40, 45, 50, 55, 60, 65, 70, 75, 80, 85, 90, 95, 97, 98, 99, 99.9, 99.99]
Per p (leader): shift_{p}, margin_new_{p}, harris_percent_new_{p}, trump_percent_new_{p}, total_snapshot_{p}, total_expected_{p}, harris_votes_new_{p}, trump_votes_new_{p}
Per p (trailing): shift_trailing_{p}, margin_new_{p}_trailing, harris_percent_new_{p}_trailing, trump_percent_new_{p}_trailing, total_snapshot_{p}_trailing, total_expected_{p}_trailing, harris_votes_new_{p}_trailing, trump_votes_new_{p}_trailing
Checkpoint saved at: /home/ubuntu/apps/election-app/win_prob/H/CA/30/data_output_CA.csv.checkpoint.json

$ /home/ubuntu/.venv/bin/python3 /home/ubuntu/apps/election-app/stats/7-margin-new.py
Wrote data_output_with_margins_old.csv

$ /home/ubuntu/.venv/bin/python3 /home/ubuntu/apps/election-app/stats/7-eevp-statewide.py
Wrote data_output_with_margins.csv (copied from data_output_with_margins_old.csv)

$ /home/ubuntu/.venv/bin/python3 /home/ubuntu/apps/election-app/stats/7.py --input /home/ubuntu/apps/election-app/win_prob/H/CA/30/data_output_CA_with_margins_statewide_eevp.csv --output /home/ubuntu/apps/election-app/win_prob/H/CA/30/statewide_margin_pct_vs_percent_CA_2026.png --state CA --start 2024-11-05T15-30-22 --end 2024-11-05T15-30-22 --stats /home/ubuntu/apps/election-app/win_prob/H/CA/30/stats.csv --stats2 /home/ubuntu/apps/election-app/win_prob/H/CA/30/stats2.csv --interval 30 --year 2026 --jsonl /home/ubuntu/apps/election-app/win_prob/H/CA/30/plotdata_CA_2026_2026-01-24T16-35-03.jsonl
[info] evaluating 1 timestamps from 2024-11-05T15-30-22 to 2024-11-05T15-30-22 every 30 minutes
[saved] probs_timeseries_CA.csv  (1 points)
[saved] /home/ubuntu/apps/election-app/win_prob/H/CA/30/plotdata_CA_2026_2026-01-24T16-35-03.jsonl  (0 points)
[saved] /home/ubuntu/apps/election-app/win_prob/H/CA/30/statewide_margin_pct_vs_percent_CA_2026_box.json
[saved] /home/ubuntu/apps/election-app/win_prob/H/CA/30/statewide_margin_pct_vs_percent_CA_2026_box.png
[saved] /home/ubuntu/apps/election-app/win_prob/H/CA/30/statewide_margin_pct_vs_percent_CA_2026.png

All 50 states complete. See: /home/ubuntu/apps/election-app/win_prob/H/CA/30

$ /home/ubuntu/.venv/bin/python3 /home/ubuntu/apps/election-app/stats/8.py --root /home/ubuntu/apps/election-app/win_prob/H/CA/30/_work --outdir /home/ubuntu/apps/election-app/win_prob/H/CA/30
[info] root  = /home/ubuntu/apps/election-app/win_prob/H/CA/30/_work
[info] outdir= /home/ubuntu/apps/election-app/win_prob/H/CA/30
[deleted] /home/ubuntu/apps/election-app/win_prob/H/CA/30/_work/stats_with_statewide.csv
[deleted] /home/ubuntu/apps/election-app/win_prob/H/CA/30/_work/stats2_final_headers.csv
[deleted] /home/ubuntu/apps/election-app/win_prob/H/CA/30/_work/2024_county_results_with_final-old.csv
[deleted] /home/ubuntu/apps/election-app/win_prob/H/CA/30/_work/2024_county_results_with_final.csv
[deleted] /home/ubuntu/apps/election-app/win_prob/H/CA/30/_work/2024_county_results_with_final_1.csv
[deleted] /home/ubuntu/apps/election-app/win_prob/H/CA/30/_work/2024_county_results_with_calcs-old.csv
[deleted] /home/ubuntu/apps/election-app/win_prob/H/CA/30/_work/2024_county_results_with_calcs_new.csv
[deleted] /home/ubuntu/apps/election-app/win_prob/H/CA/30/_work/output_statewide_stats.csv
[skip]    /home/ubuntu/apps/election-app/win_prob/H/CA/30/_work/probs_timeseries_PA.csv
[deleted] /home/ubuntu/apps/election-app/win_prob/H/CA/30/_work/2024_county_results_with_calcs.csv
[skip]    /home/ubuntu/apps/election-app/win_prob/H/CA/30/data_output.csv
[skip]    /home/ubuntu/apps/election-app/win_prob/H/CA/30/data_output_with_margins_old.csv
[skip]    /home/ubuntu/apps/election-app/win_prob/H/CA/30/data_output_with_margins.csv
[skip]    /home/ubuntu/apps/election-app/win_prob/H/CA/30/data_output_with_margins-statewide.csv
[deleted] /home/ubuntu/apps/election-app/win_prob/H/CA/30/snapshots_CA.csv
[deleted] /home/ubuntu/apps/election-app/win_prob/H/CA/30/data_output_CA_with_margins_statewide_eevp.csv
[deleted] /home/ubuntu/apps/election-app/win_prob/H/CA/30/data_output_CA_with_margins.csv
[deleted] /home/ubuntu/apps/election-app/win_prob/H/CA/30/data_output_CA.csv
[deleted] /home/ubuntu/apps/election-app/win_prob/H/CA/30/data_output_CA.csv.checkpoint.json
[deleted] /home/ubuntu/apps/election-app/win_prob/H/CA/30/stats.csv
[deleted] /home/ubuntu/apps/election-app/win_prob/H/CA/30/stats2.csv
[done] removed 16 file(s)
[2026-01-24 17:10:20] INFO: [PIPELINE] args: office=H state=CA district=30
[2026-01-24 17:10:20] INFO: [PIPELINE] WINPROB_DIR resolved to: /home/ubuntu/apps/election-app/win_prob/H/CA/30
[2026-01-24 17:10:20] INFO: [PIPELINE] OUTDIR set to: /home/ubuntu/apps/election-app/win_prob/H/CA/30

$ /home/ubuntu/.venv/bin/python3 /home/ubuntu/apps/election-app/stats/1-statewide.py --input /home/ubuntu/apps/election-app/win_prob/H/CA/30/stats.csv --output /home/ubuntu/apps/election-app/win_prob/H/CA/30/_work/stats_with_statewide.csv
Wrote /home/ubuntu/apps/election-app/win_prob/H/CA/30/_work/stats_with_statewide.csv (rows=1)

$ /home/ubuntu/.venv/bin/python3 /home/ubuntu/apps/election-app/stats/1-stats-2.py --input /home/ubuntu/apps/election-app/win_prob/H/CA/30/stats2.csv --output /home/ubuntu/apps/election-app/win_prob/H/CA/30/_work/stats2_final_headers.csv
Wrote /home/ubuntu/apps/election-app/win_prob/H/CA/30/_work/stats2_final_headers.csv (rows=1)

$ /home/ubuntu/.venv/bin/python3 /home/ubuntu/apps/election-app/stats/1-append-new.py
Wrote 2024_county_results_with_final-old.csv (rows=1, missing_final_matches=0)

$ /home/ubuntu/.venv/bin/python3 /home/ubuntu/apps/election-app/stats/1-change_header.py
Wrote: 2024_county_results_with_final.csv

$ /home/ubuntu/.venv/bin/python3 /home/ubuntu/apps/election-app/stats/1-cut-zero-fips.py
Wrote: 2024_county_results_with_final_1.csv
Rows before: 1
Rows after:  1
Dropped (fips == 0): 0

$ /home/ubuntu/.venv/bin/python3 /home/ubuntu/apps/election-app/stats/2-calc.py
Wrote 1 rows with calculations to /home/ubuntu/apps/election-app/win_prob/H/CA/30/_work/2024_county_results_with_calcs-old.csv

$ /home/ubuntu/.venv/bin/python3 /home/ubuntu/apps/election-app/stats/2-eevp.py
Wrote (no-op copy): 2024_county_results_with_calcs.csv
Columns:
 - timestamp
 - state
 - county
 - fips
 - trump_votes
 - harris_votes
 - other_votes
 - eevp
 - state_eevp
 - harris_votes_statewide
 - trump_votes_statewide
 - other_votes_statewide
 - final_state
 - final_county
 - final_fips
 - final_trump_votes
 - final_harris_votes
 - final_other_votes
 - harris_percent_snapshot
 - trump_percent_snapshot
 - margin_snapshot
 - harris_percent_final
 - trump_percent_final
 - margin_final
 - margin_difference
 - margin_difference_abs

$ /home/ubuntu/.venv/bin/python3 /home/ubuntu/apps/election-app/stats/3-calc-new.py
Wrote 1 rows with new columns to /home/ubuntu/apps/election-app/win_prob/H/CA/30/_work/2024_county_results_with_calcs_new.csv

$ /home/ubuntu/.venv/bin/python3 /home/ubuntu/apps/election-app/stats/4-stats.py
Reading 2024_county_results_with_calcs_new.csv...
Aggregating statewide totals...
Calculating percentages and margins...
Writing to output_statewide_stats.csv...
Done!
[2026-01-24 17:10:29] INFO: [PIPELINE] ENTER win-prob generation | states=['CA'] ts_list=['2024-11-05T15-30-22']

============================================================================
[01/1] STATE = CA
============================================================================

$ /home/ubuntu/.venv/bin/python3 /home/ubuntu/apps/election-app/stats/5-snapshots.py --state CA --input /home/ubuntu/apps/election-app/win_prob/H/CA/30/_work/output_statewide_stats.csv --output /home/ubuntu/apps/election-app/win_prob/H/CA/30/snapshots_CA.csv --start 2024-11-05T15-30-22 --end 2024-11-05T15-30-22 --use-window 1 --interval 30
Mode: windowed-one-state
Rows written: 1
Distinct states in output: CA
Rows per normalized timestamp (empty = unparseable):
  2024-11-05T15-30-22: 1
Wrote /home/ubuntu/apps/election-app/win_prob/H/CA/30/snapshots_CA.csv

$ /home/ubuntu/.venv/bin/python3 /home/ubuntu/apps/election-app/stats/6-pval.py /home/ubuntu/apps/election-app/win_prob/H/CA/30/snapshots_CA.csv -t /home/ubuntu/apps/election-app/stats/parameters.csv -o /home/ubuntu/apps/election-app/win_prob/H/CA/30/data_output_CA.csv -c 50
Done. Wrote: /home/ubuntu/apps/election-app/win_prob/H/CA/30/data_output_CA.csv
Total rows: 1 (chunked, resumable).
Computed columns for PVALS = [0.01, 0.1, 1, 2, 3, 5, 10, 15, 20, 25, 30, 35, 40, 45, 50, 55, 60, 65, 70, 75, 80, 85, 90, 95, 97, 98, 99, 99.9, 99.99]
Per p (leader): shift_{p}, margin_new_{p}, harris_percent_new_{p}, trump_percent_new_{p}, total_snapshot_{p}, total_expected_{p}, harris_votes_new_{p}, trump_votes_new_{p}
Per p (trailing): shift_trailing_{p}, margin_new_{p}_trailing, harris_percent_new_{p}_trailing, trump_percent_new_{p}_trailing, total_snapshot_{p}_trailing, total_expected_{p}_trailing, harris_votes_new_{p}_trailing, trump_votes_new_{p}_trailing
Checkpoint saved at: /home/ubuntu/apps/election-app/win_prob/H/CA/30/data_output_CA.csv.checkpoint.json

$ /home/ubuntu/.venv/bin/python3 /home/ubuntu/apps/election-app/stats/7-margin-new.py
Wrote data_output_with_margins_old.csv

$ /home/ubuntu/.venv/bin/python3 /home/ubuntu/apps/election-app/stats/7-eevp-statewide.py
Wrote data_output_with_margins.csv (copied from data_output_with_margins_old.csv)

$ /home/ubuntu/.venv/bin/python3 /home/ubuntu/apps/election-app/stats/7.py --input /home/ubuntu/apps/election-app/win_prob/H/CA/30/data_output_CA_with_margins_statewide_eevp.csv --output /home/ubuntu/apps/election-app/win_prob/H/CA/30/statewide_margin_pct_vs_percent_CA_2026.png --state CA --start 2024-11-05T15-30-22 --end 2024-11-05T15-30-22 --stats /home/ubuntu/apps/election-app/win_prob/H/CA/30/stats.csv --stats2 /home/ubuntu/apps/election-app/win_prob/H/CA/30/stats2.csv --interval 30 --year 2026 --jsonl /home/ubuntu/apps/election-app/win_prob/H/CA/30/plotdata_CA_2026_2026-01-24T17-10-20.jsonl
[info] evaluating 1 timestamps from 2024-11-05T15-30-22 to 2024-11-05T15-30-22 every 30 minutes
[saved] probs_timeseries_CA.csv  (1 points)
[saved] /home/ubuntu/apps/election-app/win_prob/H/CA/30/plotdata_CA_2026_2026-01-24T17-10-20.jsonl  (4 points)
[saved] /home/ubuntu/apps/election-app/win_prob/H/CA/30/statewide_margin_pct_vs_percent_CA_2026_box.json
[saved] /home/ubuntu/apps/election-app/win_prob/H/CA/30/statewide_margin_pct_vs_percent_CA_2026_box.png
[saved] /home/ubuntu/apps/election-app/win_prob/H/CA/30/statewide_margin_pct_vs_percent_CA_2026.png

All 50 states complete. See: /home/ubuntu/apps/election-app/win_prob/H/CA/30

$ /home/ubuntu/.venv/bin/python3 /home/ubuntu/apps/election-app/stats/8.py --root /home/ubuntu/apps/election-app/win_prob/H/CA/30/_work --outdir /home/ubuntu/apps/election-app/win_prob/H/CA/30
[info] root  = /home/ubuntu/apps/election-app/win_prob/H/CA/30/_work
[info] outdir= /home/ubuntu/apps/election-app/win_prob/H/CA/30
[deleted] /home/ubuntu/apps/election-app/win_prob/H/CA/30/_work/stats_with_statewide.csv
[deleted] /home/ubuntu/apps/election-app/win_prob/H/CA/30/_work/stats2_final_headers.csv
[deleted] /home/ubuntu/apps/election-app/win_prob/H/CA/30/_work/2024_county_results_with_final-old.csv
[deleted] /home/ubuntu/apps/election-app/win_prob/H/CA/30/_work/2024_county_results_with_final.csv
[deleted] /home/ubuntu/apps/election-app/win_prob/H/CA/30/_work/2024_county_results_with_final_1.csv
[deleted] /home/ubuntu/apps/election-app/win_prob/H/CA/30/_work/2024_county_results_with_calcs-old.csv
[deleted] /home/ubuntu/apps/election-app/win_prob/H/CA/30/_work/2024_county_results_with_calcs_new.csv
[deleted] /home/ubuntu/apps/election-app/win_prob/H/CA/30/_work/output_statewide_stats.csv
[skip]    /home/ubuntu/apps/election-app/win_prob/H/CA/30/_work/probs_timeseries_PA.csv
[deleted] /home/ubuntu/apps/election-app/win_prob/H/CA/30/_work/2024_county_results_with_calcs.csv
[skip]    /home/ubuntu/apps/election-app/win_prob/H/CA/30/data_output.csv
[skip]    /home/ubuntu/apps/election-app/win_prob/H/CA/30/data_output_with_margins_old.csv
[skip]    /home/ubuntu/apps/election-app/win_prob/H/CA/30/data_output_with_margins.csv
[skip]    /home/ubuntu/apps/election-app/win_prob/H/CA/30/data_output_with_margins-statewide.csv
[deleted] /home/ubuntu/apps/election-app/win_prob/H/CA/30/snapshots_CA.csv
[deleted] /home/ubuntu/apps/election-app/win_prob/H/CA/30/data_output_CA_with_margins_statewide_eevp.csv
[deleted] /home/ubuntu/apps/election-app/win_prob/H/CA/30/data_output_CA_with_margins.csv
[deleted] /home/ubuntu/apps/election-app/win_prob/H/CA/30/data_output_CA.csv
[deleted] /home/ubuntu/apps/election-app/win_prob/H/CA/30/data_output_CA.csv.checkpoint.json
[deleted] /home/ubuntu/apps/election-app/win_prob/H/CA/30/stats.csv
[deleted] /home/ubuntu/apps/election-app/win_prob/H/CA/30/stats2.csv
[done] removed 16 file(s)
[2026-01-24 17:20:51] INFO: [PIPELINE] args: office=H state=CA district=30
[2026-01-24 17:20:51] INFO: [PIPELINE] WINPROB_DIR resolved to: /home/ubuntu/apps/election-app/win_prob/H/CA/30
[2026-01-24 17:20:51] INFO: [PIPELINE] OUTDIR set to: /home/ubuntu/apps/election-app/win_prob/H/CA/30

$ /home/ubuntu/.venv/bin/python3 /home/ubuntu/apps/election-app/stats/1-statewide.py --input /home/ubuntu/apps/election-app/win_prob/H/CA/30/stats.csv --output /home/ubuntu/apps/election-app/win_prob/H/CA/30/_work/stats_with_statewide.csv
Wrote /home/ubuntu/apps/election-app/win_prob/H/CA/30/_work/stats_with_statewide.csv (rows=1)

$ /home/ubuntu/.venv/bin/python3 /home/ubuntu/apps/election-app/stats/1-stats-2.py --input /home/ubuntu/apps/election-app/win_prob/H/CA/30/stats2.csv --output /home/ubuntu/apps/election-app/win_prob/H/CA/30/_work/stats2_final_headers.csv
Wrote /home/ubuntu/apps/election-app/win_prob/H/CA/30/_work/stats2_final_headers.csv (rows=1)

$ /home/ubuntu/.venv/bin/python3 /home/ubuntu/apps/election-app/stats/1-append-new.py
Wrote 2024_county_results_with_final-old.csv (rows=1, missing_final_matches=0)

$ /home/ubuntu/.venv/bin/python3 /home/ubuntu/apps/election-app/stats/1-change_header.py
Wrote: 2024_county_results_with_final.csv

$ /home/ubuntu/.venv/bin/python3 /home/ubuntu/apps/election-app/stats/1-cut-zero-fips.py
Wrote: 2024_county_results_with_final_1.csv
Rows before: 1
Rows after:  1
Dropped (fips == 0): 0

$ /home/ubuntu/.venv/bin/python3 /home/ubuntu/apps/election-app/stats/2-calc.py
Wrote 1 rows with calculations to /home/ubuntu/apps/election-app/win_prob/H/CA/30/_work/2024_county_results_with_calcs-old.csv

$ /home/ubuntu/.venv/bin/python3 /home/ubuntu/apps/election-app/stats/2-eevp.py
Wrote (no-op copy): 2024_county_results_with_calcs.csv
Columns:
 - timestamp
 - state
 - county
 - fips
 - trump_votes
 - harris_votes
 - other_votes
 - eevp
 - state_eevp
 - harris_votes_statewide
 - trump_votes_statewide
 - other_votes_statewide
 - final_state
 - final_county
 - final_fips
 - final_trump_votes
 - final_harris_votes
 - final_other_votes
 - harris_percent_snapshot
 - trump_percent_snapshot
 - margin_snapshot
 - harris_percent_final
 - trump_percent_final
 - margin_final
 - margin_difference
 - margin_difference_abs

$ /home/ubuntu/.venv/bin/python3 /home/ubuntu/apps/election-app/stats/3-calc-new.py
Wrote 1 rows with new columns to /home/ubuntu/apps/election-app/win_prob/H/CA/30/_work/2024_county_results_with_calcs_new.csv

$ /home/ubuntu/.venv/bin/python3 /home/ubuntu/apps/election-app/stats/4-stats.py
Reading 2024_county_results_with_calcs_new.csv...
Aggregating statewide totals...
Calculating percentages and margins...
Writing to output_statewide_stats.csv...
Done!
[2026-01-24 17:21:00] INFO: [PIPELINE] ENTER win-prob generation | states=['CA'] ts_list=['2024-11-05T15-30-22']

============================================================================
[01/1] STATE = CA
============================================================================

$ /home/ubuntu/.venv/bin/python3 /home/ubuntu/apps/election-app/stats/5-snapshots.py --state CA --input /home/ubuntu/apps/election-app/win_prob/H/CA/30/_work/output_statewide_stats.csv --output /home/ubuntu/apps/election-app/win_prob/H/CA/30/snapshots_CA.csv --start 2024-11-05T15-30-22 --end 2024-11-05T15-30-22 --use-window 1 --interval 30
Mode: windowed-one-state
Rows written: 1
Distinct states in output: CA
Rows per normalized timestamp (empty = unparseable):
  2024-11-05T15-30-22: 1
Wrote /home/ubuntu/apps/election-app/win_prob/H/CA/30/snapshots_CA.csv

$ /home/ubuntu/.venv/bin/python3 /home/ubuntu/apps/election-app/stats/6-pval.py /home/ubuntu/apps/election-app/win_prob/H/CA/30/snapshots_CA.csv -t /home/ubuntu/apps/election-app/stats/parameters.csv -o /home/ubuntu/apps/election-app/win_prob/H/CA/30/data_output_CA.csv -c 50
Done. Wrote: /home/ubuntu/apps/election-app/win_prob/H/CA/30/data_output_CA.csv
Total rows: 1 (chunked, resumable).
Computed columns for PVALS = [0.01, 0.1, 1, 2, 3, 5, 10, 15, 20, 25, 30, 35, 40, 45, 50, 55, 60, 65, 70, 75, 80, 85, 90, 95, 97, 98, 99, 99.9, 99.99]
Per p (leader): shift_{p}, margin_new_{p}, harris_percent_new_{p}, trump_percent_new_{p}, total_snapshot_{p}, total_expected_{p}, harris_votes_new_{p}, trump_votes_new_{p}
Per p (trailing): shift_trailing_{p}, margin_new_{p}_trailing, harris_percent_new_{p}_trailing, trump_percent_new_{p}_trailing, total_snapshot_{p}_trailing, total_expected_{p}_trailing, harris_votes_new_{p}_trailing, trump_votes_new_{p}_trailing
Checkpoint saved at: /home/ubuntu/apps/election-app/win_prob/H/CA/30/data_output_CA.csv.checkpoint.json

$ /home/ubuntu/.venv/bin/python3 /home/ubuntu/apps/election-app/stats/7-margin-new.py
Wrote data_output_with_margins_old.csv

$ /home/ubuntu/.venv/bin/python3 /home/ubuntu/apps/election-app/stats/7-eevp-statewide.py
Wrote data_output_with_margins.csv (copied from data_output_with_margins_old.csv)

$ /home/ubuntu/.venv/bin/python3 /home/ubuntu/apps/election-app/stats/7.py --input /home/ubuntu/apps/election-app/win_prob/H/CA/30/data_output_CA_with_margins_statewide_eevp.csv --output /home/ubuntu/apps/election-app/win_prob/H/CA/30/statewide_margin_pct_vs_percent_CA_2026.png --state CA --start 2024-11-05T15-30-22 --end 2024-11-05T15-30-22 --stats /home/ubuntu/apps/election-app/win_prob/H/CA/30/stats.csv --stats2 /home/ubuntu/apps/election-app/win_prob/H/CA/30/stats2.csv --interval 30 --year 2026 --jsonl /home/ubuntu/apps/election-app/win_prob/H/CA/30/plotdata_CA_2026_2026-01-24T17-20-51.jsonl
[info] evaluating 1 timestamps from 2024-11-05T15-30-22 to 2024-11-05T15-30-22 every 30 minutes
[saved] probs_timeseries_CA.csv  (1 points)
[saved] /home/ubuntu/apps/election-app/win_prob/H/CA/30/plotdata_CA_2026_2026-01-24T17-20-51.jsonl  (4 points)
[saved] /home/ubuntu/apps/election-app/win_prob/H/CA/30/statewide_margin_pct_vs_percent_CA_2026_box.json
[saved] /home/ubuntu/apps/election-app/win_prob/H/CA/30/statewide_margin_pct_vs_percent_CA_2026_box.png
[saved] /home/ubuntu/apps/election-app/win_prob/H/CA/30/statewide_margin_pct_vs_percent_CA_2026.png

All 50 states complete. See: /home/ubuntu/apps/election-app/win_prob/H/CA/30

$ /home/ubuntu/.venv/bin/python3 /home/ubuntu/apps/election-app/stats/8.py --root /home/ubuntu/apps/election-app/win_prob/H/CA/30/_work --outdir /home/ubuntu/apps/election-app/win_prob/H/CA/30
[info] root  = /home/ubuntu/apps/election-app/win_prob/H/CA/30/_work
[info] outdir= /home/ubuntu/apps/election-app/win_prob/H/CA/30
[deleted] /home/ubuntu/apps/election-app/win_prob/H/CA/30/_work/stats_with_statewide.csv
[deleted] /home/ubuntu/apps/election-app/win_prob/H/CA/30/_work/stats2_final_headers.csv
[deleted] /home/ubuntu/apps/election-app/win_prob/H/CA/30/_work/2024_county_results_with_final-old.csv
[deleted] /home/ubuntu/apps/election-app/win_prob/H/CA/30/_work/2024_county_results_with_final.csv
[deleted] /home/ubuntu/apps/election-app/win_prob/H/CA/30/_work/2024_county_results_with_final_1.csv
[deleted] /home/ubuntu/apps/election-app/win_prob/H/CA/30/_work/2024_county_results_with_calcs-old.csv
[deleted] /home/ubuntu/apps/election-app/win_prob/H/CA/30/_work/2024_county_results_with_calcs_new.csv
[deleted] /home/ubuntu/apps/election-app/win_prob/H/CA/30/_work/output_statewide_stats.csv
[skip]    /home/ubuntu/apps/election-app/win_prob/H/CA/30/_work/probs_timeseries_PA.csv
[deleted] /home/ubuntu/apps/election-app/win_prob/H/CA/30/_work/2024_county_results_with_calcs.csv
[skip]    /home/ubuntu/apps/election-app/win_prob/H/CA/30/data_output.csv
[skip]    /home/ubuntu/apps/election-app/win_prob/H/CA/30/data_output_with_margins_old.csv
[skip]    /home/ubuntu/apps/election-app/win_prob/H/CA/30/data_output_with_margins.csv
[skip]    /home/ubuntu/apps/election-app/win_prob/H/CA/30/data_output_with_margins-statewide.csv
[deleted] /home/ubuntu/apps/election-app/win_prob/H/CA/30/snapshots_CA.csv
[deleted] /home/ubuntu/apps/election-app/win_prob/H/CA/30/data_output_CA_with_margins_statewide_eevp.csv
[deleted] /home/ubuntu/apps/election-app/win_prob/H/CA/30/data_output_CA_with_margins.csv
[deleted] /home/ubuntu/apps/election-app/win_prob/H/CA/30/data_output_CA.csv
[deleted] /home/ubuntu/apps/election-app/win_prob/H/CA/30/data_output_CA.csv.checkpoint.json
[deleted] /home/ubuntu/apps/election-app/win_prob/H/CA/30/stats.csv
[deleted] /home/ubuntu/apps/election-app/win_prob/H/CA/30/stats2.csv
[done] removed 16 file(s)
[2026-01-24 17:34:34] INFO: [PIPELINE] args: office=H state=CA district=30
[2026-01-24 17:34:34] INFO: [PIPELINE] WINPROB_DIR resolved to: /home/ubuntu/apps/election-app/win_prob/H/CA/30
[2026-01-24 17:34:34] INFO: [PIPELINE] OUTDIR set to: /home/ubuntu/apps/election-app/win_prob/H/CA/30

$ /home/ubuntu/.venv/bin/python3 /home/ubuntu/apps/election-app/stats/1-statewide.py --input /home/ubuntu/apps/election-app/win_prob/H/CA/30/stats.csv --output /home/ubuntu/apps/election-app/win_prob/H/CA/30/_work/stats_with_statewide.csv
Wrote /home/ubuntu/apps/election-app/win_prob/H/CA/30/_work/stats_with_statewide.csv (rows=1)

$ /home/ubuntu/.venv/bin/python3 /home/ubuntu/apps/election-app/stats/1-stats-2.py --input /home/ubuntu/apps/election-app/win_prob/H/CA/30/stats2.csv --output /home/ubuntu/apps/election-app/win_prob/H/CA/30/_work/stats2_final_headers.csv
Wrote /home/ubuntu/apps/election-app/win_prob/H/CA/30/_work/stats2_final_headers.csv (rows=1)

$ /home/ubuntu/.venv/bin/python3 /home/ubuntu/apps/election-app/stats/1-append-new.py
Wrote 2024_county_results_with_final-old.csv (rows=1, missing_final_matches=0)

$ /home/ubuntu/.venv/bin/python3 /home/ubuntu/apps/election-app/stats/1-change_header.py
Wrote: 2024_county_results_with_final.csv

$ /home/ubuntu/.venv/bin/python3 /home/ubuntu/apps/election-app/stats/1-cut-zero-fips.py
Wrote: 2024_county_results_with_final_1.csv
Rows before: 1
Rows after:  1
Dropped (fips == 0): 0

$ /home/ubuntu/.venv/bin/python3 /home/ubuntu/apps/election-app/stats/2-calc.py
Wrote 1 rows with calculations to /home/ubuntu/apps/election-app/win_prob/H/CA/30/_work/2024_county_results_with_calcs-old.csv

$ /home/ubuntu/.venv/bin/python3 /home/ubuntu/apps/election-app/stats/2-eevp.py
Wrote (no-op copy): 2024_county_results_with_calcs.csv
Columns:
 - timestamp
 - state
 - county
 - fips
 - trump_votes
 - harris_votes
 - other_votes
 - eevp
 - state_eevp
 - harris_votes_statewide
 - trump_votes_statewide
 - other_votes_statewide
 - final_state
 - final_county
 - final_fips
 - final_trump_votes
 - final_harris_votes
 - final_other_votes
 - harris_percent_snapshot
 - trump_percent_snapshot
 - margin_snapshot
 - harris_percent_final
 - trump_percent_final
 - margin_final
 - margin_difference
 - margin_difference_abs

$ /home/ubuntu/.venv/bin/python3 /home/ubuntu/apps/election-app/stats/3-calc-new.py
Wrote 1 rows with new columns to /home/ubuntu/apps/election-app/win_prob/H/CA/30/_work/2024_county_results_with_calcs_new.csv

$ /home/ubuntu/.venv/bin/python3 /home/ubuntu/apps/election-app/stats/4-stats.py
Reading 2024_county_results_with_calcs_new.csv...
Aggregating statewide totals...
Calculating percentages and margins...
Writing to output_statewide_stats.csv...
Done!
[2026-01-24 17:34:43] INFO: [PIPELINE] ENTER win-prob generation | states=['CA'] ts_list=['2024-11-05T15-30-22']

============================================================================
[01/1] STATE = CA
============================================================================

$ /home/ubuntu/.venv/bin/python3 /home/ubuntu/apps/election-app/stats/5-snapshots.py --state CA --input /home/ubuntu/apps/election-app/win_prob/H/CA/30/_work/output_statewide_stats.csv --output /home/ubuntu/apps/election-app/win_prob/H/CA/30/snapshots_CA.csv --start 2024-11-05T15-30-22 --end 2024-11-05T15-30-22 --use-window 1 --interval 30
Mode: windowed-one-state
Rows written: 1
Distinct states in output: CA
Rows per normalized timestamp (empty = unparseable):
  2024-11-05T15-30-22: 1
Wrote /home/ubuntu/apps/election-app/win_prob/H/CA/30/snapshots_CA.csv

$ /home/ubuntu/.venv/bin/python3 /home/ubuntu/apps/election-app/stats/6-pval.py /home/ubuntu/apps/election-app/win_prob/H/CA/30/snapshots_CA.csv -t /home/ubuntu/apps/election-app/stats/parameters.csv -o /home/ubuntu/apps/election-app/win_prob/H/CA/30/data_output_CA.csv -c 50
Done. Wrote: /home/ubuntu/apps/election-app/win_prob/H/CA/30/data_output_CA.csv
Total rows: 1 (chunked, resumable).
Computed columns for PVALS = [0.01, 0.1, 1, 2, 3, 5, 10, 15, 20, 25, 30, 35, 40, 45, 50, 55, 60, 65, 70, 75, 80, 85, 90, 95, 97, 98, 99, 99.9, 99.99]
Per p (leader): shift_{p}, margin_new_{p}, harris_percent_new_{p}, trump_percent_new_{p}, total_snapshot_{p}, total_expected_{p}, harris_votes_new_{p}, trump_votes_new_{p}
Per p (trailing): shift_trailing_{p}, margin_new_{p}_trailing, harris_percent_new_{p}_trailing, trump_percent_new_{p}_trailing, total_snapshot_{p}_trailing, total_expected_{p}_trailing, harris_votes_new_{p}_trailing, trump_votes_new_{p}_trailing
Checkpoint saved at: /home/ubuntu/apps/election-app/win_prob/H/CA/30/data_output_CA.csv.checkpoint.json

$ /home/ubuntu/.venv/bin/python3 /home/ubuntu/apps/election-app/stats/7-margin-new.py
Wrote data_output_with_margins_old.csv

$ /home/ubuntu/.venv/bin/python3 /home/ubuntu/apps/election-app/stats/7-eevp-statewide.py
Wrote data_output_with_margins.csv (copied from data_output_with_margins_old.csv)

$ /home/ubuntu/.venv/bin/python3 /home/ubuntu/apps/election-app/stats/7.py --input /home/ubuntu/apps/election-app/win_prob/H/CA/30/data_output_CA_with_margins_statewide_eevp.csv --output /home/ubuntu/apps/election-app/win_prob/H/CA/30/statewide_margin_pct_vs_percent_CA_2026.png --state CA --start 2024-11-05T15-30-22 --end 2024-11-05T15-30-22 --stats /home/ubuntu/apps/election-app/win_prob/H/CA/30/stats.csv --stats2 /home/ubuntu/apps/election-app/win_prob/H/CA/30/stats2.csv --interval 30 --year 2026 --jsonl /home/ubuntu/apps/election-app/win_prob/H/CA/30/plotdata_CA_2026_2026-01-24T17-34-34.jsonl
[info] evaluating 1 timestamps from 2024-11-05T15-30-22 to 2024-11-05T15-30-22 every 30 minutes
[saved] probs_timeseries_CA.csv  (1 points)
[saved] /home/ubuntu/apps/election-app/win_prob/H/CA/30/plotdata_CA_2026_2026-01-24T17-34-34.jsonl  (4 points)
[saved] /home/ubuntu/apps/election-app/win_prob/H/CA/30/statewide_margin_pct_vs_percent_CA_2026_box.json
[saved] /home/ubuntu/apps/election-app/win_prob/H/CA/30/statewide_margin_pct_vs_percent_CA_2026_box.png
[saved] /home/ubuntu/apps/election-app/win_prob/H/CA/30/statewide_margin_pct_vs_percent_CA_2026.png

All 50 states complete. See: /home/ubuntu/apps/election-app/win_prob/H/CA/30

$ /home/ubuntu/.venv/bin/python3 /home/ubuntu/apps/election-app/stats/8.py --root /home/ubuntu/apps/election-app/win_prob/H/CA/30/_work --outdir /home/ubuntu/apps/election-app/win_prob/H/CA/30
[info] root  = /home/ubuntu/apps/election-app/win_prob/H/CA/30/_work
[info] outdir= /home/ubuntu/apps/election-app/win_prob/H/CA/30
[deleted] /home/ubuntu/apps/election-app/win_prob/H/CA/30/_work/stats_with_statewide.csv
[deleted] /home/ubuntu/apps/election-app/win_prob/H/CA/30/_work/stats2_final_headers.csv
[deleted] /home/ubuntu/apps/election-app/win_prob/H/CA/30/_work/2024_county_results_with_final-old.csv
[deleted] /home/ubuntu/apps/election-app/win_prob/H/CA/30/_work/2024_county_results_with_final.csv
[deleted] /home/ubuntu/apps/election-app/win_prob/H/CA/30/_work/2024_county_results_with_final_1.csv
[deleted] /home/ubuntu/apps/election-app/win_prob/H/CA/30/_work/2024_county_results_with_calcs-old.csv
[deleted] /home/ubuntu/apps/election-app/win_prob/H/CA/30/_work/2024_county_results_with_calcs_new.csv
[deleted] /home/ubuntu/apps/election-app/win_prob/H/CA/30/_work/output_statewide_stats.csv
[skip]    /home/ubuntu/apps/election-app/win_prob/H/CA/30/_work/probs_timeseries_PA.csv
[deleted] /home/ubuntu/apps/election-app/win_prob/H/CA/30/_work/2024_county_results_with_calcs.csv
[skip]    /home/ubuntu/apps/election-app/win_prob/H/CA/30/data_output.csv
[skip]    /home/ubuntu/apps/election-app/win_prob/H/CA/30/data_output_with_margins_old.csv
[skip]    /home/ubuntu/apps/election-app/win_prob/H/CA/30/data_output_with_margins.csv
[skip]    /home/ubuntu/apps/election-app/win_prob/H/CA/30/data_output_with_margins-statewide.csv
[deleted] /home/ubuntu/apps/election-app/win_prob/H/CA/30/snapshots_CA.csv
[deleted] /home/ubuntu/apps/election-app/win_prob/H/CA/30/data_output_CA_with_margins_statewide_eevp.csv
[deleted] /home/ubuntu/apps/election-app/win_prob/H/CA/30/data_output_CA_with_margins.csv
[deleted] /home/ubuntu/apps/election-app/win_prob/H/CA/30/data_output_CA.csv
[deleted] /home/ubuntu/apps/election-app/win_prob/H/CA/30/data_output_CA.csv.checkpoint.json
[deleted] /home/ubuntu/apps/election-app/win_prob/H/CA/30/stats.csv
[deleted] /home/ubuntu/apps/election-app/win_prob/H/CA/30/stats2.csv
[done] removed 16 file(s)
[2026-02-04 17:12:54] INFO: [PIPELINE] args: office=H state=CA district=30
[2026-02-04 17:12:54] INFO: [PIPELINE] WINPROB_DIR resolved to: /home/ubuntu/apps/election-app/win_prob/H/CA/30
[2026-02-04 17:12:54] INFO: [PIPELINE] OUTDIR set to: /home/ubuntu/apps/election-app/win_prob/H/CA/30

$ /home/ubuntu/.venv/bin/python3 /home/ubuntu/apps/election-app/stats/1-statewide.py --input /home/ubuntu/apps/election-app/win_prob/H/CA/30/stats.csv --output /home/ubuntu/apps/election-app/win_prob/H/CA/30/_work/stats_with_statewide.csv
Wrote /home/ubuntu/apps/election-app/win_prob/H/CA/30/_work/stats_with_statewide.csv (rows=1)

$ /home/ubuntu/.venv/bin/python3 /home/ubuntu/apps/election-app/stats/1-stats-2.py --input /home/ubuntu/apps/election-app/win_prob/H/CA/30/stats2.csv --output /home/ubuntu/apps/election-app/win_prob/H/CA/30/_work/stats2_final_headers.csv
Wrote /home/ubuntu/apps/election-app/win_prob/H/CA/30/_work/stats2_final_headers.csv (rows=1)

$ /home/ubuntu/.venv/bin/python3 /home/ubuntu/apps/election-app/stats/1-append-new.py
Wrote 2024_county_results_with_final-old.csv (rows=1, missing_final_matches=0)

$ /home/ubuntu/.venv/bin/python3 /home/ubuntu/apps/election-app/stats/1-change_header.py
Wrote: 2024_county_results_with_final.csv

$ /home/ubuntu/.venv/bin/python3 /home/ubuntu/apps/election-app/stats/1-cut-zero-fips.py
Wrote: 2024_county_results_with_final_1.csv
Rows before: 1
Rows after:  1
Dropped (fips == 0): 0

$ /home/ubuntu/.venv/bin/python3 /home/ubuntu/apps/election-app/stats/2-calc.py
Wrote 1 rows with calculations to /home/ubuntu/apps/election-app/win_prob/H/CA/30/_work/2024_county_results_with_calcs-old.csv

$ /home/ubuntu/.venv/bin/python3 /home/ubuntu/apps/election-app/stats/2-eevp.py
Wrote (no-op copy): 2024_county_results_with_calcs.csv
Columns:
 - timestamp
 - state
 - county
 - fips
 - trump_votes
 - harris_votes
 - other_votes
 - eevp
 - state_eevp
 - harris_votes_statewide
 - trump_votes_statewide
 - other_votes_statewide
 - final_state
 - final_county
 - final_fips
 - final_trump_votes
 - final_harris_votes
 - final_other_votes
 - harris_percent_snapshot
 - trump_percent_snapshot
 - margin_snapshot
 - harris_percent_final
 - trump_percent_final
 - margin_final
 - margin_difference
 - margin_difference_abs

$ /home/ubuntu/.venv/bin/python3 /home/ubuntu/apps/election-app/stats/3-calc-new.py
Wrote 1 rows with new columns to /home/ubuntu/apps/election-app/win_prob/H/CA/30/_work/2024_county_results_with_calcs_new.csv

$ /home/ubuntu/.venv/bin/python3 /home/ubuntu/apps/election-app/stats/4-stats.py
Reading 2024_county_results_with_calcs_new.csv...
Aggregating statewide totals...
Calculating percentages and margins...
Writing to output_statewide_stats.csv...
Done!
[2026-02-04 17:13:06] INFO: [PIPELINE] ENTER win-prob generation | states=['CA'] ts_list=['2024-11-05T15-30-22']

============================================================================
[01/1] STATE = CA
============================================================================

$ /home/ubuntu/.venv/bin/python3 /home/ubuntu/apps/election-app/stats/5-snapshots.py --state CA --input /home/ubuntu/apps/election-app/win_prob/H/CA/30/_work/output_statewide_stats.csv --output /home/ubuntu/apps/election-app/win_prob/H/CA/30/snapshots_CA.csv --start 2024-11-05T15-30-22 --end 2024-11-05T15-30-22 --use-window 1 --interval 30
Mode: windowed-one-state
Rows written: 1
Distinct states in output: CA
Rows per normalized timestamp (empty = unparseable):
  2024-11-05T15-30-22: 1
Wrote /home/ubuntu/apps/election-app/win_prob/H/CA/30/snapshots_CA.csv

$ /home/ubuntu/.venv/bin/python3 /home/ubuntu/apps/election-app/stats/6-pval.py /home/ubuntu/apps/election-app/win_prob/H/CA/30/snapshots_CA.csv -t /home/ubuntu/apps/election-app/stats/parameters.csv -o /home/ubuntu/apps/election-app/win_prob/H/CA/30/data_output_CA.csv -c 50
Done. Wrote: /home/ubuntu/apps/election-app/win_prob/H/CA/30/data_output_CA.csv
Total rows: 1 (chunked, resumable).
Computed columns for PVALS = [0.01, 0.1, 1, 2, 3, 5, 10, 15, 20, 25, 30, 35, 40, 45, 50, 55, 60, 65, 70, 75, 80, 85, 90, 95, 97, 98, 99, 99.9, 99.99]
Per p (leader): shift_{p}, margin_new_{p}, harris_percent_new_{p}, trump_percent_new_{p}, total_snapshot_{p}, total_expected_{p}, harris_votes_new_{p}, trump_votes_new_{p}
Per p (trailing): shift_trailing_{p}, margin_new_{p}_trailing, harris_percent_new_{p}_trailing, trump_percent_new_{p}_trailing, total_snapshot_{p}_trailing, total_expected_{p}_trailing, harris_votes_new_{p}_trailing, trump_votes_new_{p}_trailing
Checkpoint saved at: /home/ubuntu/apps/election-app/win_prob/H/CA/30/data_output_CA.csv.checkpoint.json

$ /home/ubuntu/.venv/bin/python3 /home/ubuntu/apps/election-app/stats/7-margin-new.py
Wrote data_output_with_margins_old.csv

$ /home/ubuntu/.venv/bin/python3 /home/ubuntu/apps/election-app/stats/7-eevp-statewide.py
Wrote data_output_with_margins.csv (copied from data_output_with_margins_old.csv)

$ /home/ubuntu/.venv/bin/python3 /home/ubuntu/apps/election-app/stats/7.py --input /home/ubuntu/apps/election-app/win_prob/H/CA/30/data_output_CA_with_margins_statewide_eevp.csv --output /home/ubuntu/apps/election-app/win_prob/H/CA/30/statewide_margin_pct_vs_percent_CA_2026.png --state CA --start 2024-11-05T15-30-22 --end 2024-11-05T15-30-22 --stats /home/ubuntu/apps/election-app/win_prob/H/CA/30/stats.csv --stats2 /home/ubuntu/apps/election-app/win_prob/H/CA/30/stats2.csv --interval 30 --year 2026 --jsonl /home/ubuntu/apps/election-app/win_prob/H/CA/30/plotdata_CA_2026_2026-02-04T17-12-54.jsonl
[info] evaluating 1 timestamps from 2024-11-05T15-30-22 to 2024-11-05T15-30-22 every 30 minutes
[saved] probs_timeseries_CA.csv  (1 points)
[saved] /home/ubuntu/apps/election-app/win_prob/H/CA/30/plotdata_CA_2026_2026-02-04T17-12-54.jsonl  (4 points)
[saved] /home/ubuntu/apps/election-app/win_prob/H/CA/30/statewide_margin_pct_vs_percent_CA_2026_box.json
[saved] /home/ubuntu/apps/election-app/win_prob/H/CA/30/statewide_margin_pct_vs_percent_CA_2026_box.png
[saved] /home/ubuntu/apps/election-app/win_prob/H/CA/30/statewide_margin_pct_vs_percent_CA_2026.png

All 50 states complete. See: /home/ubuntu/apps/election-app/win_prob/H/CA/30

$ /home/ubuntu/.venv/bin/python3 /home/ubuntu/apps/election-app/stats/8.py --root /home/ubuntu/apps/election-app/win_prob/H/CA/30/_work --outdir /home/ubuntu/apps/election-app/win_prob/H/CA/30
[info] root  = /home/ubuntu/apps/election-app/win_prob/H/CA/30/_work
[info] outdir= /home/ubuntu/apps/election-app/win_prob/H/CA/30
[deleted] /home/ubuntu/apps/election-app/win_prob/H/CA/30/_work/stats_with_statewide.csv
[deleted] /home/ubuntu/apps/election-app/win_prob/H/CA/30/_work/stats2_final_headers.csv
[deleted] /home/ubuntu/apps/election-app/win_prob/H/CA/30/_work/2024_county_results_with_final-old.csv
[deleted] /home/ubuntu/apps/election-app/win_prob/H/CA/30/_work/2024_county_results_with_final.csv
[deleted] /home/ubuntu/apps/election-app/win_prob/H/CA/30/_work/2024_county_results_with_final_1.csv
[deleted] /home/ubuntu/apps/election-app/win_prob/H/CA/30/_work/2024_county_results_with_calcs-old.csv
[deleted] /home/ubuntu/apps/election-app/win_prob/H/CA/30/_work/2024_county_results_with_calcs_new.csv
[deleted] /home/ubuntu/apps/election-app/win_prob/H/CA/30/_work/output_statewide_stats.csv
[skip]    /home/ubuntu/apps/election-app/win_prob/H/CA/30/_work/probs_timeseries_PA.csv
[deleted] /home/ubuntu/apps/election-app/win_prob/H/CA/30/_work/2024_county_results_with_calcs.csv
[skip]    /home/ubuntu/apps/election-app/win_prob/H/CA/30/data_output.csv
[skip]    /home/ubuntu/apps/election-app/win_prob/H/CA/30/data_output_with_margins_old.csv
[skip]    /home/ubuntu/apps/election-app/win_prob/H/CA/30/data_output_with_margins.csv
[skip]    /home/ubuntu/apps/election-app/win_prob/H/CA/30/data_output_with_margins-statewide.csv
[deleted] /home/ubuntu/apps/election-app/win_prob/H/CA/30/snapshots_CA.csv
[deleted] /home/ubuntu/apps/election-app/win_prob/H/CA/30/data_output_CA_with_margins_statewide_eevp.csv
[deleted] /home/ubuntu/apps/election-app/win_prob/H/CA/30/data_output_CA_with_margins.csv
[deleted] /home/ubuntu/apps/election-app/win_prob/H/CA/30/data_output_CA.csv
[deleted] /home/ubuntu/apps/election-app/win_prob/H/CA/30/data_output_CA.csv.checkpoint.json
[deleted] /home/ubuntu/apps/election-app/win_prob/H/CA/30/stats.csv
[deleted] /home/ubuntu/apps/election-app/win_prob/H/CA/30/stats2.csv
[done] removed 16 file(s)
